2026-10-07T12:38:23.0256124Z Current runner version: '2.337.0'
2026-10-07T12:38:23.0280941Z ##[group]Runner Image Provisioner
2026-10-07T12:38:23.0281819Z Hosted Compute Agent
2026-10-07T12:38:23.0282612Z Version: 20260901.588
2026-10-07T12:38:23.0283254Z Commit: f88ec8081b781fac6c440065ac7ff9e710ce3d0b
2026-10-07T12:38:23.0284076Z Build Date: 2026-09-01T19:56:44Z
2026-10-07T12:38:23.0284776Z Worker ID: {b61d73ef-8fe4-4d2c-aa87-2e52a2d20466}
2026-10-07T12:38:23.0285482Z Azure Region: westus3
2026-10-07T12:38:23.0286114Z ##[endgroup]
2026-10-07T12:38:23.0287698Z ##[group]Operating System
2026-10-07T12:38:23.0288465Z Ubuntu
2026-10-07T12:38:23.0289065Z 24.04.5
2026-10-07T12:38:23.0289579Z LTS
2026-10-07T12:38:23.0290173Z ##[endgroup]
2026-10-07T12:38:23.0290963Z ##[group]Runner Image
2026-10-07T12:38:23.0291675Z Image: ubuntu-24.04
2026-10-07T12:38:23.0292277Z Version: 20260927.320.1
2026-10-07T12:38:23.0293558Z Included Software: https://github.com/actions/runner-images/blob/ubuntu24/20260927.320/images/ubuntu/Ubuntu2404-Readme.md
2026-10-07T12:38:23.0295157Z Image Release: https://github.com/actions/runner-images/releases/tag/ubuntu24%2F20260927.320
2026-10-07T12:38:23.0296195Z ##[endgroup]
2026-10-07T12:38:23.0297278Z ##[group]GITHUB_TOKEN Permissions
2026-10-07T12:38:23.0299647Z Contents: read
2026-10-07T12:38:23.0300358Z Metadata: read
2026-10-07T12:38:23.0301310Z ##[endgroup]
2026-10-07T12:38:23.0303384Z Secret source: Actions
2026-10-07T12:38:23.0304394Z Cache mode: write
2026-10-07T12:38:23.0305117Z Prepare workflow directory
2026-10-07T12:38:23.0837532Z Prepare all required actions
2026-10-07T12:38:23.0885207Z Getting action download info
2026-10-07T12:38:23.3955669Z Download action repository 'actions/checkout@v4' (SHA:11d5960a326750d5838078e36cf38b85af677262)
2026-10-07T12:38:23.5079144Z Download action repository 'dtolnay/rust-toolchain@master' (SHA:7e38f4b43b4db5c8dd498af069a4f6196df1d067)
2026-10-07T12:38:23.8707027Z Uses: merely-made/.github/.github/workflows/wgpu-msrv.yml@refs/heads/main (0ecf5ddd3a74095590b62a3be5a895a13cb17e93)
2026-10-07T12:38:23.8711805Z ##[group] Inputs
2026-10-07T12:38:23.8712327Z   crate: scrying
2026-10-07T12:38:23.8712774Z   toolchain: 1.92.0
2026-10-07T12:38:23.8713317Z   os: ["ubuntu-latest", "macos-latest", "windows-latest"]
2026-10-07T12:38:23.8714016Z   wgpu-versions: ["wgpu-28", "wgpu-29", "wgpu-30"]
2026-10-07T12:38:23.8715007Z   run-library: true
2026-10-07T12:38:23.8715526Z   lib-args: --lib --no-default-features
2026-10-07T12:38:23.8716088Z   test-row: 
2026-10-07T12:38:23.8716513Z   rustflags: 
2026-10-07T12:38:23.8716935Z   extra-check: 
2026-10-07T12:38:23.8717399Z   extra-check-name: extra graph
2026-10-07T12:38:23.8717921Z   linux-apt-packages: 
2026-10-07T12:38:23.8719267Z   timeout-minutes: 45
2026-10-07T12:38:23.8719790Z ##[endgroup]
2026-10-07T12:38:23.8720402Z Complete job name: platform-api / Rust 1.92.0 / ubuntu-latest / wgpu-29
2026-10-07T12:38:23.9445576Z ##[group]Run actions/checkout@v4
2026-10-07T12:38:23.9446583Z with:
2026-10-07T12:38:23.9447049Z   repository: merely-made/wgpu-scry
2026-10-07T12:38:23.9452628Z   token: ***
2026-10-07T12:38:23.9453444Z   ssh-strict: true
2026-10-07T12:38:23.9454247Z   ssh-user: git
2026-10-07T12:38:23.9455079Z   persist-credentials: true
2026-10-07T12:38:23.9455716Z   clean: true
2026-10-07T12:38:23.9456165Z   sparse-checkout-cone-mode: true
2026-10-07T12:38:23.9456692Z   fetch-depth: 1
2026-10-07T12:38:23.9457121Z   fetch-tags: false
2026-10-07T12:38:23.9457835Z   show-progress: true
2026-10-07T12:38:23.9458536Z   lfs: false
2026-10-07T12:38:23.9458972Z   submodules: false
2026-10-07T12:38:23.9459432Z   set-safe-directory: true
2026-10-07T12:38:23.9459943Z   allow-unsafe-pr-checkout: false
2026-10-07T12:38:23.9461174Z env:
2026-10-07T12:38:23.9461735Z   CARGO_TERM_COLOR: always
2026-10-07T12:38:23.9462347Z   CARGO_NET_GIT_FETCH_WITH_CLI: true
2026-10-07T12:38:23.9463323Z   RUSTFLAGS: 
2026-10-07T12:38:23.9464194Z   RUSTUP_TOOLCHAIN: 1.92.0
2026-10-07T12:38:23.9465059Z ##[endgroup]
2026-10-07T12:38:24.0456518Z Syncing repository: merely-made/wgpu-scry
2026-10-07T12:38:24.0459241Z ##[group]Getting Git version info
2026-10-07T12:38:24.0460219Z Working directory is '/home/runner/work/wgpu-scry/wgpu-scry'
2026-10-07T12:38:24.0461619Z [command]/usr/bin/git version
2026-10-07T12:38:24.0560611Z git version 2.55.0
2026-10-07T12:38:24.0595007Z ##[endgroup]
2026-10-07T12:38:24.0606227Z Temporarily overriding HOME='/home/runner/work/_temp/e73b2bc8-2f91-4572-8ad7-06b031d2771b' before making global git config changes
2026-10-07T12:38:24.0608491Z Adding repository directory to the temporary git global config as a safe directory
2026-10-07T12:38:24.0610329Z [command]/usr/bin/git config --global --add safe.directory /home/runner/work/wgpu-scry/wgpu-scry
2026-10-07T12:38:24.0659247Z Deleting the contents of '/home/runner/work/wgpu-scry/wgpu-scry'
2026-10-07T12:38:24.0665051Z ##[group]Initializing the repository
2026-10-07T12:38:24.0668579Z [command]/usr/bin/git init /home/runner/work/wgpu-scry/wgpu-scry
2026-10-07T12:38:24.0785113Z hint: Using 'master' as the name for the initial branch. This default branch name
2026-10-07T12:38:24.0787458Z hint: will change to "main" in Git 3.0. To configure the initial branch name
2026-10-07T12:38:24.0793276Z hint: to use in all of your new repositories, which will suppress this warning,
2026-10-07T12:38:24.0797067Z hint: call:
2026-10-07T12:38:24.0798114Z hint:
2026-10-07T12:38:24.0799249Z hint: 	git config --global init.defaultBranch <name>
2026-10-07T12:38:24.0800472Z hint:
2026-10-07T12:38:24.0801918Z hint: Names commonly chosen instead of 'master' are 'main', 'trunk' and
2026-10-07T12:38:24.0803890Z hint: 'development'. The just-created branch can be renamed via this command:
2026-10-07T12:38:24.0805550Z hint:
2026-10-07T12:38:24.0806524Z hint: 	git branch -m <name>
2026-10-07T12:38:24.0807566Z hint:
2026-10-07T12:38:24.0808825Z hint: Disable this message with "git config set advice.defaultBranchName false"
2026-10-07T12:38:24.0811027Z Initialized empty Git repository in /home/runner/work/wgpu-scry/wgpu-scry/.git/
2026-10-07T12:38:24.0814779Z [command]/usr/bin/git remote add origin https://github.com/merely-made/wgpu-scry
2026-10-07T12:38:24.0863017Z ##[endgroup]
2026-10-07T12:38:24.0864545Z ##[group]Disabling automatic garbage collection
2026-10-07T12:38:24.0867757Z [command]/usr/bin/git config --local gc.auto 0
2026-10-07T12:38:24.0902020Z ##[endgroup]
2026-10-07T12:38:24.0903635Z ##[group]Setting up auth
2026-10-07T12:38:24.0911191Z [command]/usr/bin/git config --local --name-only --get-regexp core\.sshCommand
2026-10-07T12:38:24.0945976Z [command]/usr/bin/git submodule foreach --recursive sh -c "git config --local --name-only --get-regexp 'core\.sshCommand' && git config --local --unset-all 'core.sshCommand' || :"
2026-10-07T12:38:24.1350356Z [command]/usr/bin/git config --local --name-only --get-regexp http\.https\:\/\/github\.com\/\.extraheader
2026-10-07T12:38:24.1390027Z [command]/usr/bin/git submodule foreach --recursive sh -c "git config --local --name-only --get-regexp 'http\.https\:\/\/github\.com\/\.extraheader' && git config --local --unset-all 'http.https://github.com/.extraheader' || :"
2026-10-07T12:38:24.1674686Z [command]/usr/bin/git config --local --name-only --get-regexp ^includeIf\.gitdir:
2026-10-07T12:38:24.1711502Z [command]/usr/bin/git submodule foreach --recursive git config --local --show-origin --name-only --get-regexp remote.origin.url
2026-10-07T12:38:24.1935914Z [command]/usr/bin/git config --local http.https://github.com/.extraheader AUTHORIZATION: basic ***
2026-10-07T12:38:24.1978156Z ##[endgroup]
2026-10-07T12:38:24.1980205Z ##[group]Fetching the repository
2026-10-07T12:38:24.1989371Z [command]/usr/bin/git -c protocol.version=2 fetch --no-tags --prune --no-recurse-submodules --depth=1 origin +4771072a6827695dfaba9db104cd48b87e6cd543:refs/remotes/origin/main
2026-10-07T12:38:25.3141265Z From https://github.com/merely-made/wgpu-scry
2026-10-07T12:38:25.3144459Z  * [new ref]         4771072a6827695dfaba9db104cd48b87e6cd543 -> origin/main
2026-10-07T12:38:25.3152326Z ##[endgroup]
2026-10-07T12:38:25.3155387Z ##[group]Determining the checkout info
2026-10-07T12:38:25.3159082Z ##[endgroup]
2026-10-07T12:38:25.3161225Z [command]/usr/bin/git sparse-checkout disable
2026-10-07T12:38:25.3212302Z [command]/usr/bin/git config --local --unset-all extensions.worktreeConfig
2026-10-07T12:38:25.3244092Z ##[group]Checking out the ref
2026-10-07T12:38:25.3248119Z [command]/usr/bin/git checkout --progress --force -B main refs/remotes/origin/main
2026-10-07T12:38:25.3582755Z Switched to a new branch 'main'
2026-10-07T12:38:25.3588813Z branch 'main' set up to track 'origin/main'.
2026-10-07T12:38:25.3597716Z ##[endgroup]
2026-10-07T12:38:25.3652348Z [command]/usr/bin/git log -1 --format=%H
2026-10-07T12:38:25.3679556Z 4771072a6827695dfaba9db104cd48b87e6cd543
2026-10-07T12:38:25.4376079Z ##[group]Run dtolnay/rust-toolchain@master
2026-10-07T12:38:25.4377378Z with:
2026-10-07T12:38:25.4378257Z   toolchain: 1.92.0
2026-10-07T12:38:25.4379187Z env:
2026-10-07T12:38:25.4380051Z   CARGO_TERM_COLOR: always
2026-10-07T12:38:25.4381389Z   CARGO_NET_GIT_FETCH_WITH_CLI: true
2026-10-07T12:38:25.4448008Z   RUSTFLAGS: 
2026-10-07T12:38:25.4449122Z   RUSTUP_TOOLCHAIN: 1.92.0
2026-10-07T12:38:25.4450242Z ##[endgroup]
2026-10-07T12:38:25.4537282Z ##[start-action display=Parse toolchain version;id=__dtolnay_rust-toolchain.parse]
2026-10-07T12:38:25.4616325Z ##[group]Run if [[ -z $toolchain ]]; then
2026-10-07T12:38:25.4617680Z [36;1mif [[ -z $toolchain ]]; then[0m
2026-10-07T12:38:25.4619697Z [36;1m  # GitHub does not enforce `required: true` inputs itself. https://github.com/actions/runner/issues/1070[0m
2026-10-07T12:38:25.4622151Z [36;1m  echo "'toolchain' is a required input" >&2[0m
2026-10-07T12:38:25.4623472Z [36;1m  exit 1[0m
2026-10-07T12:38:25.4624901Z [36;1melif [[ $toolchain =~ ^stable' '[0-9]+' '(year|month|week|day)s?' 'ago$ ]]; then[0m
2026-10-07T12:38:25.4626636Z [36;1m  if [[ Linux == macOS ]]; then[0m
2026-10-07T12:38:25.4628712Z [36;1m    echo "toolchain=1.$((($(date -v-$(sed 's/stable \([0-9]*\) \(.\).*/\1\2/' <<< $toolchain) +%s)/60/60/24-16569)/7/6))" >> $GITHUB_OUTPUT[0m
2026-10-07T12:38:25.4630908Z [36;1m  else[0m
2026-10-07T12:38:25.4632565Z [36;1m    echo "toolchain=1.$((($(date --date "${toolchain#stable }" +%s)/60/60/24-16569)/7/6))" >> $GITHUB_OUTPUT[0m
2026-10-07T12:38:25.4634436Z [36;1m  fi[0m
2026-10-07T12:38:25.4635687Z [36;1melif [[ $toolchain =~ ^stable' 'minus' '[0-9]+' 'releases?$ ]]; then[0m
2026-10-07T12:38:25.4637796Z [36;1m  echo "toolchain=1.$((($(date +%s)/60/60/24-16569)/7/6-${toolchain//[^0-9]/}))" >> $GITHUB_OUTPUT[0m
2026-10-07T12:38:25.4639661Z [36;1melif [[ $toolchain =~ ^1\.[0-9]+$ ]]; then[0m
2026-10-07T12:38:25.4641895Z [36;1m  echo "toolchain=1.$((i=${toolchain#1.}, c=($(date +%s)/60/60/24-16569)/7/6, i+9*i*(10*i<=c)+90*i*(100*i<=c)))" >> $GITHUB_OUTPUT[0m
2026-10-07T12:38:25.4643920Z [36;1melse[0m
2026-10-07T12:38:25.4644975Z [36;1m  echo "toolchain=$toolchain" >> $GITHUB_OUTPUT[0m
2026-10-07T12:38:25.4646279Z [36;1mfi[0m
2026-10-07T12:38:25.4908608Z shell: /usr/bin/bash --noprofile --norc -e -o pipefail {0}
2026-10-07T12:38:25.4910295Z env:
2026-10-07T12:38:25.4911455Z   CARGO_TERM_COLOR: always
2026-10-07T12:38:25.4912671Z   CARGO_NET_GIT_FETCH_WITH_CLI: true
2026-10-07T12:38:25.4913942Z   RUSTFLAGS: 
2026-10-07T12:38:25.4914957Z   RUSTUP_TOOLCHAIN: 1.92.0
2026-10-07T12:38:25.4916096Z   toolchain: 1.92.0
2026-10-07T12:38:25.4917123Z ##[endgroup]
2026-10-07T12:38:25.5073625Z ##[end-action id=__dtolnay_rust-toolchain.parse;outcome=success;conclusion=success;duration_ms=53]
2026-10-07T12:38:25.5090249Z ##[start-action display=Construct rustup command line;id=__dtolnay_rust-toolchain.flags]
2026-10-07T12:38:25.5135081Z ##[group]Run echo "targets=$(for t in ${targets//,/ }; do echo -n ' --target' $t; done)" >> $GITHUB_OUTPUT
2026-10-07T12:38:25.5137613Z [36;1mecho "targets=$(for t in ${targets//,/ }; do echo -n ' --target' $t; done)" >> $GITHUB_OUTPUT[0m
2026-10-07T12:38:25.5140141Z [36;1mecho "components=$(for c in ${components//,/ }; do echo -n ' --component' $c; done)" >> $GITHUB_OUTPUT[0m
2026-10-07T12:38:25.5142819Z [36;1mecho "downgrade=" >> $GITHUB_OUTPUT[0m
2026-10-07T12:38:25.5201998Z shell: /usr/bin/bash --noprofile --norc -e -o pipefail {0}
2026-10-07T12:38:25.5203379Z env:
2026-10-07T12:38:25.5204218Z   CARGO_TERM_COLOR: always
2026-10-07T12:38:25.5205267Z   CARGO_NET_GIT_FETCH_WITH_CLI: true
2026-10-07T12:38:25.5206390Z   RUSTFLAGS: 
2026-10-07T12:38:25.5207277Z   RUSTUP_TOOLCHAIN: 1.92.0
2026-10-07T12:38:25.5208276Z   targets: 
2026-10-07T12:38:25.5209119Z   components: 
2026-10-07T12:38:25.5210000Z ##[endgroup]
2026-10-07T12:38:25.5324676Z ##[end-action id=__dtolnay_rust-toolchain.flags;outcome=success;conclusion=success;duration_ms=23]
2026-10-07T12:38:25.5331780Z ##[start-action display=Set $CARGO_HOME;id=__dtolnay_rust-toolchain.__run]
2026-10-07T12:38:25.5374361Z ##[group]Run echo CARGO_HOME=${CARGO_HOME:-"$HOME/.cargo"} >> $GITHUB_ENV
2026-10-07T12:38:25.5376179Z [36;1mecho CARGO_HOME=${CARGO_HOME:-"$HOME/.cargo"} >> $GITHUB_ENV[0m
2026-10-07T12:38:25.5435436Z shell: /usr/bin/bash --noprofile --norc -e -o pipefail {0}
2026-10-07T12:38:25.5436765Z env:
2026-10-07T12:38:25.5437607Z   CARGO_TERM_COLOR: always
2026-10-07T12:38:25.5438631Z   CARGO_NET_GIT_FETCH_WITH_CLI: true
2026-10-07T12:38:25.5439711Z   RUSTFLAGS: 
2026-10-07T12:38:25.5440872Z   RUSTUP_TOOLCHAIN: 1.92.0
2026-10-07T12:38:25.5441886Z ##[endgroup]
2026-10-07T12:38:25.5548995Z ##[end-action id=__dtolnay_rust-toolchain.__run;outcome=success;conclusion=success;duration_ms=21]
2026-10-07T12:38:25.5555929Z ##[start-action display=Install rustup if needed;id=__dtolnay_rust-toolchain.__run_2]
2026-10-07T12:38:25.5606862Z ##[group]Run if ! command -v rustup &>/dev/null; then
2026-10-07T12:38:25.5608259Z [36;1mif ! command -v rustup &>/dev/null; then[0m
2026-10-07T12:38:25.5611220Z [36;1m  curl --proto '=https' --tlsv1.2 --retry 10 --retry-connrefused --location --silent --show-error --fail https://sh.rustup.rs | sh -s -- --default-toolchain none -y[0m
2026-10-07T12:38:25.5613967Z [36;1m  echo "$CARGO_HOME/bin" >> $GITHUB_PATH[0m
2026-10-07T12:38:25.5615150Z [36;1mfi[0m
2026-10-07T12:38:25.5673740Z shell: /usr/bin/bash --noprofile --norc -e -o pipefail {0}
2026-10-07T12:38:25.5675063Z env:
2026-10-07T12:38:25.5675854Z   CARGO_TERM_COLOR: always
2026-10-07T12:38:25.5676849Z   CARGO_NET_GIT_FETCH_WITH_CLI: true
2026-10-07T12:38:25.5677896Z   RUSTFLAGS: 
2026-10-07T12:38:25.5678750Z   RUSTUP_TOOLCHAIN: 1.92.0
2026-10-07T12:38:25.5679731Z   CARGO_HOME: /home/runner/.cargo
2026-10-07T12:38:25.5681117Z ##[endgroup]
2026-10-07T12:38:25.5790833Z ##[end-action id=__dtolnay_rust-toolchain.__run_2;outcome=success;conclusion=success;duration_ms=23]
2026-10-07T12:38:25.5797457Z ##[start-action display=Install rustup if needed on windows;id=__dtolnay_rust-toolchain.__run_3]
2026-10-07T12:38:25.5811894Z ##[end-action id=__dtolnay_rust-toolchain.__run_3;outcome=skipped;conclusion=skipped;duration_ms=0]
2026-10-07T12:38:25.5827284Z ##[start-action display=rustup toolchain install 1.92.0;id=__dtolnay_rust-toolchain.__run_4]
2026-10-07T12:38:25.5869310Z ##[group]Run log=$(mktemp)
2026-10-07T12:38:25.5870309Z [36;1mlog=$(mktemp)[0m
2026-10-07T12:38:25.5871421Z [36;1mtrap 'rm -f "$log"' EXIT[0m
2026-10-07T12:38:25.5872486Z [36;1mfor attempt in 1 2 3 4 5; do[0m
2026-10-07T12:38:25.5874449Z [36;1m  if rustup toolchain install 1.92.0 --profile minimal --no-self-update --force-non-host 2>&1 | tee "$log"; then[0m
2026-10-07T12:38:25.5876446Z [36;1m    break[0m
2026-10-07T12:38:25.5877290Z [36;1m  else[0m
2026-10-07T12:38:25.5878120Z [36;1m    status=$?[0m
2026-10-07T12:38:25.5879018Z [36;1m  fi[0m
2026-10-07T12:38:25.5880153Z [36;1m  if [[ $attempt == 5 ]] || ! grep -Fq 'checksum failed for ' "$log" \[0m
2026-10-07T12:38:25.5882416Z [36;1m      || ! grep -Fq 'this is likely due to an ongoing update of the official release server' "$log"; then[0m
2026-10-07T12:38:25.5884246Z [36;1m    exit "$status"[0m
2026-10-07T12:38:25.5885189Z [36;1m  fi[0m
2026-10-07T12:38:25.5886576Z [36;1m  echo "Retrying rustup toolchain install in 30 seconds (retry $attempt of 4)" >&2[0m
2026-10-07T12:38:25.5888416Z [36;1m  sleep 30[0m
2026-10-07T12:38:25.5889288Z [36;1mdone[0m
2026-10-07T12:38:25.5948085Z shell: /usr/bin/bash --noprofile --norc -e -o pipefail {0}
2026-10-07T12:38:25.5949373Z env:
2026-10-07T12:38:25.5950166Z   CARGO_TERM_COLOR: always
2026-10-07T12:38:25.5951315Z   CARGO_NET_GIT_FETCH_WITH_CLI: true
2026-10-07T12:38:25.5952372Z   RUSTFLAGS: 
2026-10-07T12:38:25.5953222Z   RUSTUP_TOOLCHAIN: 1.92.0
2026-10-07T12:38:25.5954195Z   CARGO_HOME: /home/runner/.cargo
2026-10-07T12:38:25.5955239Z   RUSTUP_PERMIT_COPY_RENAME: 1
2026-10-07T12:38:25.5956213Z ##[endgroup]
2026-10-07T12:38:25.6438823Z info: syncing channel updates for 1.92.0-x86_64-unknown-linux-gnu
2026-10-07T12:38:25.8487697Z info: latest update on 2025-12-11 for version 1.92.0 (ded5c06cf 2025-12-08)
2026-10-07T12:38:25.8488680Z info: downloading 3 components
2026-10-07T12:38:33.1606035Z 
2026-10-07T12:38:33.1679571Z   1.92.0-x86_64-unknown-linux-gnu installed - rustc 1.92.0 (ded5c06cf 2025-12-08)
2026-10-07T12:38:33.1755649Z 
2026-10-07T12:38:33.1763626Z ##[end-action id=__dtolnay_rust-toolchain.__run_4;outcome=success;conclusion=success;duration_ms=7593]
2026-10-07T12:38:33.1772730Z ##[start-action display=rustup default 1.92.0;id=__dtolnay_rust-toolchain.__run_5]
2026-10-07T12:38:33.1798922Z ##[group]Run rustup default 1.92.0 --force-non-host
2026-10-07T12:38:33.1799348Z [36;1mrustup default 1.92.0 --force-non-host[0m
2026-10-07T12:38:33.1867097Z shell: /usr/bin/bash --noprofile --norc -e -o pipefail {0}
2026-10-07T12:38:33.1867519Z env:
2026-10-07T12:38:33.1867782Z   CARGO_TERM_COLOR: always
2026-10-07T12:38:33.1868098Z   CARGO_NET_GIT_FETCH_WITH_CLI: true
2026-10-07T12:38:33.1868430Z   RUSTFLAGS: 
2026-10-07T12:38:33.1868701Z   RUSTUP_TOOLCHAIN: 1.92.0
2026-10-07T12:38:33.1868996Z   CARGO_HOME: /home/runner/.cargo
2026-10-07T12:38:33.1869313Z ##[endgroup]
2026-10-07T12:38:33.2004937Z info: using existing install for 1.92.0-x86_64-unknown-linux-gnu
2026-10-07T12:38:33.2012183Z info: default toolchain set to 1.92.0-x86_64-unknown-linux-gnu
2026-10-07T12:38:33.2012749Z 
2026-10-07T12:38:33.2085107Z info: note that the toolchain '1.92.0-x86_64-unknown-linux-gnu' is currently in use (overridden by environment variable RUSTUP_TOOLCHAIN)
2026-10-07T12:38:33.2086352Z   1.92.0-x86_64-unknown-linux-gnu unchanged - rustc 1.92.0 (ded5c06cf 2025-12-08)
2026-10-07T12:38:33.2086766Z 
2026-10-07T12:38:33.2105071Z ##[end-action id=__dtolnay_rust-toolchain.__run_5;outcome=success;conclusion=success;duration_ms=33]
2026-10-07T12:38:33.2108369Z ##[start-action display=Create cachekey;id=__dtolnay_rust-toolchain.rustc-version]
2026-10-07T12:38:33.2134650Z ##[group]Run DATE=$(rustc +1.92.0 --version --verbose | sed -ne 's/^commit-date: \(20[0-9][0-9]\)-\([01][0-9]\)-\([0-3][0-9]\)$/\1\2\3/p')
2026-10-07T12:38:33.2135552Z [36;1mDATE=$(rustc +1.92.0 --version --verbose | sed -ne 's/^commit-date: \(20[0-9][0-9]\)-\([01][0-9]\)-\([0-3][0-9]\)$/\1\2\3/p')[0m
2026-10-07T12:38:33.2136274Z [36;1mHASH=$(rustc +1.92.0 --version --verbose | sed -ne 's/^commit-hash: //p')[0m
2026-10-07T12:38:33.2136824Z [36;1mecho "cachekey=$(echo $DATE$HASH | head -c12)" >> $GITHUB_OUTPUT[0m
2026-10-07T12:38:33.2205709Z shell: /usr/bin/bash --noprofile --norc -e -o pipefail {0}
2026-10-07T12:38:33.2206107Z env:
2026-10-07T12:38:33.2206372Z   CARGO_TERM_COLOR: always
2026-10-07T12:38:33.2206689Z   CARGO_NET_GIT_FETCH_WITH_CLI: true
2026-10-07T12:38:33.2206993Z   RUSTFLAGS: 
2026-10-07T12:38:33.2207259Z   RUSTUP_TOOLCHAIN: 1.92.0
2026-10-07T12:38:33.2207572Z   CARGO_HOME: /home/runner/.cargo
2026-10-07T12:38:33.2207913Z ##[endgroup]
2026-10-07T12:38:33.2569290Z ##[end-action id=__dtolnay_rust-toolchain.rustc-version;outcome=success;conclusion=success;duration_ms=45]
2026-10-07T12:38:33.2572952Z ##[start-action display=Disable incremental compilation;id=__dtolnay_rust-toolchain.__run_6]
2026-10-07T12:38:33.2596325Z ##[group]Run if [ -z "${CARGO_INCREMENTAL+set}" ]; then
2026-10-07T12:38:33.2596775Z [36;1mif [ -z "${CARGO_INCREMENTAL+set}" ]; then[0m
2026-10-07T12:38:33.2597388Z [36;1m  echo CARGO_INCREMENTAL=0 >> $GITHUB_ENV[0m
2026-10-07T12:38:33.2597725Z [36;1mfi[0m
2026-10-07T12:38:33.2670081Z shell: /usr/bin/bash --noprofile --norc -e -o pipefail {0}
2026-10-07T12:38:33.2670483Z env:
2026-10-07T12:38:33.2671018Z   CARGO_TERM_COLOR: always
2026-10-07T12:38:33.2671330Z   CARGO_NET_GIT_FETCH_WITH_CLI: true
2026-10-07T12:38:33.2671636Z   RUSTFLAGS: 
2026-10-07T12:38:33.2671891Z   RUSTUP_TOOLCHAIN: 1.92.0
2026-10-07T12:38:33.2672187Z   CARGO_HOME: /home/runner/.cargo
2026-10-07T12:38:33.2672490Z ##[endgroup]
2026-10-07T12:38:33.2794458Z ##[end-action id=__dtolnay_rust-toolchain.__run_6;outcome=success;conclusion=success;duration_ms=22]
2026-10-07T12:38:33.2797196Z ##[start-action display=Enable colors in Cargo output;id=__dtolnay_rust-toolchain.__run_7]
2026-10-07T12:38:33.2820184Z ##[group]Run if [ -z "${CARGO_TERM_COLOR+set}" ]; then
2026-10-07T12:38:33.2820619Z [36;1mif [ -z "${CARGO_TERM_COLOR+set}" ]; then[0m
2026-10-07T12:38:33.2821420Z [36;1m  echo CARGO_TERM_COLOR=always >> $GITHUB_ENV[0m
2026-10-07T12:38:33.2821769Z [36;1mfi[0m
2026-10-07T12:38:33.2888742Z shell: /usr/bin/bash --noprofile --norc -e -o pipefail {0}
2026-10-07T12:38:33.2889154Z env:
2026-10-07T12:38:33.2889404Z   CARGO_TERM_COLOR: always
2026-10-07T12:38:33.2889709Z   CARGO_NET_GIT_FETCH_WITH_CLI: true
2026-10-07T12:38:33.2890022Z   RUSTFLAGS: 
2026-10-07T12:38:33.2890276Z   RUSTUP_TOOLCHAIN: 1.92.0
2026-10-07T12:38:33.2890572Z   CARGO_HOME: /home/runner/.cargo
2026-10-07T12:38:33.2891029Z   CARGO_INCREMENTAL: 0
2026-10-07T12:38:33.2891302Z ##[endgroup]
2026-10-07T12:38:33.2984409Z ##[end-action id=__dtolnay_rust-toolchain.__run_7;outcome=success;conclusion=success;duration_ms=18]
2026-10-07T12:38:33.2986929Z ##[start-action display=Enable Cargo sparse registry;id=__dtolnay_rust-toolchain.__run_8]
2026-10-07T12:38:33.3011725Z ##[group]Run # implemented in 1.66, stabilized in 1.68, made default in 1.70
2026-10-07T12:38:33.3012313Z [36;1m# implemented in 1.66, stabilized in 1.68, made default in 1.70[0m
2026-10-07T12:38:33.3013102Z [36;1mif [ -z "${CARGO_REGISTRIES_CRATES_IO_PROTOCOL+set}" -o -f "/home/runner/work/_temp"/.implicit_cargo_registries_crates_io_protocol ]; then[0m
2026-10-07T12:38:33.3013894Z [36;1m  if rustc +1.92.0 --version --verbose | grep -q '^release: 1\.6[89]\.'; then[0m
2026-10-07T12:38:33.3014543Z [36;1m    touch "/home/runner/work/_temp"/.implicit_cargo_registries_crates_io_protocol || true[0m
2026-10-07T12:38:33.3015144Z [36;1m    echo CARGO_REGISTRIES_CRATES_IO_PROTOCOL=sparse >> $GITHUB_ENV[0m
2026-10-07T12:38:33.3015697Z [36;1m  elif rustc +1.92.0 --version --verbose | grep -q '^release: 1\.6[67]\.'; then[0m
2026-10-07T12:38:33.3016323Z [36;1m    touch "/home/runner/work/_temp"/.implicit_cargo_registries_crates_io_protocol || true[0m
2026-10-07T12:38:33.3016901Z [36;1m    echo CARGO_REGISTRIES_CRATES_IO_PROTOCOL=git >> $GITHUB_ENV[0m
2026-10-07T12:38:33.3017301Z [36;1m  fi[0m
2026-10-07T12:38:33.3017552Z [36;1mfi[0m
2026-10-07T12:38:33.3083363Z shell: /usr/bin/bash --noprofile --norc -e -o pipefail {0}
2026-10-07T12:38:33.3083759Z env:
2026-10-07T12:38:33.3084018Z   CARGO_TERM_COLOR: always
2026-10-07T12:38:33.3084308Z   CARGO_NET_GIT_FETCH_WITH_CLI: true
2026-10-07T12:38:33.3084612Z   RUSTFLAGS: 
2026-10-07T12:38:33.3084861Z   RUSTUP_TOOLCHAIN: 1.92.0
2026-10-07T12:38:33.3085151Z   CARGO_HOME: /home/runner/.cargo
2026-10-07T12:38:33.3085450Z   CARGO_INCREMENTAL: 0
2026-10-07T12:38:33.3085709Z ##[endgroup]
2026-10-07T12:38:33.3425126Z ##[end-action id=__dtolnay_rust-toolchain.__run_8;outcome=success;conclusion=success;duration_ms=43]
2026-10-07T12:38:33.3428277Z ##[start-action display=Work around spurious network errors in curl 8.0;id=__dtolnay_rust-toolchain.__run_9]
2026-10-07T12:38:33.3453450Z ##[group]Run # https://rust-lang.zulipchat.com/#narrow/stream/246057-t-cargo/topic/timeout.20investigation
2026-10-07T12:38:33.3454276Z [36;1m# https://rust-lang.zulipchat.com/#narrow/stream/246057-t-cargo/topic/timeout.20investigation[0m
2026-10-07T12:38:33.3455114Z [36;1mif rustc +1.92.0 --version --verbose | grep -q '^release: 1\.7[01]\.'; then[0m
2026-10-07T12:38:33.3455623Z [36;1m  echo CARGO_HTTP_MULTIPLEXING=false >> $GITHUB_ENV[0m
2026-10-07T12:38:33.3455996Z [36;1mfi[0m
2026-10-07T12:38:33.3527611Z shell: /usr/bin/bash --noprofile --norc -e -o pipefail {0}
2026-10-07T12:38:33.3528027Z env:
2026-10-07T12:38:33.3528275Z   CARGO_TERM_COLOR: always
2026-10-07T12:38:33.3528580Z   CARGO_NET_GIT_FETCH_WITH_CLI: true
2026-10-07T12:38:33.3528894Z   RUSTFLAGS: 
2026-10-07T12:38:33.3529153Z   RUSTUP_TOOLCHAIN: 1.92.0
2026-10-07T12:38:33.3529456Z   CARGO_HOME: /home/runner/.cargo
2026-10-07T12:38:33.3529933Z   CARGO_INCREMENTAL: 0
2026-10-07T12:38:33.3530212Z ##[endgroup]
2026-10-07T12:38:33.3742583Z ##[end-action id=__dtolnay_rust-toolchain.__run_9;outcome=success;conclusion=success;duration_ms=31]
2026-10-07T12:38:33.3747470Z ##[start-action display=rustc +1.92.0 --version --verbose;id=__dtolnay_rust-toolchain.__run_10]
2026-10-07T12:38:33.3798818Z ##[group]Run rustc +1.92.0 --version --verbose
2026-10-07T12:38:33.3799505Z [36;1mrustc +1.92.0 --version --verbose[0m
2026-10-07T12:38:33.3901299Z shell: /usr/bin/bash --noprofile --norc -e -o pipefail {0}
2026-10-07T12:38:33.3902012Z env:
2026-10-07T12:38:33.3902429Z   CARGO_TERM_COLOR: always
2026-10-07T12:38:33.3902938Z   CARGO_NET_GIT_FETCH_WITH_CLI: true
2026-10-07T12:38:33.3903479Z   RUSTFLAGS: 
2026-10-07T12:38:33.3903910Z   RUSTUP_TOOLCHAIN: 1.92.0
2026-10-07T12:38:33.3904413Z   CARGO_HOME: /home/runner/.cargo
2026-10-07T12:38:33.3904939Z   CARGO_INCREMENTAL: 0
2026-10-07T12:38:33.3905397Z ##[endgroup]
2026-10-07T12:38:33.4111916Z rustc 1.92.0 (ded5c06cf 2025-12-08)
2026-10-07T12:38:33.4113012Z binary: rustc
2026-10-07T12:38:33.4113883Z commit-hash: ded5c06cf21d2b93bffd5d884aa6e96934ee4234
2026-10-07T12:38:33.4114911Z commit-date: 2025-12-08
2026-10-07T12:38:33.4115692Z host: x86_64-unknown-linux-gnu
2026-10-07T12:38:33.4116502Z release: 1.92.0
2026-10-07T12:38:33.4117344Z LLVM version: 21.1.3
2026-10-07T12:38:33.4134983Z ##[end-action id=__dtolnay_rust-toolchain.__run_10;outcome=success;conclusion=success;duration_ms=38]
2026-10-07T12:38:33.4202480Z ##[group]Run rustc --version
2026-10-07T12:38:33.4202796Z [36;1mrustc --version[0m
2026-10-07T12:38:33.4203071Z [36;1mrustc --version | grep -q "1.92.0" || {[0m
2026-10-07T12:38:33.4203528Z [36;1m  echo "::error::Expected rustc 1.92.0; rust-toolchain.toml appears to have won."[0m
2026-10-07T12:38:33.4203946Z [36;1m  exit 1[0m
2026-10-07T12:38:33.4204143Z [36;1m}[0m
2026-10-07T12:38:33.4273065Z shell: /usr/bin/bash -e {0}
2026-10-07T12:38:33.4273332Z env:
2026-10-07T12:38:33.4273542Z   CARGO_TERM_COLOR: always
2026-10-07T12:38:33.4273802Z   CARGO_NET_GIT_FETCH_WITH_CLI: true
2026-10-07T12:38:33.4274080Z   RUSTFLAGS: 
2026-10-07T12:38:33.4274302Z   RUSTUP_TOOLCHAIN: 1.92.0
2026-10-07T12:38:33.4274558Z   CARGO_HOME: /home/runner/.cargo
2026-10-07T12:38:33.4274826Z   CARGO_INCREMENTAL: 0
2026-10-07T12:38:33.4275065Z ##[endgroup]
2026-10-07T12:38:33.4473525Z rustc 1.92.0 (ded5c06cf 2025-12-08)
2026-10-07T12:38:33.4640114Z ##[group]Run cargo check --locked -p scrying --lib --no-default-features --features wgpu-29
2026-10-07T12:38:33.4641123Z [36;1mcargo check --locked -p scrying --lib --no-default-features --features wgpu-29[0m
2026-10-07T12:38:33.4709348Z shell: /usr/bin/bash -e {0}
2026-10-07T12:38:33.4709617Z env:
2026-10-07T12:38:33.4709825Z   CARGO_TERM_COLOR: always
2026-10-07T12:38:33.4710089Z   CARGO_NET_GIT_FETCH_WITH_CLI: true
2026-10-07T12:38:33.4710366Z   RUSTFLAGS: 
2026-10-07T12:38:33.4710583Z   RUSTUP_TOOLCHAIN: 1.92.0
2026-10-07T12:38:33.4711113Z   CARGO_HOME: /home/runner/.cargo
2026-10-07T12:38:33.4711382Z   CARGO_INCREMENTAL: 0
2026-10-07T12:38:33.4711609Z ##[endgroup]
2026-10-07T12:38:33.5211891Z [1m[92m    Updating[0m crates.io index
2026-10-07T12:38:34.4185951Z [1m[92m Downloading[0m crates ...
2026-10-07T12:38:34.4811592Z [1m[92m  Downloaded[0m adler2 v2.0.1
2026-10-07T12:38:34.4904332Z [1m[92m  Downloaded[0m arrayvec v0.7.8
2026-10-07T12:38:34.4931183Z [1m[92m  Downloaded[0m approx v0.5.1
2026-10-07T12:38:34.4952122Z [1m[92m  Downloaded[0m aligned v0.4.3
2026-10-07T12:38:34.4967405Z [1m[92m  Downloaded[0m aligned-vec v0.6.4
2026-10-07T12:38:34.4983585Z [1m[92m  Downloaded[0m as-slice v0.2.1
2026-10-07T12:38:34.4996347Z [1m[92m  Downloaded[0m arg_enum_proc_macro v0.3.4
2026-10-07T12:38:34.5011511Z [1m[92m  Downloaded[0m anyhow v1.0.104
2026-10-07T12:38:34.5056112Z [1m[92m  Downloaded[0m gpu-descriptor-types v0.2.0
2026-10-07T12:38:34.5075998Z [1m[92m  Downloaded[0m color_quant v1.1.0
2026-10-07T12:38:34.5090199Z [1m[92m  Downloaded[0m by_address v1.2.1
2026-10-07T12:38:34.5160170Z [1m[92m  Downloaded[0m byteorder-lite v0.1.0
2026-10-07T12:38:34.5177168Z [1m[92m  Downloaded[0m profiling-procmacros v1.0.18
2026-10-07T12:38:34.5187709Z [1m[92m  Downloaded[0m rustc-hash v1.1.0
2026-10-07T12:38:34.5199479Z [1m[92m  Downloaded[0m renderdoc-sys v1.1.0
2026-10-07T12:38:34.5211553Z [1m[92m  Downloaded[0m bit_field v0.10.3
2026-10-07T12:38:34.5227334Z [1m[92m  Downloaded[0m reborrow v0.5.5
2026-10-07T12:38:34.5238972Z [1m[92m  Downloaded[0m noop_proc_macro v0.3.0
2026-10-07T12:38:34.5252192Z [1m[92m  Downloaded[0m proc-macro2 v1.0.107
2026-10-07T12:38:34.5288402Z [1m[92m  Downloaded[0m scopeguard v1.2.0
2026-10-07T12:38:34.5304010Z [1m[92m  Downloaded[0m stable_deref_trait v1.2.1
2026-10-07T12:38:34.5315172Z [1m[92m  Downloaded[0m loop9 v0.1.5
2026-10-07T12:38:34.5326435Z [1m[92m  Downloaded[0m lebe v0.5.3
2026-10-07T12:38:34.5343048Z [1m[92m  Downloaded[0m pastey v0.1.1
2026-10-07T12:38:34.5363247Z [1m[92m  Downloaded[0m new_debug_unreachable v1.0.6
2026-10-07T12:38:34.5376241Z [1m[92m  Downloaded[0m palette_math v0.7.7
2026-10-07T12:38:34.5396208Z [1m[92m  Downloaded[0m pulp-wasm-simd-flag v0.1.1
2026-10-07T12:38:34.5406957Z [1m[92m  Downloaded[0m maybe-rayon v0.1.1
2026-10-07T12:38:34.5419250Z [1m[92m  Downloaded[0m hexf-parse v0.2.1
2026-10-07T12:38:34.5428822Z [1m[92m  Downloaded[0m fax v0.2.7
2026-10-07T12:38:34.5454197Z [1m[92m  Downloaded[0m crossbeam-deque v0.8.7
2026-10-07T12:38:34.5473290Z [1m[92m  Downloaded[0m quick-error v2.0.1
2026-10-07T12:38:34.5488438Z [1m[92m  Downloaded[0m num-integer v0.1.47
2026-10-07T12:38:34.5510255Z [1m[92m  Downloaded[0m pkg-config v0.3.34
2026-10-07T12:38:34.5528138Z [1m[92m  Downloaded[0m gl_generator v0.14.0
2026-10-07T12:38:34.5547849Z [1m[92m  Downloaded[0m presser v0.3.1
2026-10-07T12:38:34.5568770Z [1m[92m  Downloaded[0m wayland-sys v0.31.11
2026-10-07T12:38:34.5589794Z [1m[92m  Downloaded[0m parking_lot_core v0.9.12
2026-10-07T12:38:34.5617622Z [1m[92m  Downloaded[0m once_cell v1.21.4
2026-10-07T12:38:34.5646836Z [1m[92m  Downloaded[0m log v0.4.34
2026-10-07T12:38:34.5678930Z [1m[92m  Downloaded[0m litrs v1.0.0
2026-10-07T12:38:34.5718673Z [1m[92m  Downloaded[0m wasm-bindgen-macro v0.2.127
2026-10-07T12:38:34.5730942Z [1m[92m  Downloaded[0m wasm-bindgen-shared v0.2.127
2026-10-07T12:38:34.5743050Z [1m[92m  Downloaded[0m miniz_oxide v0.9.1
2026-10-07T12:38:34.5776775Z [1m[92m  Downloaded[0m wgpu-core-deps-windows-linux-android v29.0.4
2026-10-07T12:38:34.5794870Z [1m[92m  Downloaded[0m quote v1.0.47
2026-10-07T12:38:34.5830114Z [1m[92m  Downloaded[0m static_assertions v1.1.0
2026-10-07T12:38:34.5848040Z [1m[92m  Downloaded[0m rgb v0.8.53
2026-10-07T12:38:34.5877608Z [1m[92m  Downloaded[0m glow v0.17.0
2026-10-07T12:38:34.5929684Z [1m[92m  Downloaded[0m wgpu-naga-bridge v29.0.4
2026-10-07T12:38:34.5941039Z [1m[92m  Downloaded[0m moxcms v0.8.1
2026-10-07T12:38:34.6061044Z [1m[92m  Downloaded[0m zune-core v0.5.3
2026-10-07T12:38:34.6092131Z [1m[92m  Downloaded[0m smallvec v1.15.2
2026-10-07T12:38:34.6112388Z [1m[92m  Downloaded[0m palette v0.7.7
2026-10-07T12:38:34.6244690Z [1m[92m  Downloaded[0m zune-inflate v0.2.54
2026-10-07T12:38:34.6263828Z [1m[92m  Downloaded[0m exr v1.74.2
2026-10-07T12:38:34.6380019Z [1m[92m  Downloaded[0m xml-rs v0.8.29
2026-10-07T12:38:34.6412528Z [1m[92m  Downloaded[0m rayon-core v1.13.0
2026-10-07T12:38:34.6452114Z [1m[92m  Downloaded[0m qoi v0.4.1
2026-10-07T12:38:34.6486300Z [1m[92m  Downloaded[0m wasm-bindgen v0.2.127
2026-10-07T12:38:34.6516043Z [1m[92m  Downloaded[0m serde v1.0.229
2026-10-07T12:38:34.6552979Z [1m[92m  Downloaded[0m ash v0.38.0+1.3.281
2026-10-07T12:38:34.6715232Z [1m[92m  Downloaded[0m zune-jpeg v0.5.15
2026-10-07T12:38:34.6754660Z [1m[92m  Downloaded[0m tiff v0.11.3
2026-10-07T12:38:34.6804602Z [1m[92m  Downloaded[0m zerocopy-derive v0.8.56
2026-10-07T12:38:34.6905058Z [1m[92m  Downloaded[0m wgpu-types v29.0.4
2026-10-07T12:38:34.6946044Z [1m[92m  Downloaded[0m raw-cpuid v11.6.0
2026-10-07T12:38:34.6980587Z [1m[92m  Downloaded[0m pulp v0.22.3
2026-10-07T12:38:34.7033734Z [1m[92m  Downloaded[0m khronos_api v3.1.0
2026-10-07T12:38:34.7218735Z [1m[92m  Downloaded[0m rayon v1.12.0
2026-10-07T12:38:34.7317683Z [1m[92m  Downloaded[0m zlib-rs v0.6.7
2026-10-07T12:38:34.7373840Z [1m[92m  Downloaded[0m wgpu v29.0.4
2026-10-07T12:38:34.7524661Z [1m[92m  Downloaded[0m wasm-bindgen-macro-support v0.2.127
2026-10-07T12:38:34.7548639Z [1m[92m  Downloaded[0m png v0.18.1
2026-10-07T12:38:34.7595735Z [1m[92m  Downloaded[0m zerocopy v0.8.56
2026-10-07T12:38:34.7819479Z [1m[92m  Downloaded[0m serde_derive v1.0.229
2026-10-07T12:38:34.7852358Z [1m[92m  Downloaded[0m unicode-width v0.2.2
2026-10-07T12:38:34.7908300Z [1m[92m  Downloaded[0m wgpu-core v29.0.4
2026-10-07T12:38:34.8002524Z [1m[92m  Downloaded[0m syn v2.0.119
2026-10-07T12:38:34.8110333Z [1m[92m  Downloaded[0m syn v3.0.4
2026-10-07T12:38:34.8218783Z [1m[92m  Downloaded[0m naga v29.0.4
2026-10-07T12:38:34.8430160Z [1m[92m  Downloaded[0m grafting v0.6.0
2026-10-07T12:38:34.8468080Z [1m[92m  Downloaded[0m wgpu-hal v29.0.4
2026-10-07T12:38:34.8579500Z [1m[92m  Downloaded[0m libc v0.2.189
2026-10-07T12:38:34.9042018Z [1m[92m  Downloaded[0m av-scenechange v0.14.1
2026-10-07T12:38:34.9152410Z [1m[92m  Downloaded[0m unicode-ident v1.0.24
2026-10-07T12:38:34.9181119Z [1m[92m  Downloaded[0m serde_core v1.0.229
2026-10-07T12:38:34.9208682Z [1m[92m  Downloaded[0m weezl v0.1.12
2026-10-07T12:38:34.9234215Z [1m[92m  Downloaded[0m spirv v0.4.0+sdk-1.4.341.0
2026-10-07T12:38:34.9246782Z [1m[92m  Downloaded[0m image v0.25.10
2026-10-07T12:38:34.9344035Z [1m[92m  Downloaded[0m y4m v0.8.0
2026-10-07T12:38:34.9356312Z [1m[92m  Downloaded[0m v_frame v0.3.9
2026-10-07T12:38:34.9373009Z [1m[92m  Downloaded[0m thiserror-impl v2.0.20
2026-10-07T12:38:34.9387966Z [1m[92m  Downloaded[0m thiserror v2.0.20
2026-10-07T12:38:34.9454658Z [1m[92m  Downloaded[0m termcolor v1.4.1
2026-10-07T12:38:34.9467751Z [1m[92m  Downloaded[0m simd-adler32 v0.3.10
2026-10-07T12:38:34.9487116Z [1m[92m  Downloaded[0m rustversion v1.0.23
2026-10-07T12:38:34.9517202Z [1m[92m  Downloaded[0m raw-window-handle v0.6.2
2026-10-07T12:38:34.9536357Z [1m[92m  Downloaded[0m ravif v0.13.0
2026-10-07T12:38:34.9548536Z [1m[92m  Downloaded[0m libm v0.2.16
2026-10-07T12:38:34.9661055Z [1m[92m  Downloaded[0m itertools v0.14.0
2026-10-07T12:38:34.9732371Z [1m[92m  Downloaded[0m hashbrown v0.17.1
2026-10-07T12:38:34.9785853Z [1m[92m  Downloaded[0m nom v8.0.0
2026-10-07T12:38:34.9840298Z [1m[92m  Downloaded[0m hashbrown v0.16.1
2026-10-07T12:38:34.9892807Z [1m[92m  Downloaded[0m hashbrown v0.15.5
2026-10-07T12:38:34.9944043Z [1m[92m  Downloaded[0m indexmap v2.14.1
2026-10-07T12:38:34.9988038Z [1m[92m  Downloaded[0m pxfm v0.1.30
2026-10-07T12:38:35.0244057Z [1m[92m  Downloaded[0m bumpalo v3.20.3
2026-10-07T12:38:35.0270895Z [1m[92m  Downloaded[0m simd_helpers v0.1.0
2026-10-07T12:38:35.0279886Z [1m[92m  Downloaded[0m num-bigint v0.4.8
2026-10-07T12:38:35.0328830Z [1m[92m  Downloaded[0m memchr v2.8.3
2026-10-07T12:38:35.0386611Z [1m[92m  Downloaded[0m image-webp v0.2.4
2026-10-07T12:38:35.0408766Z [1m[92m  Downloaded[0m flate2 v1.1.10
2026-10-07T12:38:35.0459840Z [1m[92m  Downloaded[0m miniz_oxide v0.8.9
2026-10-07T12:38:35.0485179Z [1m[92m  Downloaded[0m crossbeam-utils v0.8.22
2026-10-07T12:38:35.0514610Z [1m[92m  Downloaded[0m bytemuck v1.25.2
2026-10-07T12:38:35.0547580Z [1m[92m  Downloaded[0m bitflags v2.13.1
2026-10-07T12:38:35.0594949Z [1m[92m  Downloaded[0m half v2.7.1
2026-10-07T12:38:35.0623880Z [1m[92m  Downloaded[0m gpu-allocator v0.28.0
2026-10-07T12:38:35.0654817Z [1m[92m  Downloaded[0m codespan-reporting v0.13.1
2026-10-07T12:38:35.0732951Z [1m[92m  Downloaded[0m bitstream-io v4.10.0
2026-10-07T12:38:35.0761686Z [1m[92m  Downloaded[0m num-traits v0.2.19
2026-10-07T12:38:35.0788072Z [1m[92m  Downloaded[0m foldhash v0.1.5
2026-10-07T12:38:35.0800294Z [1m[92m  Downloaded[0m crc32fast v1.5.1
2026-10-07T12:38:35.0820962Z [1m[92m  Downloaded[0m built v0.8.1
2026-10-07T12:38:35.0841414Z [1m[92m  Downloaded[0m allocator-api2 v0.2.21
2026-10-07T12:38:35.0867675Z [1m[92m  Downloaded[0m parking_lot v0.12.5
2026-10-07T12:38:35.0893912Z [1m[92m  Downloaded[0m ordered-float v5.5.0
2026-10-07T12:38:35.0910928Z [1m[92m  Downloaded[0m no_std_io2 v0.9.4
2026-10-07T12:38:35.0930518Z [1m[92m  Downloaded[0m gif v0.14.2
2026-10-07T12:38:35.0948904Z [1m[92m  Downloaded[0m either v1.18.0
2026-10-07T12:38:35.0964744Z [1m[92m  Downloaded[0m crossbeam-epoch v0.9.20
2026-10-07T12:38:35.0990082Z [1m[92m  Downloaded[0m av1-grain v0.2.5
2026-10-07T12:38:35.1014566Z [1m[92m  Downloaded[0m version_check v0.9.5
2026-10-07T12:38:35.1028284Z [1m[92m  Downloaded[0m fdeflate v0.3.7
2026-10-07T12:38:35.1044388Z [1m[92m  Downloaded[0m palette_derive v0.7.7
2026-10-07T12:38:35.1063685Z [1m[92m  Downloaded[0m num-rational v0.4.2
2026-10-07T12:38:35.1076902Z [1m[92m  Downloaded[0m num-complex v0.4.6
2026-10-07T12:38:35.1091165Z [1m[92m  Downloaded[0m rav1e v0.8.1
2026-10-07T12:38:35.1434351Z [1m[92m  Downloaded[0m libloading v0.8.9
2026-10-07T12:38:35.1456773Z [1m[92m  Downloaded[0m khronos-egl v6.0.0
2026-10-07T12:38:35.1475584Z [1m[92m  Downloaded[0m imgref v1.12.3
2026-10-07T12:38:35.1486875Z [1m[92m  Downloaded[0m gpu-descriptor v0.3.2
2026-10-07T12:38:35.1494530Z [1m[92m  Downloaded[0m dpi v0.1.2
2026-10-07T12:38:35.1504633Z [1m[92m  Downloaded[0m paste v1.0.15
2026-10-07T12:38:35.1536838Z [1m[92m  Downloaded[0m num-derive v0.4.2
2026-10-07T12:38:35.1554177Z [1m[92m  Downloaded[0m lock_api v0.4.14
2026-10-07T12:38:35.1566386Z [1m[92m  Downloaded[0m foldhash v0.2.0
2026-10-07T12:38:35.1578464Z [1m[92m  Downloaded[0m bytemuck_derive v1.12.0
2026-10-07T12:38:35.1591430Z [1m[92m  Downloaded[0m bit-vec v0.9.1
2026-10-07T12:38:35.1607587Z [1m[92m  Downloaded[0m bit-set v0.9.1
2026-10-07T12:38:35.1621490Z [1m[92m  Downloaded[0m avif-serialize v0.8.9
2026-10-07T12:38:35.1631433Z [1m[92m  Downloaded[0m autocfg v1.5.1
2026-10-07T12:38:35.1650186Z [1m[92m  Downloaded[0m document-features v0.2.12
2026-10-07T12:38:35.1662541Z [1m[92m  Downloaded[0m memoffset v0.9.1
2026-10-07T12:38:35.1674722Z [1m[92m  Downloaded[0m equivalent v1.0.2
2026-10-07T12:38:35.1684238Z [1m[92m  Downloaded[0m equator-macro v0.4.2
2026-10-07T12:38:35.1691508Z [1m[92m  Downloaded[0m equator v0.4.2
2026-10-07T12:38:35.1705363Z [1m[92m  Downloaded[0m dlib v0.5.3
2026-10-07T12:38:35.1714831Z [1m[92m  Downloaded[0m cfg-if v1.0.4
2026-10-07T12:38:35.1727453Z [1m[92m  Downloaded[0m profiling v1.0.18
2026-10-07T12:38:35.1738913Z [1m[92m  Downloaded[0m cfg_aliases v0.2.2
2026-10-07T12:38:35.2244646Z [1m[92m   Compiling[0m proc-macro2 v1.0.107
2026-10-07T12:38:35.2245905Z [1m[92m   Compiling[0m quote v1.0.47
2026-10-07T12:38:35.2246711Z [1m[92m   Compiling[0m unicode-ident v1.0.24
2026-10-07T12:38:35.2247488Z [1m[92m    Checking[0m cfg-if v1.0.4
2026-10-07T12:38:35.2569946Z [1m[92m   Compiling[0m autocfg v1.5.1
2026-10-07T12:38:35.2987982Z [1m[92m   Compiling[0m libm v0.2.16
2026-10-07T12:38:35.4123225Z [1m[92m    Checking[0m bitflags v2.13.1
2026-10-07T12:38:35.5102708Z [1m[92m   Compiling[0m cfg_aliases v0.2.2
2026-10-07T12:38:35.5405742Z [1m[92m    Checking[0m log v0.4.34
2026-10-07T12:38:35.5633043Z [1m[92m   Compiling[0m num-traits v0.2.19
2026-10-07T12:38:35.6282375Z [1m[92m   Compiling[0m thiserror v2.0.20
2026-10-07T12:38:35.7272111Z [1m[92m   Compiling[0m libc v0.2.189
2026-10-07T12:38:35.9792104Z [1m[92m    Checking[0m arrayvec v0.7.8
2026-10-07T12:38:36.1022017Z [1m[92m   Compiling[0m syn v2.0.119
2026-10-07T12:38:36.1058327Z [1m[92m   Compiling[0m syn v3.0.4
2026-10-07T12:38:36.1362168Z [1m[92m   Compiling[0m zerocopy v0.8.56
2026-10-07T12:38:36.4162238Z [1m[92m   Compiling[0m crossbeam-utils v0.8.22
2026-10-07T12:38:36.8992224Z [1m[92m   Compiling[0m crossbeam-epoch v0.9.20
2026-10-07T12:38:37.3512310Z [1m[92m    Checking[0m libloading v0.8.9
2026-10-07T12:38:37.4352152Z [1m[92m   Compiling[0m pkg-config v0.3.34
2026-10-07T12:38:37.6336240Z [1m[92m    Checking[0m equivalent v1.0.2
2026-10-07T12:38:37.6692460Z [1m[92m   Compiling[0m crossbeam-deque v0.8.7
2026-10-07T12:38:37.9342253Z [1m[92m   Compiling[0m rayon-core v1.13.0
2026-10-07T12:38:37.9552632Z [1m[92m    Checking[0m foldhash v0.2.0
2026-10-07T12:38:38.0192174Z [1m[92m    Checking[0m smallvec v1.15.2
2026-10-07T12:38:38.0259669Z [1m[92m    Checking[0m simd-adler32 v0.3.10
2026-10-07T12:38:38.1150418Z [1m[92m    Checking[0m allocator-api2 v0.2.21
2026-10-07T12:38:38.2892037Z [1m[92m   Compiling[0m naga v29.0.4
2026-10-07T12:38:38.4049743Z [1m[92m    Checking[0m hashbrown v0.16.1
2026-10-07T12:38:38.4782402Z [1m[92m    Checking[0m hashbrown v0.17.1
2026-10-07T12:38:38.7416180Z [1m[92m   Compiling[0m thiserror-impl v2.0.20
2026-10-07T12:38:38.9159365Z [1m[92m   Compiling[0m bytemuck_derive v1.12.0
2026-10-07T12:38:38.9322158Z [1m[92m    Checking[0m unicode-width v0.2.2
2026-10-07T12:38:39.0942221Z [1m[92m    Checking[0m once_cell v1.21.4
2026-10-07T12:38:39.2002093Z [1m[92m   Compiling[0m ash v0.38.0+1.3.281
2026-10-07T12:38:39.2782139Z [1m[92m   Compiling[0m parking_lot_core v0.9.12
2026-10-07T12:38:39.4072179Z [1m[92m    Checking[0m bit-vec v0.9.1
2026-10-07T12:38:39.5442172Z [1m[92m    Checking[0m bit-set v0.9.1
2026-10-07T12:38:39.6510077Z [1m[92m    Checking[0m codespan-reporting v0.13.1
2026-10-07T12:38:39.8942452Z [1m[92m    Checking[0m indexmap v2.14.1
2026-10-07T12:38:40.0130642Z [1m[92m    Checking[0m bytemuck v1.25.2
2026-10-07T12:38:40.1896008Z [1m[92m   Compiling[0m wayland-sys v0.31.11
2026-10-07T12:38:40.2090079Z [1m[92m    Checking[0m num-integer v0.1.47
2026-10-07T12:38:40.2929185Z [1m[92m    Checking[0m spirv v0.4.0+sdk-1.4.341.0
2026-10-07T12:38:40.3942060Z [1m[92m    Checking[0m memchr v2.8.3
2026-10-07T12:38:40.4442320Z [1m[92m   Compiling[0m paste v1.0.15
2026-10-07T12:38:40.5922252Z [1m[92m    Checking[0m foldhash v0.1.5
2026-10-07T12:38:40.6693465Z [1m[92m    Checking[0m scopeguard v1.2.0
2026-10-07T12:38:40.7646880Z [1m[92m    Checking[0m adler2 v2.0.1
2026-10-07T12:38:40.7749678Z [1m[92m    Checking[0m either v1.18.0
2026-10-07T12:38:40.8193001Z [1m[92m    Checking[0m rustc-hash v1.1.0
2026-10-07T12:38:40.8545209Z [1m[92m    Checking[0m hexf-parse v0.2.1
2026-10-07T12:38:40.8662908Z [1m[92m   Compiling[0m zerocopy-derive v0.8.56
2026-10-07T12:38:40.9202856Z [1m[92m   Compiling[0m profiling-procmacros v1.0.18
2026-10-07T12:38:40.9247839Z [1m[92m   Compiling[0m equator-macro v0.4.2
2026-10-07T12:38:41.1231940Z [1m[92m    Checking[0m profiling v1.0.18
2026-10-07T12:38:41.1532234Z [1m[92m   Compiling[0m anyhow v1.0.104
2026-10-07T12:38:41.3312178Z [1m[92m   Compiling[0m khronos-egl v6.0.0
2026-10-07T12:38:41.4142778Z [1m[92m    Checking[0m raw-window-handle v0.6.2
2026-10-07T12:38:41.5053444Z [1m[92m    Checking[0m equator v0.4.2
2026-10-07T12:38:41.5430088Z [1m[92m    Checking[0m wgpu-types v29.0.4
2026-10-07T12:38:41.5671394Z [1m[92m    Checking[0m lock_api v0.4.14
2026-10-07T12:38:41.6581286Z [1m[92m    Checking[0m aligned-vec v0.6.4
2026-10-07T12:38:41.7362101Z [1m[92m    Checking[0m hashbrown v0.15.5
2026-10-07T12:38:41.7962325Z [1m[92m    Checking[0m num-bigint v0.4.8
2026-10-07T12:38:42.9470108Z [1m[92m    Checking[0m dlib v0.5.3
2026-10-07T12:38:42.9952049Z [1m[92m   Compiling[0m wgpu-hal v29.0.4
2026-10-07T12:38:43.2532219Z [1m[92m    Checking[0m gpu-descriptor-types v0.2.0
2026-10-07T12:38:43.3247900Z [1m[92m    Checking[0m stable_deref_trait v1.2.1
2026-10-07T12:38:43.3342042Z [1m[92m   Compiling[0m khronos_api v3.1.0
2026-10-07T12:38:43.3527782Z [1m[92m    Checking[0m presser v0.3.1
2026-10-07T12:38:43.4109565Z [1m[92m   Compiling[0m crc32fast v1.5.1
2026-10-07T12:38:43.4902348Z [1m[92m    Checking[0m as-slice v0.2.1
2026-10-07T12:38:43.5225943Z [1m[92m    Checking[0m gpu-descriptor v0.3.2
2026-10-07T12:38:43.6614394Z [1m[92m    Checking[0m parking_lot v0.12.5
2026-10-07T12:38:43.6702370Z [1m[92m    Checking[0m num-rational v0.4.2
2026-10-07T12:38:43.9299102Z [1m[92m    Checking[0m v_frame v0.3.9
2026-10-07T12:38:44.2062084Z [1m[92m    Checking[0m rayon v1.12.0
2026-10-07T12:38:44.4252691Z [1m[92m    Checking[0m ordered-float v5.5.0
2026-10-07T12:38:44.6408763Z [1m[92m    Checking[0m glow v0.17.0
2026-10-07T12:38:45.9214023Z [1m[92m   Compiling[0m av-scenechange v0.14.1
2026-10-07T12:38:45.9261988Z [1m[92m   Compiling[0m version_check v0.9.5
2026-10-07T12:38:45.9762383Z [1m[92m    Checking[0m half v2.7.1
2026-10-07T12:38:46.0262172Z [1m[92m    Checking[0m renderdoc-sys v1.1.0
2026-10-07T12:38:46.0762045Z [1m[92m   Compiling[0m built v0.8.1
2026-10-07T12:38:46.1713373Z [1m[92m   Compiling[0m pulp v0.22.3
2026-10-07T12:38:46.4632643Z [1m[92m    Checking[0m aligned v0.4.3
2026-10-07T12:38:46.5243670Z [1m[92m   Compiling[0m rav1e v0.8.1
2026-10-07T12:38:46.5913316Z [1m[92m   Compiling[0m arg_enum_proc_macro v0.3.4
2026-10-07T12:38:46.6502101Z [1m[92m    Checking[0m miniz_oxide v0.9.1
2026-10-07T12:38:46.9912227Z [1m[92m    Checking[0m nom v8.0.0
2026-10-07T12:38:47.0010048Z [1m[92m    Checking[0m no_std_io2 v0.9.4
2026-10-07T12:38:47.0322897Z [1m[92m   Compiling[0m wgpu-core v29.0.4
2026-10-07T12:38:47.2942115Z [1m[92m    Checking[0m y4m v0.8.0
2026-10-07T12:38:47.3812573Z [1m[92m   Compiling[0m xml-rs v0.8.29
2026-10-07T12:38:48.2872539Z [1m[92m   Compiling[0m litrs v1.0.0
2026-10-07T12:38:48.7472110Z [1m[92m   Compiling[0m pastey v0.1.1
2026-10-07T12:38:49.2272322Z [1m[92m    Checking[0m quick-error v2.0.1
2026-10-07T12:38:49.2662349Z [1m[92m   Compiling[0m gl_generator v0.14.0
2026-10-07T12:38:49.5382671Z [1m[92m    Checking[0m av1-grain v0.2.5
2026-10-07T12:38:49.9052545Z [1m[92m   Compiling[0m document-features v0.2.12
2026-10-07T12:38:50.2392267Z [1m[92m    Checking[0m bitstream-io v4.10.0
2026-10-07T12:38:50.3522453Z [1m[92m    Checking[0m flate2 v1.1.10
2026-10-07T12:38:50.6642430Z [1m[92m    Checking[0m maybe-rayon v0.1.1
2026-10-07T12:38:50.6899935Z [1m[92m    Checking[0m itertools v0.14.0
2026-10-07T12:38:50.7752718Z [1m[92m   Compiling[0m num-derive v0.4.2
2026-10-07T12:38:51.5972810Z [1m[92m    Checking[0m miniz_oxide v0.8.9
2026-10-07T12:38:51.8962715Z [1m[92m    Checking[0m num-complex v0.4.6
2026-10-07T12:38:51.9190050Z [1m[92m   Compiling[0m simd_helpers v0.1.0
2026-10-07T12:38:52.0938268Z [1m[92m   Compiling[0m wgpu v29.0.4
2026-10-07T12:38:52.2632684Z [1m[92m    Checking[0m raw-cpuid v11.6.0
2026-10-07T12:38:52.3849812Z [1m[92m    Checking[0m gpu-allocator v0.28.0
2026-10-07T12:38:52.5222331Z [1m[92m    Checking[0m imgref v1.12.3
2026-10-07T12:38:52.5854266Z [1m[92m    Checking[0m zune-core v0.5.3
2026-10-07T12:38:52.6502170Z [1m[92m    Checking[0m weezl v0.1.12
2026-10-07T12:38:52.7360992Z [1m[92m    Checking[0m new_debug_unreachable v1.0.6
2026-10-07T12:38:52.7662459Z [1m[92m    Checking[0m pulp-wasm-simd-flag v0.1.1
2026-10-07T12:38:52.7942163Z [1m[92m   Compiling[0m noop_proc_macro v0.3.0
2026-10-07T12:38:52.8438601Z [1m[92m    Checking[0m reborrow v0.5.5
2026-10-07T12:38:52.8882208Z [1m[92m    Checking[0m zune-jpeg v0.5.15
2026-10-07T12:38:53.4118274Z [1m[92m    Checking[0m loop9 v0.1.5
2026-10-07T12:38:53.4704470Z [1m[92m   Compiling[0m grafting v0.6.0
2026-10-07T12:38:53.6587469Z [1m[92m    Checking[0m wgpu-naga-bridge v29.0.4
2026-10-07T12:38:54.0892290Z [1m[92m    Checking[0m zune-inflate v0.2.54
2026-10-07T12:38:54.2192411Z [1m[92m    Checking[0m fdeflate v0.3.7
2026-10-07T12:38:54.4322096Z [1m[92m    Checking[0m avif-serialize v0.8.9
2026-10-07T12:38:54.6262235Z [1m[92m    Checking[0m pxfm v0.1.30
2026-10-07T12:38:56.0542795Z [1m[92m    Checking[0m wgpu-core-deps-windows-linux-android v29.0.4
2026-10-07T12:38:56.6632641Z [1m[92m    Checking[0m bit_field v0.10.3
2026-10-07T12:38:56.7442324Z [1m[92m    Checking[0m byteorder-lite v0.1.0
2026-10-07T12:38:56.9552005Z [1m[92m    Checking[0m rgb v0.8.53
2026-10-07T12:38:56.9792859Z [1m[92m    Checking[0m fax v0.2.7
2026-10-07T12:38:57.0502686Z [1m[92m    Checking[0m static_assertions v1.1.0
2026-10-07T12:38:57.0909976Z [1m[92m    Checking[0m color_quant v1.1.0
2026-10-07T12:38:57.1871879Z [1m[92m    Checking[0m lebe v0.5.3
2026-10-07T12:38:57.2262137Z [1m[92m   Compiling[0m by_address v1.2.1
2026-10-07T12:38:57.2412158Z [1m[92m    Checking[0m ravif v0.13.0
2026-10-07T12:38:57.2773340Z [1m[92m   Compiling[0m palette_derive v0.7.7
2026-10-07T12:38:57.2942598Z [1m[92m    Checking[0m exr v1.74.2
2026-10-07T12:38:57.3828152Z [1m[92m    Checking[0m gif v0.14.2
2026-10-07T12:38:57.6392582Z [1m[92m    Checking[0m tiff v0.11.3
2026-10-07T12:38:58.1122118Z [1m[92m    Checking[0m image-webp v0.2.4
2026-10-07T12:38:58.5742596Z [1m[92m    Checking[0m moxcms v0.8.1
2026-10-07T12:38:58.9352615Z [1m[92m    Checking[0m png v0.18.1
2026-10-07T12:38:59.6462649Z [1m[92m    Checking[0m qoi v0.4.1
2026-10-07T12:38:59.7737772Z [1m[92m   Compiling[0m scrying v0.7.1 (/home/runner/work/wgpu-scry/wgpu-scry/scrying)
2026-10-07T12:38:59.8692611Z [1m[92m    Checking[0m dpi v0.1.2
2026-10-07T12:38:59.8792020Z [1m[92m    Checking[0m palette_math v0.7.7
2026-10-07T12:38:59.9662462Z [1m[92m    Checking[0m palette v0.7.7
2026-10-07T12:39:01.1271341Z [1m[92m    Checking[0m image v0.25.10
2026-10-07T12:39:04.1840407Z [1m[92m    Finished[0m `dev` profile [unoptimized + debuginfo] target(s) in 30.69s
2026-10-07T12:39:04.2623872Z Post job cleanup.
2026-10-07T12:39:04.3489789Z [command]/usr/bin/git version
2026-10-07T12:39:04.3531028Z git version 2.55.0
2026-10-07T12:39:04.3569558Z Temporarily overriding HOME='/home/runner/work/_temp/38184507-7970-4bff-8e34-9cd498ee1b28' before making global git config changes
2026-10-07T12:39:04.3571147Z Adding repository directory to the temporary git global config as a safe directory
2026-10-07T12:39:04.3575484Z [command]/usr/bin/git config --global --add safe.directory /home/runner/work/wgpu-scry/wgpu-scry
2026-10-07T12:39:04.3614332Z [command]/usr/bin/git config --local --name-only --get-regexp core\.sshCommand
2026-10-07T12:39:04.3651268Z [command]/usr/bin/git submodule foreach --recursive sh -c "git config --local --name-only --get-regexp 'core\.sshCommand' && git config --local --unset-all 'core.sshCommand' || :"
2026-10-07T12:39:04.3893631Z [command]/usr/bin/git config --local --name-only --get-regexp http\.https\:\/\/github\.com\/\.extraheader
2026-10-07T12:39:04.3922999Z http.https://github.com/.extraheader
2026-10-07T12:39:04.3933794Z [command]/usr/bin/git config --local --unset-all http.https://github.com/.extraheader
2026-10-07T12:39:04.3970523Z [command]/usr/bin/git submodule foreach --recursive sh -c "git config --local --name-only --get-regexp 'http\.https\:\/\/github\.com\/\.extraheader' && git config --local --unset-all 'http.https://github.com/.extraheader' || :"
2026-10-07T12:39:04.4232065Z [command]/usr/bin/git config --local --name-only --get-regexp ^includeIf\.gitdir:
2026-10-07T12:39:04.4275334Z [command]/usr/bin/git submodule foreach --recursive git config --local --show-origin --name-only --get-regexp remote.origin.url
2026-10-07T12:39:04.4690292Z Cleaning up orphan processes
2026-10-07T12:39:04.4987086Z ##[warning]Node.js 20 is deprecated. The following actions target Node.js 20 but are being forced to run on Node.js 24: actions/checkout@v4. For more information see: https://github.blog/changelog/2025-09-19-deprecation-of-node-20-on-github-actions-runners/
