    Updating crates.io index
     Locking 3 packages to latest compatible versions
      Adding itoa v1.0.18
      Adding serde_json v1.0.151
      Adding zmij v1.0.23
 Downloading crates ...
  Downloaded glib-sys v0.18.1
  Downloaded proc-macro-crate v2.0.2
  Downloaded proc-macro-error-attr v1.0.4
  Downloaded toml_datetime v0.6.3
  Downloaded gobject-sys v0.18.0
  Downloaded gio-sys v0.18.1
  Downloaded proc-macro-error v1.0.4
  Downloaded system-deps v6.2.2
  Downloaded cfg-expr v0.15.8
  Downloaded target-lexicon v0.12.16
  Downloaded glib-macros v0.18.5
  Downloaded toml v0.8.2
  Downloaded toml_edit v0.20.2
  Downloaded winnow v0.5.40
  Downloaded glib v0.18.5
