2026-10-07T12:38:26.5383270Z Current runner version: '2.337.0'
2026-10-07T12:38:26.5506160Z ##[group]Runner Image Provisioner
2026-10-07T12:38:26.5506860Z Hosted Compute Agent
2026-10-07T12:38:26.5507230Z Version: 20260828.587
2026-10-07T12:38:26.5507640Z Commit: abac92662cab4cc7352de4f9f9d2e2419aad9c29
2026-10-07T12:38:26.5508100Z Build Date: 2026-08-28T16:44:25Z
2026-10-07T12:38:26.5508540Z Worker ID: {e4e91e52-9dee-42fc-b079-88772ff5ed91}
2026-10-07T12:38:26.5509000Z Azure Region: westus
2026-10-07T12:38:26.5509370Z ##[endgroup]
2026-10-07T12:38:26.5510350Z ##[group]Operating System
2026-10-07T12:38:26.5510730Z macOS
2026-10-07T12:38:26.5511060Z 26.6.2
2026-10-07T12:38:26.5511370Z 25G83
2026-10-07T12:38:26.5511710Z ##[endgroup]
2026-10-07T12:38:26.5512060Z ##[group]Runner Image
2026-10-07T12:38:26.5512440Z Image: macos-26-arm64
2026-10-07T12:38:26.5512800Z Version: 20260907.0351.1
2026-10-07T12:38:26.5513810Z Included Software: https://github.com/actions/runner-images/blob/macos-26-arm64/20260907.0351/images/macos/macos-26-arm64-Readme.md
2026-10-07T12:38:26.5520560Z Image Release: https://github.com/actions/runner-images/releases/tag/macos-26-arm64%2F20260907.0351
2026-10-07T12:38:26.5522440Z ##[endgroup]
2026-10-07T12:38:26.5525700Z ##[group]GITHUB_TOKEN Permissions
2026-10-07T12:38:26.5529980Z Contents: read
2026-10-07T12:38:26.5531020Z Metadata: read
2026-10-07T12:38:26.5532030Z ##[endgroup]
2026-10-07T12:38:26.5536190Z Secret source: Actions
2026-10-07T12:38:26.5537880Z Cache mode: write
2026-10-07T12:38:26.5539510Z Prepare workflow directory
2026-10-07T12:38:26.6484890Z Prepare all required actions
2026-10-07T12:38:26.6525200Z Getting action download info
2026-10-07T12:38:27.0830520Z Download action repository 'actions/checkout@v4' (SHA:11d5960a326750d5838078e36cf38b85af677262)
2026-10-07T12:38:27.3603070Z Download action repository 'dtolnay/rust-toolchain@master' (SHA:7e38f4b43b4db5c8dd498af069a4f6196df1d067)
2026-10-07T12:38:27.8020850Z Uses: merely-made/.github/.github/workflows/wgpu-msrv.yml@refs/heads/main (0ecf5ddd3a74095590b62a3be5a895a13cb17e93)
2026-10-07T12:38:27.8024050Z ##[group] Inputs
2026-10-07T12:38:27.8024570Z   crate: scrying
2026-10-07T12:38:27.8025080Z   toolchain: 1.92.0
2026-10-07T12:38:27.8025630Z   os: ["ubuntu-latest", "macos-latest", "windows-latest"]
2026-10-07T12:38:27.8026160Z   wgpu-versions: ["wgpu-28", "wgpu-29", "wgpu-30"]
2026-10-07T12:38:27.8026870Z   run-library: true
2026-10-07T12:38:27.8027250Z   lib-args: --lib --no-default-features
2026-10-07T12:38:27.8027690Z   test-row: 
2026-10-07T12:38:27.8028100Z   rustflags: 
2026-10-07T12:38:27.8028520Z   extra-check: 
2026-10-07T12:38:27.8045970Z   extra-check-name: extra graph
2026-10-07T12:38:27.8046380Z   linux-apt-packages: 
2026-10-07T12:38:27.8047510Z   timeout-minutes: 45
2026-10-07T12:38:27.8047890Z ##[endgroup]
2026-10-07T12:38:27.8048330Z Complete job name: platform-api / Rust 1.92.0 / macos-latest / wgpu-29
2026-10-07T12:38:27.8483700Z ##[group]Run actions/checkout@v4
2026-10-07T12:38:27.8484290Z with:
2026-10-07T12:38:27.8484620Z   repository: merely-made/wgpu-scry
2026-10-07T12:38:27.8487760Z   token: ***
2026-10-07T12:38:27.8488150Z   ssh-strict: true
2026-10-07T12:38:27.8488510Z   ssh-user: git
2026-10-07T12:38:27.8488920Z   persist-credentials: true
2026-10-07T12:38:27.8489290Z   clean: true
2026-10-07T12:38:27.8489770Z   sparse-checkout-cone-mode: true
2026-10-07T12:38:27.8490240Z   fetch-depth: 1
2026-10-07T12:38:27.8490630Z   fetch-tags: false
2026-10-07T12:38:27.8490960Z   show-progress: true
2026-10-07T12:38:27.8491290Z   lfs: false
2026-10-07T12:38:27.8491590Z   submodules: false
2026-10-07T12:38:27.8491930Z   set-safe-directory: true
2026-10-07T12:38:27.8492300Z   allow-unsafe-pr-checkout: false
2026-10-07T12:38:27.8492950Z env:
2026-10-07T12:38:27.8493360Z   CARGO_TERM_COLOR: always
2026-10-07T12:38:27.8493900Z   CARGO_NET_GIT_FETCH_WITH_CLI: true
2026-10-07T12:38:27.8494360Z   RUSTFLAGS: 
2026-10-07T12:38:27.8494760Z   RUSTUP_TOOLCHAIN: 1.92.0
2026-10-07T12:38:27.8495120Z ##[endgroup]
2026-10-07T12:38:28.1697800Z Syncing repository: merely-made/wgpu-scry
2026-10-07T12:38:28.1700140Z ##[group]Getting Git version info
2026-10-07T12:38:28.1700670Z Working directory is '/Users/runner/work/wgpu-scry/wgpu-scry'
2026-10-07T12:38:28.1701540Z [command]/opt/homebrew/bin/git version
2026-10-07T12:38:28.2185270Z git version 2.55.0
2026-10-07T12:38:28.2197040Z ##[endgroup]
2026-10-07T12:38:28.2204660Z Copying '/Users/runner/.gitconfig' to '/Users/runner/work/_temp/d45d82df-7f81-4ecf-b832-4dd1b5c76865/.gitconfig'
2026-10-07T12:38:28.2212420Z Temporarily overriding HOME='/Users/runner/work/_temp/d45d82df-7f81-4ecf-b832-4dd1b5c76865' before making global git config changes
2026-10-07T12:38:28.2213580Z Adding repository directory to the temporary git global config as a safe directory
2026-10-07T12:38:28.2216800Z [command]/opt/homebrew/bin/git config --global --add safe.directory /Users/runner/work/wgpu-scry/wgpu-scry
2026-10-07T12:38:28.2327200Z Deleting the contents of '/Users/runner/work/wgpu-scry/wgpu-scry'
2026-10-07T12:38:28.2329670Z ##[group]Initializing the repository
2026-10-07T12:38:28.2333510Z [command]/opt/homebrew/bin/git init /Users/runner/work/wgpu-scry/wgpu-scry
2026-10-07T12:38:28.2541430Z hint: Using 'master' as the name for the initial branch. This default branch name
2026-10-07T12:38:28.2542760Z hint: will change to "main" in Git 3.0. To configure the initial branch name
2026-10-07T12:38:28.2545270Z hint: to use in all of your new repositories, which will suppress this warning,
2026-10-07T12:38:28.2546350Z hint: call:
2026-10-07T12:38:28.2546840Z hint:
2026-10-07T12:38:28.2547340Z hint: 	git config --global init.defaultBranch <name>
2026-10-07T12:38:28.2547880Z hint:
2026-10-07T12:38:28.2548390Z hint: Names commonly chosen instead of 'master' are 'main', 'trunk' and
2026-10-07T12:38:28.2549280Z hint: 'development'. The just-created branch can be renamed via this command:
2026-10-07T12:38:28.2550800Z hint:
2026-10-07T12:38:28.2551260Z hint: 	git branch -m <name>
2026-10-07T12:38:28.2551720Z hint:
2026-10-07T12:38:28.2552270Z hint: Disable this message with "git config set advice.defaultBranchName false"
2026-10-07T12:38:28.2553070Z Initialized empty Git repository in /Users/runner/work/wgpu-scry/wgpu-scry/.git/
2026-10-07T12:38:28.2555010Z [command]/opt/homebrew/bin/git remote add origin https://github.com/merely-made/wgpu-scry
2026-10-07T12:38:28.2633240Z ##[endgroup]
2026-10-07T12:38:28.2633870Z ##[group]Disabling automatic garbage collection
2026-10-07T12:38:28.2635670Z [command]/opt/homebrew/bin/git config --local gc.auto 0
2026-10-07T12:38:28.2698780Z ##[endgroup]
2026-10-07T12:38:28.2699440Z ##[group]Setting up auth
2026-10-07T12:38:28.2703390Z [command]/opt/homebrew/bin/git config --local --name-only --get-regexp core\.sshCommand
2026-10-07T12:38:28.2766660Z [command]/opt/homebrew/bin/git submodule foreach --recursive sh -c "git config --local --name-only --get-regexp 'core\.sshCommand' && git config --local --unset-all 'core.sshCommand' || :"
2026-10-07T12:38:28.3684970Z [command]/opt/homebrew/bin/git config --local --name-only --get-regexp http\.https\:\/\/github\.com\/\.extraheader
2026-10-07T12:38:28.3751520Z [command]/opt/homebrew/bin/git submodule foreach --recursive sh -c "git config --local --name-only --get-regexp 'http\.https\:\/\/github\.com\/\.extraheader' && git config --local --unset-all 'http.https://github.com/.extraheader' || :"
2026-10-07T12:38:28.4563220Z [command]/opt/homebrew/bin/git config --local --name-only --get-regexp ^includeIf\.gitdir:
2026-10-07T12:38:28.4629580Z [command]/opt/homebrew/bin/git submodule foreach --recursive git config --local --show-origin --name-only --get-regexp remote.origin.url
2026-10-07T12:38:28.6089280Z [command]/opt/homebrew/bin/git config --local http.https://github.com/.extraheader AUTHORIZATION: basic ***
2026-10-07T12:38:28.6100440Z ##[endgroup]
2026-10-07T12:38:28.6134280Z ##[group]Fetching the repository
2026-10-07T12:38:28.6136340Z [command]/opt/homebrew/bin/git -c protocol.version=2 fetch --no-tags --prune --no-recurse-submodules --depth=1 origin +4771072a6827695dfaba9db104cd48b87e6cd543:refs/remotes/origin/main
2026-10-07T12:38:29.3652040Z From https://github.com/merely-made/wgpu-scry
2026-10-07T12:38:29.3653190Z  * [new ref]         4771072a6827695dfaba9db104cd48b87e6cd543 -> origin/main
2026-10-07T12:38:29.3655510Z ##[endgroup]
2026-10-07T12:38:29.3656680Z ##[group]Determining the checkout info
2026-10-07T12:38:29.3657660Z ##[endgroup]
2026-10-07T12:38:29.3658640Z [command]/opt/homebrew/bin/git sparse-checkout disable
2026-10-07T12:38:29.3743430Z [command]/opt/homebrew/bin/git config --local --unset-all extensions.worktreeConfig
2026-10-07T12:38:29.3809470Z ##[group]Checking out the ref
2026-10-07T12:38:29.3812090Z [command]/opt/homebrew/bin/git checkout --progress --force -B main refs/remotes/origin/main
2026-10-07T12:38:29.4290940Z Switched to a new branch 'main'
2026-10-07T12:38:29.4294150Z branch 'main' set up to track 'origin/main'.
2026-10-07T12:38:29.4299290Z ##[endgroup]
2026-10-07T12:38:29.4392400Z [command]/opt/homebrew/bin/git log -1 --format=%H
2026-10-07T12:38:29.4457850Z 4771072a6827695dfaba9db104cd48b87e6cd543
2026-10-07T12:38:29.4810810Z ##[group]Run dtolnay/rust-toolchain@master
2026-10-07T12:38:29.4811320Z with:
2026-10-07T12:38:29.4811670Z   toolchain: 1.92.0
2026-10-07T12:38:29.4812020Z env:
2026-10-07T12:38:29.4812350Z   CARGO_TERM_COLOR: always
2026-10-07T12:38:29.4812750Z   CARGO_NET_GIT_FETCH_WITH_CLI: true
2026-10-07T12:38:29.4813170Z   RUSTFLAGS: 
2026-10-07T12:38:29.4813520Z   RUSTUP_TOOLCHAIN: 1.92.0
2026-10-07T12:38:29.4813910Z ##[endgroup]
2026-10-07T12:38:29.4876710Z ##[start-action display=Parse toolchain version;id=__dtolnay_rust-toolchain.parse]
2026-10-07T12:38:29.4934150Z ##[group]Run if [[ -z $toolchain ]]; then
2026-10-07T12:38:29.4934700Z [36;1mif [[ -z $toolchain ]]; then[0m
2026-10-07T12:38:29.4935490Z [36;1m  # GitHub does not enforce `required: true` inputs itself. https://github.com/actions/runner/issues/1070[0m
2026-10-07T12:38:29.4936260Z [36;1m  echo "'toolchain' is a required input" >&2[0m
2026-10-07T12:38:29.4936730Z [36;1m  exit 1[0m
2026-10-07T12:38:29.4937300Z [36;1melif [[ $toolchain =~ ^stable' '[0-9]+' '(year|month|week|day)s?' 'ago$ ]]; then[0m
2026-10-07T12:38:29.4937920Z [36;1m  if [[ macOS == macOS ]]; then[0m
2026-10-07T12:38:29.4938930Z [36;1m    echo "toolchain=1.$((($(date -v-$(sed 's/stable \([0-9]*\) \(.\).*/\1\2/' <<< $toolchain) +%s)/60/60/24-16569)/7/6))" >> $GITHUB_OUTPUT[0m
2026-10-07T12:38:29.4939640Z [36;1m  else[0m
2026-10-07T12:38:29.4940330Z [36;1m    echo "toolchain=1.$((($(date --date "${toolchain#stable }" +%s)/60/60/24-16569)/7/6))" >> $GITHUB_OUTPUT[0m
2026-10-07T12:38:29.4941090Z [36;1m  fi[0m
2026-10-07T12:38:29.4941560Z [36;1melif [[ $toolchain =~ ^stable' 'minus' '[0-9]+' 'releases?$ ]]; then[0m
2026-10-07T12:38:29.4942490Z [36;1m  echo "toolchain=1.$((($(date +%s)/60/60/24-16569)/7/6-${toolchain//[^0-9]/}))" >> $GITHUB_OUTPUT[0m
2026-10-07T12:38:29.4943240Z [36;1melif [[ $toolchain =~ ^1\.[0-9]+$ ]]; then[0m
2026-10-07T12:38:29.4944150Z [36;1m  echo "toolchain=1.$((i=${toolchain#1.}, c=($(date +%s)/60/60/24-16569)/7/6, i+9*i*(10*i<=c)+90*i*(100*i<=c)))" >> $GITHUB_OUTPUT[0m
2026-10-07T12:38:29.4945020Z [36;1melse[0m
2026-10-07T12:38:29.4945410Z [36;1m  echo "toolchain=$toolchain" >> $GITHUB_OUTPUT[0m
2026-10-07T12:38:29.4945860Z [36;1mfi[0m
2026-10-07T12:38:29.4993070Z shell: /bin/bash --noprofile --norc -e -o pipefail {0}
2026-10-07T12:38:29.4993630Z env:
2026-10-07T12:38:29.4994000Z   CARGO_TERM_COLOR: always
2026-10-07T12:38:29.4994470Z   CARGO_NET_GIT_FETCH_WITH_CLI: true
2026-10-07T12:38:29.4994890Z   RUSTFLAGS: 
2026-10-07T12:38:29.4995230Z   RUSTUP_TOOLCHAIN: 1.92.0
2026-10-07T12:38:29.4995610Z   toolchain: 1.92.0
2026-10-07T12:38:29.4995970Z ##[endgroup]
2026-10-07T12:38:29.5246490Z ##[end-action id=__dtolnay_rust-toolchain.parse;outcome=success;conclusion=success;duration_ms=36]
2026-10-07T12:38:29.5256850Z ##[start-action display=Construct rustup command line;id=__dtolnay_rust-toolchain.flags]
2026-10-07T12:38:29.5286420Z ##[group]Run echo "targets=$(for t in ${targets//,/ }; do echo -n ' --target' $t; done)" >> $GITHUB_OUTPUT
2026-10-07T12:38:29.5287630Z [36;1mecho "targets=$(for t in ${targets//,/ }; do echo -n ' --target' $t; done)" >> $GITHUB_OUTPUT[0m
2026-10-07T12:38:29.5288600Z [36;1mecho "components=$(for c in ${components//,/ }; do echo -n ' --component' $c; done)" >> $GITHUB_OUTPUT[0m
2026-10-07T12:38:29.5289470Z [36;1mecho "downgrade=" >> $GITHUB_OUTPUT[0m
2026-10-07T12:38:29.5323100Z shell: /bin/bash --noprofile --norc -e -o pipefail {0}
2026-10-07T12:38:29.5323670Z env:
2026-10-07T12:38:29.5324030Z   CARGO_TERM_COLOR: always
2026-10-07T12:38:29.5324470Z   CARGO_NET_GIT_FETCH_WITH_CLI: true
2026-10-07T12:38:29.5324890Z   RUSTFLAGS: 
2026-10-07T12:38:29.5325250Z   RUSTUP_TOOLCHAIN: 1.92.0
2026-10-07T12:38:29.5325650Z   targets: 
2026-10-07T12:38:29.5325990Z   components: 
2026-10-07T12:38:29.5326360Z ##[endgroup]
2026-10-07T12:38:29.5535230Z ##[end-action id=__dtolnay_rust-toolchain.flags;outcome=success;conclusion=success;duration_ms=27]
2026-10-07T12:38:29.5539200Z ##[start-action display=Set $CARGO_HOME;id=__dtolnay_rust-toolchain.__run]
2026-10-07T12:38:29.5579260Z ##[group]Run echo CARGO_HOME=${CARGO_HOME:-"$HOME/.cargo"} >> $GITHUB_ENV
2026-10-07T12:38:29.5579970Z [36;1mecho CARGO_HOME=${CARGO_HOME:-"$HOME/.cargo"} >> $GITHUB_ENV[0m
2026-10-07T12:38:29.5610940Z shell: /bin/bash --noprofile --norc -e -o pipefail {0}
2026-10-07T12:38:29.5611440Z env:
2026-10-07T12:38:29.5611790Z   CARGO_TERM_COLOR: always
2026-10-07T12:38:29.5612180Z   CARGO_NET_GIT_FETCH_WITH_CLI: true
2026-10-07T12:38:29.5612590Z   RUSTFLAGS: 
2026-10-07T12:38:29.5612930Z   RUSTUP_TOOLCHAIN: 1.92.0
2026-10-07T12:38:29.5613360Z ##[endgroup]
2026-10-07T12:38:29.5795320Z ##[end-action id=__dtolnay_rust-toolchain.__run;outcome=success;conclusion=success;duration_ms=25]
2026-10-07T12:38:29.5798640Z ##[start-action display=Install rustup if needed;id=__dtolnay_rust-toolchain.__run_2]
2026-10-07T12:38:29.5828110Z ##[group]Run if ! command -v rustup &>/dev/null; then
2026-10-07T12:38:29.5828810Z [36;1mif ! command -v rustup &>/dev/null; then[0m
2026-10-07T12:38:29.5829820Z [36;1m  curl --proto '=https' --tlsv1.2 --retry 10 --retry-connrefused --location --silent --show-error --fail https://sh.rustup.rs | sh -s -- --default-toolchain none -y[0m
2026-10-07T12:38:29.5830840Z [36;1m  echo "$CARGO_HOME/bin" >> $GITHUB_PATH[0m
2026-10-07T12:38:29.5831310Z [36;1mfi[0m
2026-10-07T12:38:29.5862320Z shell: /bin/bash --noprofile --norc -e -o pipefail {0}
2026-10-07T12:38:29.5862860Z env:
2026-10-07T12:38:29.5863230Z   CARGO_TERM_COLOR: always
2026-10-07T12:38:29.5863640Z   CARGO_NET_GIT_FETCH_WITH_CLI: true
2026-10-07T12:38:29.5864090Z   RUSTFLAGS: 
2026-10-07T12:38:29.5864440Z   RUSTUP_TOOLCHAIN: 1.92.0
2026-10-07T12:38:29.5864850Z   CARGO_HOME: /Users/runner/.cargo
2026-10-07T12:38:29.5865260Z ##[endgroup]
2026-10-07T12:38:29.6045980Z ##[end-action id=__dtolnay_rust-toolchain.__run_2;outcome=success;conclusion=success;duration_ms=24]
2026-10-07T12:38:29.6049540Z ##[start-action display=Install rustup if needed on windows;id=__dtolnay_rust-toolchain.__run_3]
2026-10-07T12:38:29.6057280Z ##[end-action id=__dtolnay_rust-toolchain.__run_3;outcome=skipped;conclusion=skipped;duration_ms=0]
2026-10-07T12:38:29.6067220Z ##[start-action display=rustup toolchain install 1.92.0;id=__dtolnay_rust-toolchain.__run_4]
2026-10-07T12:38:29.6091370Z ##[group]Run log=$(mktemp)
2026-10-07T12:38:29.6091810Z [36;1mlog=$(mktemp)[0m
2026-10-07T12:38:29.6092200Z [36;1mtrap 'rm -f "$log"' EXIT[0m
2026-10-07T12:38:29.6092640Z [36;1mfor attempt in 1 2 3 4 5; do[0m
2026-10-07T12:38:29.6093360Z [36;1m  if rustup toolchain install 1.92.0 --profile minimal --no-self-update --force-non-host 2>&1 | tee "$log"; then[0m
2026-10-07T12:38:29.6094100Z [36;1m    break[0m
2026-10-07T12:38:29.6094480Z [36;1m  else[0m
2026-10-07T12:38:29.6094850Z [36;1m    status=$?[0m
2026-10-07T12:38:29.6095220Z [36;1m  fi[0m
2026-10-07T12:38:29.6095680Z [36;1m  if [[ $attempt == 5 ]] || ! grep -Fq 'checksum failed for ' "$log" \[0m
2026-10-07T12:38:29.6096680Z [36;1m      || ! grep -Fq 'this is likely due to an ongoing update of the official release server' "$log"; then[0m
2026-10-07T12:38:29.6097350Z [36;1m    exit "$status"[0m
2026-10-07T12:38:29.6097740Z [36;1m  fi[0m
2026-10-07T12:38:29.6098260Z [36;1m  echo "Retrying rustup toolchain install in 30 seconds (retry $attempt of 4)" >&2[0m
2026-10-07T12:38:29.6098900Z [36;1m  sleep 30[0m
2026-10-07T12:38:29.6099240Z [36;1mdone[0m
2026-10-07T12:38:29.6132010Z shell: /bin/bash --noprofile --norc -e -o pipefail {0}
2026-10-07T12:38:29.6132530Z env:
2026-10-07T12:38:29.6132900Z   CARGO_TERM_COLOR: always
2026-10-07T12:38:29.6133300Z   CARGO_NET_GIT_FETCH_WITH_CLI: true
2026-10-07T12:38:29.6133730Z   RUSTFLAGS: 
2026-10-07T12:38:29.6134100Z   RUSTUP_TOOLCHAIN: 1.92.0
2026-10-07T12:38:29.6134580Z   CARGO_HOME: /Users/runner/.cargo
2026-10-07T12:38:29.6135070Z   RUSTUP_PERMIT_COPY_RENAME: 1
2026-10-07T12:38:29.6135550Z ##[endgroup]
2026-10-07T12:38:29.6784550Z info: syncing channel updates for 1.92.0-aarch64-apple-darwin
2026-10-07T12:38:29.8116950Z info: latest update on 2025-12-11 for version 1.92.0 (ded5c06cf 2025-12-08)
2026-10-07T12:38:29.8128070Z info: downloading 3 components
2026-10-07T12:38:37.4476100Z 
2026-10-07T12:38:37.5514950Z   1.92.0-aarch64-apple-darwin installed - rustc 1.92.0 (ded5c06cf 2025-12-08)
2026-10-07T12:38:37.5518110Z 
2026-10-07T12:38:37.5524870Z info: self-update is disabled for this build of rustup
2026-10-07T12:38:37.5525800Z info: any updates to rustup will need to be fetched with your system package manager
2026-10-07T12:38:37.5967300Z ##[end-action id=__dtolnay_rust-toolchain.__run_4;outcome=success;conclusion=success;duration_ms=7985]
2026-10-07T12:38:37.5981880Z ##[start-action display=rustup default 1.92.0;id=__dtolnay_rust-toolchain.__run_5]
2026-10-07T12:38:37.6014000Z ##[group]Run rustup default 1.92.0 --force-non-host
2026-10-07T12:38:37.6014440Z [36;1mrustup default 1.92.0 --force-non-host[0m
2026-10-07T12:38:37.6059620Z shell: /bin/bash --noprofile --norc -e -o pipefail {0}
2026-10-07T12:38:37.6060340Z env:
2026-10-07T12:38:37.6060620Z   CARGO_TERM_COLOR: always
2026-10-07T12:38:37.6060980Z   CARGO_NET_GIT_FETCH_WITH_CLI: true
2026-10-07T12:38:37.6061370Z   RUSTFLAGS: 
2026-10-07T12:38:37.6061660Z   RUSTUP_TOOLCHAIN: 1.92.0
2026-10-07T12:38:37.6062080Z   CARGO_HOME: /Users/runner/.cargo
2026-10-07T12:38:37.6062470Z ##[endgroup]
2026-10-07T12:38:37.6794190Z info: using existing install for 1.92.0-aarch64-apple-darwin
2026-10-07T12:38:37.6818850Z info: default toolchain set to 1.92.0-aarch64-apple-darwin
2026-10-07T12:38:37.6819140Z 
2026-10-07T12:38:37.6921730Z info: note that the toolchain '1.92.0-aarch64-apple-darwin' is currently in use (overridden by environment variable RUSTUP_TOOLCHAIN)
2026-10-07T12:38:37.6922830Z   1.92.0-aarch64-apple-darwin unchanged - rustc 1.92.0 (ded5c06cf 2025-12-08)
2026-10-07T12:38:37.6923900Z 
2026-10-07T12:38:37.6933800Z ##[end-action id=__dtolnay_rust-toolchain.__run_5;outcome=success;conclusion=success;duration_ms=95]
2026-10-07T12:38:37.6936990Z ##[start-action display=Create cachekey;id=__dtolnay_rust-toolchain.rustc-version]
2026-10-07T12:38:37.6963550Z ##[group]Run DATE=$(rustc +1.92.0 --version --verbose | sed -ne 's/^commit-date: \(20[0-9][0-9]\)-\([01][0-9]\)-\([0-3][0-9]\)$/\1\2\3/p')
2026-10-07T12:38:37.6964450Z [36;1mDATE=$(rustc +1.92.0 --version --verbose | sed -ne 's/^commit-date: \(20[0-9][0-9]\)-\([01][0-9]\)-\([0-3][0-9]\)$/\1\2\3/p')[0m
2026-10-07T12:38:37.6965190Z [36;1mHASH=$(rustc +1.92.0 --version --verbose | sed -ne 's/^commit-hash: //p')[0m
2026-10-07T12:38:37.6965710Z [36;1mecho "cachekey=$(echo $DATE$HASH | head -c12)" >> $GITHUB_OUTPUT[0m
2026-10-07T12:38:37.6996220Z shell: /bin/bash --noprofile --norc -e -o pipefail {0}
2026-10-07T12:38:37.6996670Z env:
2026-10-07T12:38:37.6996870Z   CARGO_TERM_COLOR: always
2026-10-07T12:38:37.6997190Z   CARGO_NET_GIT_FETCH_WITH_CLI: true
2026-10-07T12:38:37.6997510Z   RUSTFLAGS: 
2026-10-07T12:38:37.6997840Z   RUSTUP_TOOLCHAIN: 1.92.0
2026-10-07T12:38:37.6998930Z   CARGO_HOME: /Users/runner/.cargo
2026-10-07T12:38:37.6999230Z ##[endgroup]
2026-10-07T12:38:37.7722700Z ##[end-action id=__dtolnay_rust-toolchain.rustc-version;outcome=success;conclusion=success;duration_ms=78]
2026-10-07T12:38:37.7726310Z ##[start-action display=Disable incremental compilation;id=__dtolnay_rust-toolchain.__run_6]
2026-10-07T12:38:37.7748870Z ##[group]Run if [ -z "${CARGO_INCREMENTAL+set}" ]; then
2026-10-07T12:38:37.7749290Z [36;1mif [ -z "${CARGO_INCREMENTAL+set}" ]; then[0m
2026-10-07T12:38:37.7749820Z [36;1m  echo CARGO_INCREMENTAL=0 >> $GITHUB_ENV[0m
2026-10-07T12:38:37.7750120Z [36;1mfi[0m
2026-10-07T12:38:37.7780130Z shell: /bin/bash --noprofile --norc -e -o pipefail {0}
2026-10-07T12:38:37.7780530Z env:
2026-10-07T12:38:37.7780720Z   CARGO_TERM_COLOR: always
2026-10-07T12:38:37.7781030Z   CARGO_NET_GIT_FETCH_WITH_CLI: true
2026-10-07T12:38:37.7781330Z   RUSTFLAGS: 
2026-10-07T12:38:37.7781640Z   RUSTUP_TOOLCHAIN: 1.92.0
2026-10-07T12:38:37.7781960Z   CARGO_HOME: /Users/runner/.cargo
2026-10-07T12:38:37.7787220Z ##[endgroup]
2026-10-07T12:38:37.8009270Z ##[end-action id=__dtolnay_rust-toolchain.__run_6;outcome=success;conclusion=success;duration_ms=28]
2026-10-07T12:38:37.8012200Z ##[start-action display=Enable colors in Cargo output;id=__dtolnay_rust-toolchain.__run_7]
2026-10-07T12:38:37.8092780Z ##[group]Run if [ -z "${CARGO_TERM_COLOR+set}" ]; then
2026-10-07T12:38:37.8093210Z [36;1mif [ -z "${CARGO_TERM_COLOR+set}" ]; then[0m
2026-10-07T12:38:37.8093510Z [36;1m  echo CARGO_TERM_COLOR=always >> $GITHUB_ENV[0m
2026-10-07T12:38:37.8093770Z [36;1mfi[0m
2026-10-07T12:38:37.8125880Z shell: /bin/bash --noprofile --norc -e -o pipefail {0}
2026-10-07T12:38:37.8126160Z env:
2026-10-07T12:38:37.8126340Z   CARGO_TERM_COLOR: always
2026-10-07T12:38:37.8126930Z   CARGO_NET_GIT_FETCH_WITH_CLI: true
2026-10-07T12:38:37.8128110Z   RUSTFLAGS: 
2026-10-07T12:38:37.8128590Z   RUSTUP_TOOLCHAIN: 1.92.0
2026-10-07T12:38:37.8128900Z   CARGO_HOME: /Users/runner/.cargo
2026-10-07T12:38:37.8129310Z   CARGO_INCREMENTAL: 0
2026-10-07T12:38:37.8129530Z ##[endgroup]
2026-10-07T12:38:37.8359960Z ##[end-action id=__dtolnay_rust-toolchain.__run_7;outcome=success;conclusion=success;duration_ms=34]
2026-10-07T12:38:37.8362440Z ##[start-action display=Enable Cargo sparse registry;id=__dtolnay_rust-toolchain.__run_8]
2026-10-07T12:38:37.8384620Z ##[group]Run # implemented in 1.66, stabilized in 1.68, made default in 1.70
2026-10-07T12:38:37.8385110Z [36;1m# implemented in 1.66, stabilized in 1.68, made default in 1.70[0m
2026-10-07T12:38:37.8385730Z [36;1mif [ -z "${CARGO_REGISTRIES_CRATES_IO_PROTOCOL+set}" -o -f "/Users/runner/work/_temp"/.implicit_cargo_registries_crates_io_protocol ]; then[0m
2026-10-07T12:38:37.8386370Z [36;1m  if rustc +1.92.0 --version --verbose | grep -q '^release: 1\.6[89]\.'; then[0m
2026-10-07T12:38:37.8386890Z [36;1m    touch "/Users/runner/work/_temp"/.implicit_cargo_registries_crates_io_protocol || true[0m
2026-10-07T12:38:37.8387400Z [36;1m    echo CARGO_REGISTRIES_CRATES_IO_PROTOCOL=sparse >> $GITHUB_ENV[0m
2026-10-07T12:38:37.8387880Z [36;1m  elif rustc +1.92.0 --version --verbose | grep -q '^release: 1\.6[67]\.'; then[0m
2026-10-07T12:38:37.8388390Z [36;1m    touch "/Users/runner/work/_temp"/.implicit_cargo_registries_crates_io_protocol || true[0m
2026-10-07T12:38:37.8388860Z [36;1m    echo CARGO_REGISTRIES_CRATES_IO_PROTOCOL=git >> $GITHUB_ENV[0m
2026-10-07T12:38:37.8389210Z [36;1m  fi[0m
2026-10-07T12:38:37.8389380Z [36;1mfi[0m
2026-10-07T12:38:37.8420940Z shell: /bin/bash --noprofile --norc -e -o pipefail {0}
2026-10-07T12:38:37.8421240Z env:
2026-10-07T12:38:37.8421430Z   CARGO_TERM_COLOR: always
2026-10-07T12:38:37.8421700Z   CARGO_NET_GIT_FETCH_WITH_CLI: true
2026-10-07T12:38:37.8421940Z   RUSTFLAGS: 
2026-10-07T12:38:37.8422160Z   RUSTUP_TOOLCHAIN: 1.92.0
2026-10-07T12:38:37.8422400Z   CARGO_HOME: /Users/runner/.cargo
2026-10-07T12:38:37.8422620Z   CARGO_INCREMENTAL: 0
2026-10-07T12:38:37.8422820Z ##[endgroup]
2026-10-07T12:38:37.9248770Z ##[end-action id=__dtolnay_rust-toolchain.__run_8;outcome=success;conclusion=success;duration_ms=88]
2026-10-07T12:38:37.9256260Z ##[start-action display=Work around spurious network errors in curl 8.0;id=__dtolnay_rust-toolchain.__run_9]
2026-10-07T12:38:37.9316850Z ##[group]Run # https://rust-lang.zulipchat.com/#narrow/stream/246057-t-cargo/topic/timeout.20investigation
2026-10-07T12:38:37.9318770Z [36;1m# https://rust-lang.zulipchat.com/#narrow/stream/246057-t-cargo/topic/timeout.20investigation[0m
2026-10-07T12:38:37.9319560Z [36;1mif rustc +1.92.0 --version --verbose | grep -q '^release: 1\.7[01]\.'; then[0m
2026-10-07T12:38:37.9320900Z [36;1m  echo CARGO_HTTP_MULTIPLEXING=false >> $GITHUB_ENV[0m
2026-10-07T12:38:37.9322230Z [36;1mfi[0m
2026-10-07T12:38:37.9395070Z shell: /bin/bash --noprofile --norc -e -o pipefail {0}
2026-10-07T12:38:37.9396040Z env:
2026-10-07T12:38:37.9396370Z   CARGO_TERM_COLOR: always
2026-10-07T12:38:37.9396640Z   CARGO_NET_GIT_FETCH_WITH_CLI: true
2026-10-07T12:38:37.9396940Z   RUSTFLAGS: 
2026-10-07T12:38:37.9397710Z   RUSTUP_TOOLCHAIN: 1.92.0
2026-10-07T12:38:37.9398390Z   CARGO_HOME: /Users/runner/.cargo
2026-10-07T12:38:37.9398770Z   CARGO_INCREMENTAL: 0
2026-10-07T12:38:37.9399030Z ##[endgroup]
2026-10-07T12:38:38.0112590Z ##[end-action id=__dtolnay_rust-toolchain.__run_9;outcome=success;conclusion=success;duration_ms=85]
2026-10-07T12:38:38.0116580Z ##[start-action display=rustc +1.92.0 --version --verbose;id=__dtolnay_rust-toolchain.__run_10]
2026-10-07T12:38:38.0136770Z ##[group]Run rustc +1.92.0 --version --verbose
2026-10-07T12:38:38.0137100Z [36;1mrustc +1.92.0 --version --verbose[0m
2026-10-07T12:38:38.0169500Z shell: /bin/bash --noprofile --norc -e -o pipefail {0}
2026-10-07T12:38:38.0169810Z env:
2026-10-07T12:38:38.0169990Z   CARGO_TERM_COLOR: always
2026-10-07T12:38:38.0170230Z   CARGO_NET_GIT_FETCH_WITH_CLI: true
2026-10-07T12:38:38.0170460Z   RUSTFLAGS: 
2026-10-07T12:38:38.0170650Z   RUSTUP_TOOLCHAIN: 1.92.0
2026-10-07T12:38:38.0170890Z   CARGO_HOME: /Users/runner/.cargo
2026-10-07T12:38:38.0171170Z   CARGO_INCREMENTAL: 0
2026-10-07T12:38:38.0171360Z ##[endgroup]
2026-10-07T12:38:38.0580940Z rustc 1.92.0 (ded5c06cf 2025-12-08)
2026-10-07T12:38:38.0581570Z binary: rustc
2026-10-07T12:38:38.0582170Z commit-hash: ded5c06cf21d2b93bffd5d884aa6e96934ee4234
2026-10-07T12:38:38.0583220Z commit-date: 2025-12-08
2026-10-07T12:38:38.0583500Z host: aarch64-apple-darwin
2026-10-07T12:38:38.0583740Z release: 1.92.0
2026-10-07T12:38:38.0585230Z LLVM version: 21.1.3
2026-10-07T12:38:38.0599880Z ##[end-action id=__dtolnay_rust-toolchain.__run_10;outcome=success;conclusion=success;duration_ms=48]
2026-10-07T12:38:38.0667790Z ##[group]Run rustc --version
2026-10-07T12:38:38.0668090Z [36;1mrustc --version[0m
2026-10-07T12:38:38.0668340Z [36;1mrustc --version | grep -q "1.92.0" || {[0m
2026-10-07T12:38:38.0668750Z [36;1m  echo "::error::Expected rustc 1.92.0; rust-toolchain.toml appears to have won."[0m
2026-10-07T12:38:38.0669120Z [36;1m  exit 1[0m
2026-10-07T12:38:38.0669310Z [36;1m}[0m
2026-10-07T12:38:38.0701260Z shell: /bin/bash -e {0}
2026-10-07T12:38:38.0701510Z env:
2026-10-07T12:38:38.0701710Z   CARGO_TERM_COLOR: always
2026-10-07T12:38:38.0701930Z   CARGO_NET_GIT_FETCH_WITH_CLI: true
2026-10-07T12:38:38.0702180Z   RUSTFLAGS: 
2026-10-07T12:38:38.0702370Z   RUSTUP_TOOLCHAIN: 1.92.0
2026-10-07T12:38:38.0702600Z   CARGO_HOME: /Users/runner/.cargo
2026-10-07T12:38:38.0702830Z   CARGO_INCREMENTAL: 0
2026-10-07T12:38:38.0703040Z ##[endgroup]
2026-10-07T12:38:38.1103830Z rustc 1.92.0 (ded5c06cf 2025-12-08)
2026-10-07T12:38:38.1349940Z ##[group]Run cargo check --locked -p scrying --lib --no-default-features --features wgpu-29
2026-10-07T12:38:38.1350520Z [36;1mcargo check --locked -p scrying --lib --no-default-features --features wgpu-29[0m
2026-10-07T12:38:38.1382720Z shell: /bin/bash -e {0}
2026-10-07T12:38:38.1383000Z env:
2026-10-07T12:38:38.1383200Z   CARGO_TERM_COLOR: always
2026-10-07T12:38:38.1383440Z   CARGO_NET_GIT_FETCH_WITH_CLI: true
2026-10-07T12:38:38.1383700Z   RUSTFLAGS: 
2026-10-07T12:38:38.1384170Z   RUSTUP_TOOLCHAIN: 1.92.0
2026-10-07T12:38:38.1384410Z   CARGO_HOME: /Users/runner/.cargo
2026-10-07T12:38:38.1384650Z   CARGO_INCREMENTAL: 0
2026-10-07T12:38:38.1384860Z ##[endgroup]
2026-10-07T12:38:38.3127150Z [1m[92m    Updating[0m crates.io index
2026-10-07T12:38:38.9318190Z [1m[92m Downloading[0m crates ...
2026-10-07T12:38:38.9836950Z [1m[92m  Downloaded[0m as-slice v0.2.1
2026-10-07T12:38:38.9934820Z [1m[92m  Downloaded[0m scopeguard v1.2.0
2026-10-07T12:38:39.0023190Z [1m[92m  Downloaded[0m static_assertions v1.1.0
2026-10-07T12:38:39.0118330Z [1m[92m  Downloaded[0m version_check v0.9.5
2026-10-07T12:38:39.0251390Z [1m[92m  Downloaded[0m y4m v0.8.0
2026-10-07T12:38:39.0344360Z [1m[92m  Downloaded[0m zune-inflate v0.2.54
2026-10-07T12:38:39.0434670Z [1m[92m  Downloaded[0m v_frame v0.3.9
2026-10-07T12:38:39.0516470Z [1m[92m  Downloaded[0m xml-rs v0.8.29
2026-10-07T12:38:39.0611860Z [1m[92m  Downloaded[0m zune-jpeg v0.5.15
2026-10-07T12:38:39.0708510Z [1m[92m  Downloaded[0m zerocopy-derive v0.8.56
2026-10-07T12:38:39.0934250Z [1m[92m  Downloaded[0m num-bigint v0.4.8
2026-10-07T12:38:39.1046720Z [1m[92m  Downloaded[0m wgpu-types v29.0.4
2026-10-07T12:38:39.1139500Z [1m[92m  Downloaded[0m pulp v0.22.3
2026-10-07T12:38:39.1253240Z [1m[92m  Downloaded[0m rayon v1.12.0
2026-10-07T12:38:39.1487910Z [1m[92m  Downloaded[0m libm v0.2.16
2026-10-07T12:38:39.1757720Z [1m[92m  Downloaded[0m zlib-rs v0.6.7
2026-10-07T12:38:39.1886600Z [1m[92m  Downloaded[0m palette v0.7.7
2026-10-07T12:38:39.2145040Z [1m[92m  Downloaded[0m objc2-metal v0.3.2
2026-10-07T12:38:39.2344890Z [1m[92m  Downloaded[0m objc2 v0.6.4
2026-10-07T12:38:39.2553060Z [1m[92m  Downloaded[0m syn v3.0.4
2026-10-07T12:38:39.2748240Z [1m[92m  Downloaded[0m zerocopy v0.8.56
2026-10-07T12:38:39.3178900Z [1m[92m  Downloaded[0m syn v2.0.119
2026-10-07T12:38:39.3393280Z [1m[92m  Downloaded[0m wgpu-core v29.0.4
2026-10-07T12:38:39.3595580Z [1m[92m  Downloaded[0m objc2-foundation v0.3.2
2026-10-07T12:38:39.3967850Z [1m[92m  Downloaded[0m av-scenechange v0.14.1
2026-10-07T12:38:39.4151470Z [1m[92m  Downloaded[0m ash v0.38.0+1.3.281
2026-10-07T12:38:39.4416980Z [1m[92m  Downloaded[0m objc2-av-foundation v0.3.2
2026-10-07T12:38:39.4713800Z [1m[92m  Downloaded[0m wgpu-hal v29.0.4
2026-10-07T12:38:39.4923760Z [1m[92m  Downloaded[0m unicode-width v0.2.2
2026-10-07T12:38:39.5000830Z [1m[92m  Downloaded[0m image v0.25.10
2026-10-07T12:38:39.5166690Z [1m[92m  Downloaded[0m objc2-security v0.3.2
2026-10-07T12:38:39.5327240Z [1m[92m  Downloaded[0m exr v1.74.2
2026-10-07T12:38:39.5534550Z [1m[92m  Downloaded[0m wgpu v29.0.4
2026-10-07T12:38:39.5831500Z [1m[92m  Downloaded[0m objc2-core-foundation v0.3.2
2026-10-07T12:38:39.5975880Z [1m[92m  Downloaded[0m objc2-app-kit v0.3.2
2026-10-07T12:38:39.6477270Z [1m[92m  Downloaded[0m nom v8.0.0
2026-10-07T12:38:39.6574350Z [1m[92m  Downloaded[0m khronos_api v3.1.0
2026-10-07T12:38:39.6838430Z [1m[92m  Downloaded[0m moxcms v0.8.1
2026-10-07T12:38:39.7044190Z [1m[92m  Downloaded[0m itertools v0.14.0
2026-10-07T12:38:39.7179720Z [1m[92m  Downloaded[0m hashbrown v0.17.1
2026-10-07T12:38:39.7274560Z [1m[92m  Downloaded[0m hashbrown v0.15.5
2026-10-07T12:38:39.7366470Z [1m[92m  Downloaded[0m glow v0.17.0
2026-10-07T12:38:39.7439700Z [1m[92m  Downloaded[0m wasm-bindgen-macro-support v0.2.127
2026-10-07T12:38:39.7475270Z [1m[92m  Downloaded[0m tiff v0.11.3
2026-10-07T12:38:39.7550600Z [1m[92m  Downloaded[0m rayon-core v1.13.0
2026-10-07T12:38:39.7616830Z [1m[92m  Downloaded[0m libc v0.2.189
2026-10-07T12:38:39.8334860Z [1m[92m  Downloaded[0m png v0.18.1
2026-10-07T12:38:39.8410990Z [1m[92m  Downloaded[0m objc2-web-kit v0.3.2
2026-10-07T12:38:39.8731940Z [1m[92m  Downloaded[0m memchr v2.8.3
2026-10-07T12:38:39.8842820Z [1m[92m  Downloaded[0m pxfm v0.1.30
2026-10-07T12:38:39.9355100Z [1m[92m  Downloaded[0m naga v29.0.4
2026-10-07T12:38:39.9721830Z [1m[92m  Downloaded[0m hashbrown v0.16.1
2026-10-07T12:38:39.9809920Z [1m[92m  Downloaded[0m bumpalo v3.20.3
2026-10-07T12:38:39.9852540Z [1m[92m  Downloaded[0m serde v1.0.229
2026-10-07T12:38:39.9910590Z [1m[92m  Downloaded[0m objc2-core-media v0.3.2
2026-10-07T12:38:39.9976760Z [1m[92m  Downloaded[0m objc2-cloud-kit v0.3.2
2026-10-07T12:38:40.0069510Z [1m[92m  Downloaded[0m half v2.7.1
2026-10-07T12:38:40.0114190Z [1m[92m  Downloaded[0m unicode-ident v1.0.24
2026-10-07T12:38:40.0166970Z [1m[92m  Downloaded[0m serde_derive v1.0.229
2026-10-07T12:38:40.0223290Z [1m[92m  Downloaded[0m serde_core v1.0.229
2026-10-07T12:38:40.0269360Z [1m[92m  Downloaded[0m objc2-core-text v0.3.2
2026-10-07T12:38:40.0333010Z [1m[92m  Downloaded[0m objc2-core-image v0.3.2
2026-10-07T12:38:40.0420570Z [1m[92m  Downloaded[0m objc2-core-graphics v0.3.2
2026-10-07T12:38:40.0522010Z [1m[92m  Downloaded[0m miniz_oxide v0.9.1
2026-10-07T12:38:40.0564710Z [1m[92m  Downloaded[0m miniz_oxide v0.8.9
2026-10-07T12:38:40.0607730Z [1m[92m  Downloaded[0m log v0.4.34
2026-10-07T12:38:40.0648540Z [1m[92m  Downloaded[0m image-webp v0.2.4
2026-10-07T12:38:40.0687950Z [1m[92m  Downloaded[0m spirv v0.4.0+sdk-1.4.341.0
2026-10-07T12:38:40.0706390Z [1m[92m  Downloaded[0m simd-adler32 v0.3.10
2026-10-07T12:38:40.0743000Z [1m[92m  Downloaded[0m rustversion v1.0.23
2026-10-07T12:38:40.0794000Z [1m[92m  Downloaded[0m palette_derive v0.7.7
2026-10-07T12:38:40.0829430Z [1m[92m  Downloaded[0m objc2-quartz-core v0.3.2
2026-10-07T12:38:40.0885300Z [1m[92m  Downloaded[0m objc2-javascript-core v0.3.2
2026-10-07T12:38:40.0924240Z [1m[92m  Downloaded[0m objc2-core-data v0.3.2
2026-10-07T12:38:40.1012380Z [1m[92m  Downloaded[0m foldhash v0.1.5
2026-10-07T12:38:40.1033400Z [1m[92m  Downloaded[0m fdeflate v0.3.7
2026-10-07T12:38:40.1064920Z [1m[92m  Downloaded[0m crossbeam-utils v0.8.22
2026-10-07T12:38:40.1138430Z [1m[92m  Downloaded[0m crossbeam-epoch v0.9.20
2026-10-07T12:38:40.1181620Z [1m[92m  Downloaded[0m crc32fast v1.5.1
2026-10-07T12:38:40.1213500Z [1m[92m  Downloaded[0m bit-vec v0.9.1
2026-10-07T12:38:40.1239060Z [1m[92m  Downloaded[0m avif-serialize v0.8.9
2026-10-07T12:38:40.1254620Z [1m[92m  Downloaded[0m av1-grain v0.2.5
2026-10-07T12:38:40.1311720Z [1m[92m  Downloaded[0m autocfg v1.5.1
2026-10-07T12:38:40.1369830Z [1m[92m  Downloaded[0m rav1e v0.8.1
2026-10-07T12:38:40.2188610Z [1m[92m  Downloaded[0m zune-core v0.5.3
2026-10-07T12:38:40.2282160Z [1m[92m  Downloaded[0m wgpu-core-deps-apple v29.0.4
2026-10-07T12:38:40.2288010Z [1m[92m  Downloaded[0m weezl v0.1.12
2026-10-07T12:38:40.2288880Z [1m[92m  Downloaded[0m wasm-bindgen-macro v0.2.127
2026-10-07T12:38:40.2309070Z [1m[92m  Downloaded[0m thiserror-impl v2.0.20
2026-10-07T12:38:40.2346490Z [1m[92m  Downloaded[0m thiserror v2.0.20
2026-10-07T12:38:40.2489720Z [1m[92m  Downloaded[0m termcolor v1.4.1
2026-10-07T12:38:40.2508410Z [1m[92m  Downloaded[0m smallvec v1.15.2
2026-10-07T12:38:40.2533160Z [1m[92m  Downloaded[0m rgb v0.8.53
2026-10-07T12:38:40.2576220Z [1m[92m  Downloaded[0m raw-window-metal v1.1.0
2026-10-07T12:38:40.2593950Z [1m[92m  Downloaded[0m raw-window-handle v0.6.2
2026-10-07T12:38:40.2625430Z [1m[92m  Downloaded[0m palette_math v0.7.7
2026-10-07T12:38:40.2649040Z [1m[92m  Downloaded[0m objc2-io-surface v0.3.2
2026-10-07T12:38:40.2675430Z [1m[92m  Downloaded[0m objc2-core-audio-types v0.3.2
2026-10-07T12:38:40.2697400Z [1m[92m  Downloaded[0m objc2-core-audio v0.3.2
2026-10-07T12:38:40.2727670Z [1m[92m  Downloaded[0m num-rational v0.4.2
2026-10-07T12:38:40.2747940Z [1m[92m  Downloaded[0m num-integer v0.1.47
2026-10-07T12:38:40.2775480Z [1m[92m  Downloaded[0m num-complex v0.4.6
2026-10-07T12:38:40.2798920Z [1m[92m  Downloaded[0m lock_api v0.4.14
2026-10-07T12:38:40.2818480Z [1m[92m  Downloaded[0m litrs v1.0.0
2026-10-07T12:38:40.2877230Z [1m[92m  Downloaded[0m indexmap v2.14.1
2026-10-07T12:38:40.2950270Z [1m[92m  Downloaded[0m imgref v1.12.3
2026-10-07T12:38:40.2971320Z [1m[92m  Downloaded[0m gl_generator v0.14.0
2026-10-07T12:38:40.3001660Z [1m[92m  Downloaded[0m foldhash v0.2.0
2026-10-07T12:38:40.3024910Z [1m[92m  Downloaded[0m equivalent v1.0.2
2026-10-07T12:38:40.3042830Z [1m[92m  Downloaded[0m dlib v0.5.3
2026-10-07T12:38:40.3057770Z [1m[92m  Downloaded[0m by_address v1.2.1
2026-10-07T12:38:40.3070560Z [1m[92m  Downloaded[0m allocator-api2 v0.2.21
2026-10-07T12:38:40.3111090Z [1m[92m  Downloaded[0m wgpu-naga-bridge v29.0.4
2026-10-07T12:38:40.3126550Z [1m[92m  Downloaded[0m wayland-sys v0.31.11
2026-10-07T12:38:40.3148140Z [1m[92m  Downloaded[0m wasm-bindgen-shared v0.2.127
2026-10-07T12:38:40.3165660Z [1m[92m  Downloaded[0m wasm-bindgen v0.2.127
2026-10-07T12:38:40.3215100Z [1m[92m  Downloaded[0m stable_deref_trait v1.2.1
2026-10-07T12:38:40.3228970Z [1m[92m  Downloaded[0m simd_helpers v0.1.0
2026-10-07T12:38:40.3241370Z [1m[92m  Downloaded[0m rustc-hash v1.1.0
2026-10-07T12:38:40.3253800Z [1m[92m  Downloaded[0m qoi v0.4.1
2026-10-07T12:38:40.3312970Z [1m[92m  Downloaded[0m proc-macro2 v1.0.107
2026-10-07T12:38:40.3364940Z [1m[92m  Downloaded[0m parking_lot v0.12.5
2026-10-07T12:38:40.3423750Z [1m[92m  Downloaded[0m ordered-float v5.5.0
2026-10-07T12:38:40.3445660Z [1m[92m  Downloaded[0m objc2-encode v4.1.0
2026-10-07T12:38:40.3464430Z [1m[92m  Downloaded[0m objc2-core-video v0.3.2
2026-10-07T12:38:40.3506990Z [1m[92m  Downloaded[0m num-traits v0.2.19
2026-10-07T12:38:40.3586340Z [1m[92m  Downloaded[0m hexf-parse v0.2.1
2026-10-07T12:38:40.3589060Z [1m[92m  Downloaded[0m gif v0.14.2
2026-10-07T12:38:40.3622530Z [1m[92m  Downloaded[0m flate2 v1.1.10
2026-10-07T12:38:40.3717860Z [1m[92m  Downloaded[0m fax v0.2.7
2026-10-07T12:38:40.3755670Z [1m[92m  Downloaded[0m bitstream-io v4.10.0
2026-10-07T12:38:40.3811530Z [1m[92m  Downloaded[0m bit_field v0.10.3
2026-10-07T12:38:40.3833740Z [1m[92m  Downloaded[0m renderdoc-sys v1.1.0
2026-10-07T12:38:40.3849580Z [1m[92m  Downloaded[0m reborrow v0.5.5
2026-10-07T12:38:40.3859550Z [1m[92m  Downloaded[0m ravif v0.13.0
2026-10-07T12:38:40.3876850Z [1m[92m  Downloaded[0m profiling v1.0.18
2026-10-07T12:38:40.3895190Z [1m[92m  Downloaded[0m presser v0.3.1
2026-10-07T12:38:40.3923950Z [1m[92m  Downloaded[0m once_cell v1.21.4
2026-10-07T12:38:40.3970810Z [1m[92m  Downloaded[0m new_debug_unreachable v1.0.6
2026-10-07T12:38:40.3988320Z [1m[92m  Downloaded[0m maybe-rayon v0.1.1
2026-10-07T12:38:40.4002780Z [1m[92m  Downloaded[0m lebe v0.5.3
2026-10-07T12:38:40.4027690Z [1m[92m  Downloaded[0m grafting v0.6.0
2026-10-07T12:38:40.4095440Z [1m[92m  Downloaded[0m gpu-descriptor-types v0.2.0
2026-10-07T12:38:40.4105350Z [1m[92m  Downloaded[0m gpu-descriptor v0.3.2
2026-10-07T12:38:40.4118010Z [1m[92m  Downloaded[0m gpu-allocator v0.28.0
2026-10-07T12:38:40.4165120Z [1m[92m  Downloaded[0m equator v0.4.2
2026-10-07T12:38:40.4186760Z [1m[92m  Downloaded[0m either v1.18.0
2026-10-07T12:38:40.4211110Z [1m[92m  Downloaded[0m document-features v0.2.12
2026-10-07T12:38:40.4235880Z [1m[92m  Downloaded[0m dispatch2 v0.3.1
2026-10-07T12:38:40.4279150Z [1m[92m  Downloaded[0m color_quant v1.1.0
2026-10-07T12:38:40.4294520Z [1m[92m  Downloaded[0m codespan-reporting v0.13.1
2026-10-07T12:38:40.4436090Z [1m[92m  Downloaded[0m cfg_aliases v0.2.2
2026-10-07T12:38:40.4450520Z [1m[92m  Downloaded[0m cfg-if v1.0.4
2026-10-07T12:38:40.4470910Z [1m[92m  Downloaded[0m bytemuck_derive v1.12.0
2026-10-07T12:38:40.4494300Z [1m[92m  Downloaded[0m bytemuck v1.25.2
2026-10-07T12:38:40.4552150Z [1m[92m  Downloaded[0m built v0.8.1
2026-10-07T12:38:40.4581470Z [1m[92m  Downloaded[0m block2 v0.6.2
2026-10-07T12:38:40.4614320Z [1m[92m  Downloaded[0m bitflags v2.13.1
2026-10-07T12:38:40.4696390Z [1m[92m  Downloaded[0m arrayvec v0.7.8
2026-10-07T12:38:40.4726690Z [1m[92m  Downloaded[0m anyhow v1.0.104
2026-10-07T12:38:40.4801410Z [1m[92m  Downloaded[0m quote v1.0.47
2026-10-07T12:38:40.4846550Z [1m[92m  Downloaded[0m quick-error v2.0.1
2026-10-07T12:38:40.4872070Z [1m[92m  Downloaded[0m profiling-procmacros v1.0.18
2026-10-07T12:38:40.4883260Z [1m[92m  Downloaded[0m pkg-config v0.3.34
2026-10-07T12:38:40.4908080Z [1m[92m  Downloaded[0m pastey v0.1.1
2026-10-07T12:38:40.4936170Z [1m[92m  Downloaded[0m paste v1.0.15
2026-10-07T12:38:40.4990860Z [1m[92m  Downloaded[0m parking_lot_core v0.9.12
2026-10-07T12:38:40.5025410Z [1m[92m  Downloaded[0m objc2-uniform-type-identifiers v0.3.2
2026-10-07T12:38:40.5051940Z [1m[92m  Downloaded[0m objc2-screen-capture-kit v0.3.2
2026-10-07T12:38:40.5078880Z [1m[92m  Downloaded[0m no_std_io2 v0.9.4
2026-10-07T12:38:40.5107950Z [1m[92m  Downloaded[0m libloading v0.8.9
2026-10-07T12:38:40.5150990Z [1m[92m  Downloaded[0m crossbeam-deque v0.8.7
2026-10-07T12:38:40.5174320Z [1m[92m  Downloaded[0m arg_enum_proc_macro v0.3.4
2026-10-07T12:38:40.5192910Z [1m[92m  Downloaded[0m aligned-vec v0.6.4
2026-10-07T12:38:40.5210220Z [1m[92m  Downloaded[0m aligned v0.4.3
2026-10-07T12:38:40.5228010Z [1m[92m  Downloaded[0m pulp-wasm-simd-flag v0.1.1
2026-10-07T12:38:40.5236900Z [1m[92m  Downloaded[0m num-derive v0.4.2
2026-10-07T12:38:40.5265610Z [1m[92m  Downloaded[0m noop_proc_macro v0.3.0
2026-10-07T12:38:40.5278380Z [1m[92m  Downloaded[0m memoffset v0.9.1
2026-10-07T12:38:40.5301260Z [1m[92m  Downloaded[0m loop9 v0.1.5
2026-10-07T12:38:40.5310580Z [1m[92m  Downloaded[0m khronos-egl v6.0.0
2026-10-07T12:38:40.5340370Z [1m[92m  Downloaded[0m equator-macro v0.4.2
2026-10-07T12:38:40.5352230Z [1m[92m  Downloaded[0m dpi v0.1.2
2026-10-07T12:38:40.5368220Z [1m[92m  Downloaded[0m byteorder-lite v0.1.0
2026-10-07T12:38:40.5388930Z [1m[92m  Downloaded[0m bit-set v0.9.1
2026-10-07T12:38:40.5415820Z [1m[92m  Downloaded[0m approx v0.5.1
2026-10-07T12:38:40.5447050Z [1m[92m  Downloaded[0m adler2 v2.0.1
2026-10-07T12:38:40.6125740Z [1m[92m   Compiling[0m proc-macro2 v1.0.107
2026-10-07T12:38:40.6128760Z [1m[92m   Compiling[0m quote v1.0.47
2026-10-07T12:38:40.6129250Z [1m[92m   Compiling[0m unicode-ident v1.0.24
2026-10-07T12:38:40.9335310Z [1m[92m   Compiling[0m libc v0.2.189
2026-10-07T12:38:43.9542300Z [1m[92m    Checking[0m bitflags v2.13.1
2026-10-07T12:38:44.0966620Z [1m[92m   Compiling[0m objc2 v0.6.4
2026-10-07T12:38:44.3042530Z [1m[92m    Checking[0m objc2-encode v4.1.0
2026-10-07T12:38:44.3917680Z [1m[92m   Compiling[0m libm v0.2.16
2026-10-07T12:38:44.6890680Z [1m[92m   Compiling[0m syn v2.0.119
2026-10-07T12:38:44.6980900Z [1m[92m   Compiling[0m autocfg v1.5.1
2026-10-07T12:38:45.0172770Z [1m[92m   Compiling[0m num-traits v0.2.19
2026-10-07T12:38:45.4797990Z [1m[92m    Checking[0m block2 v0.6.2
2026-10-07T12:38:45.6143710Z [1m[92m    Checking[0m dispatch2 v0.3.1
2026-10-07T12:38:45.9013210Z [1m[92m    Checking[0m objc2-core-foundation v0.3.2
2026-10-07T12:38:46.3686160Z [1m[92m   Compiling[0m syn v3.0.4
2026-10-07T12:38:47.5197300Z [1m[92m    Checking[0m objc2-foundation v0.3.2
2026-10-07T12:38:48.3231120Z [1m[92m    Checking[0m cfg-if v1.0.4
2026-10-07T12:38:48.3456730Z [1m[92m   Compiling[0m cfg_aliases v0.2.2
2026-10-07T12:38:48.3546640Z [1m[92m   Compiling[0m bytemuck_derive v1.12.0
2026-10-07T12:38:48.3731750Z [1m[92m    Checking[0m log v0.4.34
2026-10-07T12:38:48.4298410Z [1m[92m   Compiling[0m thiserror v2.0.20
2026-10-07T12:38:48.6270160Z [1m[92m    Checking[0m arrayvec v0.7.8
2026-10-07T12:38:48.7155890Z [1m[92m   Compiling[0m zerocopy v0.8.56
2026-10-07T12:38:48.9902700Z [1m[92m   Compiling[0m zerocopy-derive v0.8.56
2026-10-07T12:38:49.0626760Z [1m[92m    Checking[0m bytemuck v1.25.2
2026-10-07T12:38:49.1861660Z [1m[92m   Compiling[0m thiserror-impl v2.0.20
2026-10-07T12:38:50.0859380Z [1m[92m   Compiling[0m crossbeam-utils v0.8.22
2026-10-07T12:38:50.4253740Z [1m[92m   Compiling[0m crossbeam-epoch v0.9.20
2026-10-07T12:38:50.9082650Z [1m[92m   Compiling[0m crossbeam-deque v0.8.7
2026-10-07T12:38:51.2361210Z [1m[92m   Compiling[0m profiling-procmacros v1.0.18
2026-10-07T12:38:51.4312290Z [1m[92m    Checking[0m simd-adler32 v0.3.10
2026-10-07T12:38:51.5080280Z [1m[92m    Checking[0m smallvec v1.15.2
2026-10-07T12:38:51.6369310Z [1m[92m   Compiling[0m rayon-core v1.13.0
2026-10-07T12:38:51.7733340Z [1m[92m    Checking[0m profiling v1.0.18
2026-10-07T12:38:51.9170360Z [1m[92m   Compiling[0m naga v29.0.4
2026-10-07T12:38:52.1124510Z [1m[92m   Compiling[0m equator-macro v0.4.2
2026-10-07T12:38:52.6275930Z [1m[92m   Compiling[0m parking_lot_core v0.9.12
2026-10-07T12:38:52.8521420Z [1m[92m    Checking[0m bit-vec v0.9.1
2026-10-07T12:38:53.0068200Z [1m[92m    Checking[0m hashbrown v0.17.1
2026-10-07T12:38:53.4807310Z [1m[92m    Checking[0m foldhash v0.2.0
2026-10-07T12:38:53.5262030Z [1m[92m    Checking[0m half v2.7.1
2026-10-07T12:38:53.5801020Z [1m[92m    Checking[0m unicode-width v0.2.2
2026-10-07T12:38:53.7303690Z [1m[92m    Checking[0m equivalent v1.0.2
2026-10-07T12:38:53.7583730Z [1m[92m    Checking[0m indexmap v2.14.1
2026-10-07T12:38:53.7950210Z [1m[92m    Checking[0m codespan-reporting v0.13.1
2026-10-07T12:38:53.9769130Z [1m[92m    Checking[0m hashbrown v0.16.1
2026-10-07T12:38:54.2154680Z [1m[92m    Checking[0m bit-set v0.9.1
2026-10-07T12:38:54.3063290Z [1m[92m    Checking[0m equator v0.4.2
2026-10-07T12:38:54.5209850Z [1m[92m    Checking[0m num-integer v0.1.47
2026-10-07T12:38:54.8430410Z [1m[92m    Checking[0m hexf-parse v0.2.1
2026-10-07T12:38:54.8833780Z [1m[92m    Checking[0m memchr v2.8.3
2026-10-07T12:38:54.9243350Z [1m[92m    Checking[0m raw-window-handle v0.6.2
2026-10-07T12:38:55.0539370Z [1m[92m    Checking[0m once_cell v1.21.4
2026-10-07T12:38:55.1883040Z [1m[92m    Checking[0m adler2 v2.0.1
2026-10-07T12:38:55.2194070Z [1m[92m   Compiling[0m anyhow v1.0.104
2026-10-07T12:38:55.2300720Z [1m[92m    Checking[0m scopeguard v1.2.0
2026-10-07T12:38:55.2840190Z [1m[92m    Checking[0m rustc-hash v1.1.0
2026-10-07T12:38:55.3263900Z [1m[92m    Checking[0m either v1.18.0
2026-10-07T12:38:55.4770490Z [1m[92m   Compiling[0m paste v1.0.15
2026-10-07T12:38:55.7441370Z [1m[92m    Checking[0m lock_api v0.4.14
2026-10-07T12:38:55.8486100Z [1m[92m    Checking[0m wgpu-types v29.0.4
2026-10-07T12:38:57.2058230Z [1m[92m    Checking[0m num-bigint v0.4.8
2026-10-07T12:38:57.8952810Z [1m[92m    Checking[0m aligned-vec v0.6.4
2026-10-07T12:38:58.1242590Z [1m[92m   Compiling[0m wgpu-hal v29.0.4
2026-10-07T12:38:58.1344080Z [1m[92m    Checking[0m objc2-io-surface v0.3.2
2026-10-07T12:38:58.2850760Z [1m[92m    Checking[0m objc2-metal v0.3.2
2026-10-07T12:38:58.3834180Z [1m[92m   Compiling[0m khronos_api v3.1.0
2026-10-07T12:38:58.5366570Z [1m[92m   Compiling[0m crc32fast v1.5.1
2026-10-07T12:38:58.6871960Z [1m[92m    Checking[0m stable_deref_trait v1.2.1
2026-10-07T12:38:58.7065910Z [1m[92m    Checking[0m as-slice v0.2.1
2026-10-07T12:38:58.7597660Z [1m[92m    Checking[0m parking_lot v0.12.5
2026-10-07T12:38:58.8420900Z [1m[92m    Checking[0m v_frame v0.3.9
2026-10-07T12:38:58.9588190Z [1m[92m    Checking[0m num-rational v0.4.2
2026-10-07T12:38:59.8349580Z [1m[92m    Checking[0m rayon v1.12.0
2026-10-07T12:38:59.9340920Z [1m[92m    Checking[0m wgpu-naga-bridge v29.0.4
2026-10-07T12:38:59.9712490Z [1m[92m   Compiling[0m version_check v0.9.5
2026-10-07T12:39:00.1885150Z [1m[92m   Compiling[0m built v0.8.1
2026-10-07T12:39:00.5254880Z [1m[92m   Compiling[0m av-scenechange v0.14.1
2026-10-07T12:39:00.6595080Z [1m[92m   Compiling[0m rav1e v0.8.1
2026-10-07T12:39:00.7741650Z [1m[92m   Compiling[0m pulp v0.22.3
2026-10-07T12:39:01.0536680Z [1m[92m    Checking[0m aligned v0.4.3
2026-10-07T12:39:01.0920960Z [1m[92m    Checking[0m miniz_oxide v0.9.1
2026-10-07T12:39:01.1038220Z [1m[92m    Checking[0m nom v8.0.0
2026-10-07T12:39:01.3028220Z [1m[92m    Checking[0m no_std_io2 v0.9.4
2026-10-07T12:39:01.3231120Z [1m[92m   Compiling[0m wgpu-core v29.0.4
2026-10-07T12:39:01.5097860Z [1m[92m   Compiling[0m arg_enum_proc_macro v0.3.4
2026-10-07T12:39:01.8045210Z [1m[92m    Checking[0m quick-error v2.0.1
2026-10-07T12:39:01.8465830Z [1m[92m   Compiling[0m pastey v0.1.1
2026-10-07T12:39:02.1286580Z [1m[92m   Compiling[0m xml-rs v0.8.29
2026-10-07T12:39:02.4506200Z [1m[92m    Checking[0m objc2-quartz-core v0.3.2
2026-10-07T12:39:02.5885030Z [1m[92m    Checking[0m objc2-core-graphics v0.3.2
2026-10-07T12:39:02.6768220Z [1m[92m   Compiling[0m litrs v1.0.0
2026-10-07T12:39:02.7321800Z [1m[92m    Checking[0m raw-window-metal v1.1.0
2026-10-07T12:39:03.0733020Z [1m[92m    Checking[0m y4m v0.8.0
2026-10-07T12:39:03.4459050Z [1m[92m    Checking[0m objc2-core-video v0.3.2
2026-10-07T12:39:03.5201650Z [1m[92m   Compiling[0m gl_generator v0.14.0
2026-10-07T12:39:03.6715230Z [1m[92m   Compiling[0m document-features v0.2.12
2026-10-07T12:39:03.8182190Z [1m[92m    Checking[0m wgpu-core-deps-apple v29.0.4
2026-10-07T12:39:03.8485750Z [1m[92m    Checking[0m av1-grain v0.2.5
2026-10-07T12:39:03.8902640Z [1m[92m    Checking[0m bitstream-io v4.10.0
2026-10-07T12:39:04.0266790Z [1m[92m    Checking[0m flate2 v1.1.10
2026-10-07T12:39:04.1093720Z [1m[92m    Checking[0m maybe-rayon v0.1.1
2026-10-07T12:39:04.1990610Z [1m[92m    Checking[0m itertools v0.14.0
2026-10-07T12:39:04.2081110Z [1m[92m    Checking[0m miniz_oxide v0.8.9
2026-10-07T12:39:04.2637240Z [1m[92m    Checking[0m num-complex v0.4.6
2026-10-07T12:39:04.4250390Z [1m[92m   Compiling[0m wgpu v29.0.4
2026-10-07T12:39:04.4714750Z [1m[92m   Compiling[0m num-derive v0.4.2
2026-10-07T12:39:04.6872810Z [1m[92m   Compiling[0m simd_helpers v0.1.0
2026-10-07T12:39:04.8287110Z [1m[92m    Checking[0m weezl v0.1.12
2026-10-07T12:39:04.9446960Z [1m[92m   Compiling[0m noop_proc_macro v0.3.0
2026-10-07T12:39:04.9649450Z [1m[92m    Checking[0m new_debug_unreachable v1.0.6
2026-10-07T12:39:04.9768840Z [1m[92m    Checking[0m zune-core v0.5.3
2026-10-07T12:39:04.9859840Z [1m[92m    Checking[0m imgref v1.12.3
2026-10-07T12:39:05.0699190Z [1m[92m    Checking[0m reborrow v0.5.5
2026-10-07T12:39:05.0911950Z [1m[92m    Checking[0m pulp-wasm-simd-flag v0.1.1
2026-10-07T12:39:05.0948960Z [1m[92m    Checking[0m loop9 v0.1.5
2026-10-07T12:39:05.1072010Z [1m[92m    Checking[0m zune-jpeg v0.5.15
2026-10-07T12:39:08.0806230Z [1m[92m   Compiling[0m grafting v0.6.0
2026-10-07T12:39:08.3427080Z [1m[92m    Checking[0m objc2-cloud-kit v0.3.2
2026-10-07T12:39:08.5085670Z [1m[92m    Checking[0m objc2-core-data v0.3.2
2026-10-07T12:39:08.7010530Z [1m[92m    Checking[0m objc2-core-image v0.3.2
2026-10-07T12:39:08.8050950Z [1m[92m    Checking[0m fdeflate v0.3.7
2026-10-07T12:39:08.9114580Z [1m[92m    Checking[0m zune-inflate v0.2.54
2026-10-07T12:39:08.9229500Z [1m[92m    Checking[0m avif-serialize v0.8.9
2026-10-07T12:39:08.9834180Z [1m[92m    Checking[0m objc2-core-text v0.3.2
2026-10-07T12:39:09.0179060Z [1m[92m    Checking[0m objc2-core-audio v0.3.2
2026-10-07T12:39:09.0503500Z [1m[92m    Checking[0m objc2-core-audio-types v0.3.2
2026-10-07T12:39:09.1189190Z [1m[92m    Checking[0m bit_field v0.10.3
2026-10-07T12:39:09.1567070Z [1m[92m    Checking[0m pxfm v0.1.30
2026-10-07T12:39:09.1693810Z [1m[92m    Checking[0m fax v0.2.7
2026-10-07T12:39:09.2324070Z [1m[92m   Compiling[0m pkg-config v0.3.34
2026-10-07T12:39:09.2821070Z [1m[92m   Compiling[0m by_address v1.2.1
2026-10-07T12:39:09.3180450Z [1m[92m    Checking[0m color_quant v1.1.0
2026-10-07T12:39:09.3649630Z [1m[92m    Checking[0m static_assertions v1.1.0
2026-10-07T12:39:09.3875780Z [1m[92m    Checking[0m lebe v0.5.3
2026-10-07T12:39:09.4491480Z [1m[92m    Checking[0m byteorder-lite v0.1.0
2026-10-07T12:39:09.5253400Z [1m[92m    Checking[0m rgb v0.8.53
2026-10-07T12:39:09.5625330Z [1m[92m    Checking[0m image-webp v0.2.4
2026-10-07T12:39:09.6718370Z [1m[92m    Checking[0m ravif v0.13.0
2026-10-07T12:39:09.7649730Z [1m[92m   Compiling[0m scrying v0.7.1 (/Users/runner/work/wgpu-scry/wgpu-scry/scrying)
2026-10-07T12:39:09.8695010Z [1m[92m    Checking[0m exr v1.74.2
2026-10-07T12:39:10.3608290Z [1m[92m    Checking[0m moxcms v0.8.1
2026-10-07T12:39:11.1471510Z [1m[92m    Checking[0m gif v0.14.2
2026-10-07T12:39:11.2655300Z [1m[92m   Compiling[0m palette_derive v0.7.7
2026-10-07T12:39:11.3149220Z [1m[92m    Checking[0m tiff v0.11.3
2026-10-07T12:39:11.7683880Z [1m[92m    Checking[0m objc2-core-media v0.3.2
2026-10-07T12:39:11.8288530Z [1m[92m    Checking[0m objc2-app-kit v0.3.2
2026-10-07T12:39:12.0668390Z [1m[92m    Checking[0m png v0.18.1
2026-10-07T12:39:12.1602990Z [1m[92m    Checking[0m objc2-av-foundation v0.3.2
2026-10-07T12:39:12.1944820Z [1m[92m    Checking[0m objc2-uniform-type-identifiers v0.3.2
2026-10-07T12:39:12.2599770Z [1m[92m    Checking[0m qoi v0.4.1
2026-10-07T12:39:12.3556530Z [1m[92m    Checking[0m objc2-security v0.3.2
2026-10-07T12:39:12.4366930Z [1m[92m    Checking[0m objc2-javascript-core v0.3.2
2026-10-07T12:39:12.4773000Z [1m[92m    Checking[0m dpi v0.1.2
2026-10-07T12:39:12.5367780Z [1m[92m    Checking[0m palette_math v0.7.7
2026-10-07T12:39:12.5885950Z [1m[92m    Checking[0m palette v0.7.7
2026-10-07T12:39:12.6391840Z [1m[92m    Checking[0m image v0.25.10
2026-10-07T12:39:14.1233100Z [1m[92m    Checking[0m objc2-screen-capture-kit v0.3.2
2026-10-07T12:39:29.1269940Z [1m[92m    Checking[0m objc2-web-kit v0.3.2
2026-10-07T12:39:34.7405390Z [1m[92m    Finished[0m `dev` profile [unoptimized + debuginfo] target(s) in 56.53s
2026-10-07T12:39:34.8775650Z Post job cleanup.
2026-10-07T12:39:35.2175290Z [command]/opt/homebrew/bin/git version
2026-10-07T12:39:35.2405550Z git version 2.55.0
2026-10-07T12:39:35.2429320Z Copying '/Users/runner/.gitconfig' to '/Users/runner/work/_temp/b80cea16-5226-408b-a079-bc46c12edc6b/.gitconfig'
2026-10-07T12:39:35.2461220Z Temporarily overriding HOME='/Users/runner/work/_temp/b80cea16-5226-408b-a079-bc46c12edc6b' before making global git config changes
2026-10-07T12:39:35.2465500Z Adding repository directory to the temporary git global config as a safe directory
2026-10-07T12:39:35.2466530Z [command]/opt/homebrew/bin/git config --global --add safe.directory /Users/runner/work/wgpu-scry/wgpu-scry
2026-10-07T12:39:35.2575110Z [command]/opt/homebrew/bin/git config --local --name-only --get-regexp core\.sshCommand
2026-10-07T12:39:35.2641870Z [command]/opt/homebrew/bin/git submodule foreach --recursive sh -c "git config --local --name-only --get-regexp 'core\.sshCommand' && git config --local --unset-all 'core.sshCommand' || :"
2026-10-07T12:39:35.3714870Z [command]/opt/homebrew/bin/git config --local --name-only --get-regexp http\.https\:\/\/github\.com\/\.extraheader
2026-10-07T12:39:35.3772540Z http.https://github.com/.extraheader
2026-10-07T12:39:35.3780000Z [command]/opt/homebrew/bin/git config --local --unset-all http.https://github.com/.extraheader
2026-10-07T12:39:35.3857120Z [command]/opt/homebrew/bin/git submodule foreach --recursive sh -c "git config --local --name-only --get-regexp 'http\.https\:\/\/github\.com\/\.extraheader' && git config --local --unset-all 'http.https://github.com/.extraheader' || :"
2026-10-07T12:39:35.4669400Z [command]/opt/homebrew/bin/git config --local --name-only --get-regexp ^includeIf\.gitdir:
2026-10-07T12:39:35.4733530Z [command]/opt/homebrew/bin/git submodule foreach --recursive git config --local --show-origin --name-only --get-regexp remote.origin.url
2026-10-07T12:39:35.5654940Z Cleaning up orphan processes
2026-10-07T12:39:36.2216380Z ##[warning]Node.js 20 is deprecated. The following actions target Node.js 20 but are being forced to run on Node.js 24: actions/checkout@v4. For more information see: https://github.blog/changelog/2025-09-19-deprecation-of-node-20-on-github-actions-runners/
