2026-10-07T12:38:27.3095170Z Current runner version: '2.337.0'
2026-10-07T12:38:27.3108740Z ##[group]Runner Image Provisioner
2026-10-07T12:38:27.3109220Z Hosted Compute Agent
2026-10-07T12:38:27.3109560Z Version: 20260828.587
2026-10-07T12:38:27.3109930Z Commit: abac92662cab4cc7352de4f9f9d2e2419aad9c29
2026-10-07T12:38:27.3110360Z Build Date: 2026-08-28T16:44:25Z
2026-10-07T12:38:27.3110760Z Worker ID: {b52556dd-71ae-4541-9edc-0c9c0d06fc55}
2026-10-07T12:38:27.3111180Z Azure Region: westus
2026-10-07T12:38:27.3111520Z ##[endgroup]
2026-10-07T12:38:27.3112280Z ##[group]Operating System
2026-10-07T12:38:27.3112630Z macOS
2026-10-07T12:38:27.3112920Z 26.6.2
2026-10-07T12:38:27.3113210Z 25G83
2026-10-07T12:38:27.3113510Z ##[endgroup]
2026-10-07T12:38:27.3113830Z ##[group]Runner Image
2026-10-07T12:38:27.3114180Z Image: macos-26-arm64
2026-10-07T12:38:27.3114520Z Version: 20260907.0351.1
2026-10-07T12:38:27.3115250Z Included Software: https://github.com/actions/runner-images/blob/macos-26-arm64/20260907.0351/images/macos/macos-26-arm64-Readme.md
2026-10-07T12:38:27.3116220Z Image Release: https://github.com/actions/runner-images/releases/tag/macos-26-arm64%2F20260907.0351
2026-10-07T12:38:27.3116840Z ##[endgroup]
2026-10-07T12:38:27.3117510Z ##[group]GITHUB_TOKEN Permissions
2026-10-07T12:38:27.3118410Z Contents: read
2026-10-07T12:38:27.3118740Z Metadata: read
2026-10-07T12:38:27.3119070Z ##[endgroup]
2026-10-07T12:38:27.3120310Z Secret source: Actions
2026-10-07T12:38:27.3120840Z Cache mode: write
2026-10-07T12:38:27.3121350Z Prepare workflow directory
2026-10-07T12:38:27.3787360Z Prepare all required actions
2026-10-07T12:38:27.4099380Z Getting action download info
2026-10-07T12:38:27.7398160Z Download action repository 'actions/checkout@v4' (SHA:11d5960a326750d5838078e36cf38b85af677262)
2026-10-07T12:38:27.9949880Z Download action repository 'dtolnay/rust-toolchain@master' (SHA:7e38f4b43b4db5c8dd498af069a4f6196df1d067)
2026-10-07T12:38:28.5240330Z Uses: merely-made/.github/.github/workflows/wgpu-msrv.yml@refs/heads/main (0ecf5ddd3a74095590b62a3be5a895a13cb17e93)
2026-10-07T12:38:28.5243990Z ##[group] Inputs
2026-10-07T12:38:28.5244450Z   crate: scrying
2026-10-07T12:38:28.5244900Z   toolchain: 1.92.0
2026-10-07T12:38:28.5245460Z   os: ["ubuntu-latest", "macos-latest", "windows-latest"]
2026-10-07T12:38:28.5246090Z   wgpu-versions: ["wgpu-28", "wgpu-29", "wgpu-30"]
2026-10-07T12:38:28.5246960Z   run-library: true
2026-10-07T12:38:28.5247380Z   lib-args: --lib --no-default-features
2026-10-07T12:38:28.5247910Z   test-row: 
2026-10-07T12:38:28.5266260Z   rustflags: 
2026-10-07T12:38:28.5266680Z   extra-check: 
2026-10-07T12:38:28.5267040Z   extra-check-name: extra graph
2026-10-07T12:38:28.5267440Z   linux-apt-packages: 
2026-10-07T12:38:28.5268690Z   timeout-minutes: 45
2026-10-07T12:38:28.5269100Z ##[endgroup]
2026-10-07T12:38:28.5269560Z Complete job name: platform-api / Rust 1.92.0 / macos-latest / wgpu-30
2026-10-07T12:38:28.5703820Z ##[group]Run actions/checkout@v4
2026-10-07T12:38:28.5704440Z with:
2026-10-07T12:38:28.5704770Z   repository: merely-made/wgpu-scry
2026-10-07T12:38:28.5707630Z   token: ***
2026-10-07T12:38:28.5707980Z   ssh-strict: true
2026-10-07T12:38:28.5708330Z   ssh-user: git
2026-10-07T12:38:28.5708660Z   persist-credentials: true
2026-10-07T12:38:28.5709010Z   clean: true
2026-10-07T12:38:28.5709330Z   sparse-checkout-cone-mode: true
2026-10-07T12:38:28.5709700Z   fetch-depth: 1
2026-10-07T12:38:28.5710050Z   fetch-tags: false
2026-10-07T12:38:28.5710380Z   show-progress: true
2026-10-07T12:38:28.5710700Z   lfs: false
2026-10-07T12:38:28.5711000Z   submodules: false
2026-10-07T12:38:28.5711440Z   set-safe-directory: true
2026-10-07T12:38:28.5711830Z   allow-unsafe-pr-checkout: false
2026-10-07T12:38:28.5712410Z env:
2026-10-07T12:38:28.5712950Z   CARGO_TERM_COLOR: always
2026-10-07T12:38:28.5713320Z   CARGO_NET_GIT_FETCH_WITH_CLI: true
2026-10-07T12:38:28.5713720Z   RUSTFLAGS: 
2026-10-07T12:38:28.5714180Z   RUSTUP_TOOLCHAIN: 1.92.0
2026-10-07T12:38:28.5714570Z ##[endgroup]
2026-10-07T12:38:28.9616320Z Syncing repository: merely-made/wgpu-scry
2026-10-07T12:38:28.9619040Z ##[group]Getting Git version info
2026-10-07T12:38:28.9619720Z Working directory is '/Users/runner/work/wgpu-scry/wgpu-scry'
2026-10-07T12:38:28.9620520Z [command]/opt/homebrew/bin/git version
2026-10-07T12:38:29.0124390Z git version 2.55.0
2026-10-07T12:38:29.0134650Z ##[endgroup]
2026-10-07T12:38:29.0140870Z Copying '/Users/runner/.gitconfig' to '/Users/runner/work/_temp/1dc31e26-734d-489f-a785-ca842dbc03a5/.gitconfig'
2026-10-07T12:38:29.0147390Z Temporarily overriding HOME='/Users/runner/work/_temp/1dc31e26-734d-489f-a785-ca842dbc03a5' before making global git config changes
2026-10-07T12:38:29.0148640Z Adding repository directory to the temporary git global config as a safe directory
2026-10-07T12:38:29.0150910Z [command]/opt/homebrew/bin/git config --global --add safe.directory /Users/runner/work/wgpu-scry/wgpu-scry
2026-10-07T12:38:29.0254050Z Deleting the contents of '/Users/runner/work/wgpu-scry/wgpu-scry'
2026-10-07T12:38:29.0257780Z ##[group]Initializing the repository
2026-10-07T12:38:29.0265840Z [command]/opt/homebrew/bin/git init /Users/runner/work/wgpu-scry/wgpu-scry
2026-10-07T12:38:29.0462560Z hint: Using 'master' as the name for the initial branch. This default branch name
2026-10-07T12:38:29.0463750Z hint: will change to "main" in Git 3.0. To configure the initial branch name
2026-10-07T12:38:29.0465430Z hint: to use in all of your new repositories, which will suppress this warning,
2026-10-07T12:38:29.0466850Z hint: call:
2026-10-07T12:38:29.0467320Z hint:
2026-10-07T12:38:29.0467830Z hint: 	git config --global init.defaultBranch <name>
2026-10-07T12:38:29.0468420Z hint:
2026-10-07T12:38:29.0468960Z hint: Names commonly chosen instead of 'master' are 'main', 'trunk' and
2026-10-07T12:38:29.0470790Z hint: 'development'. The just-created branch can be renamed via this command:
2026-10-07T12:38:29.0471540Z hint:
2026-10-07T12:38:29.0471980Z hint: 	git branch -m <name>
2026-10-07T12:38:29.0472390Z hint:
2026-10-07T12:38:29.0472970Z hint: Disable this message with "git config set advice.defaultBranchName false"
2026-10-07T12:38:29.0473930Z Initialized empty Git repository in /Users/runner/work/wgpu-scry/wgpu-scry/.git/
2026-10-07T12:38:29.0476490Z [command]/opt/homebrew/bin/git remote add origin https://github.com/merely-made/wgpu-scry
2026-10-07T12:38:29.0542900Z ##[endgroup]
2026-10-07T12:38:29.0543580Z ##[group]Disabling automatic garbage collection
2026-10-07T12:38:29.0545450Z [command]/opt/homebrew/bin/git config --local gc.auto 0
2026-10-07T12:38:29.0600470Z ##[endgroup]
2026-10-07T12:38:29.0601100Z ##[group]Setting up auth
2026-10-07T12:38:29.0604740Z [command]/opt/homebrew/bin/git config --local --name-only --get-regexp core\.sshCommand
2026-10-07T12:38:29.0665540Z [command]/opt/homebrew/bin/git submodule foreach --recursive sh -c "git config --local --name-only --get-regexp 'core\.sshCommand' && git config --local --unset-all 'core.sshCommand' || :"
2026-10-07T12:38:29.1534710Z [command]/opt/homebrew/bin/git config --local --name-only --get-regexp http\.https\:\/\/github\.com\/\.extraheader
2026-10-07T12:38:29.1606100Z [command]/opt/homebrew/bin/git submodule foreach --recursive sh -c "git config --local --name-only --get-regexp 'http\.https\:\/\/github\.com\/\.extraheader' && git config --local --unset-all 'http.https://github.com/.extraheader' || :"
2026-10-07T12:38:29.2471130Z [command]/opt/homebrew/bin/git config --local --name-only --get-regexp ^includeIf\.gitdir:
2026-10-07T12:38:29.2537080Z [command]/opt/homebrew/bin/git submodule foreach --recursive git config --local --show-origin --name-only --get-regexp remote.origin.url
2026-10-07T12:38:29.4012400Z [command]/opt/homebrew/bin/git config --local http.https://github.com/.extraheader AUTHORIZATION: basic ***
2026-10-07T12:38:29.4064430Z ##[endgroup]
2026-10-07T12:38:29.4065290Z ##[group]Fetching the repository
2026-10-07T12:38:29.4066530Z [command]/opt/homebrew/bin/git -c protocol.version=2 fetch --no-tags --prune --no-recurse-submodules --depth=1 origin +4771072a6827695dfaba9db104cd48b87e6cd543:refs/remotes/origin/main
2026-10-07T12:38:30.5204210Z From https://github.com/merely-made/wgpu-scry
2026-10-07T12:38:30.5307070Z  * [new ref]         4771072a6827695dfaba9db104cd48b87e6cd543 -> origin/main
2026-10-07T12:38:30.5439890Z ##[endgroup]
2026-10-07T12:38:30.5537580Z ##[group]Determining the checkout info
2026-10-07T12:38:30.5595960Z ##[endgroup]
2026-10-07T12:38:30.5609910Z [command]/opt/homebrew/bin/git sparse-checkout disable
2026-10-07T12:38:30.5625420Z [command]/opt/homebrew/bin/git config --local --unset-all extensions.worktreeConfig
2026-10-07T12:38:30.5636630Z ##[group]Checking out the ref
2026-10-07T12:38:30.5639980Z [command]/opt/homebrew/bin/git checkout --progress --force -B main refs/remotes/origin/main
2026-10-07T12:38:30.6017050Z Switched to a new branch 'main'
2026-10-07T12:38:30.6023920Z branch 'main' set up to track 'origin/main'.
2026-10-07T12:38:30.6026090Z ##[endgroup]
2026-10-07T12:38:30.6137570Z [command]/opt/homebrew/bin/git log -1 --format=%H
2026-10-07T12:38:30.6263400Z 4771072a6827695dfaba9db104cd48b87e6cd543
2026-10-07T12:38:30.6892480Z ##[group]Run dtolnay/rust-toolchain@master
2026-10-07T12:38:30.6893350Z with:
2026-10-07T12:38:30.6894000Z   toolchain: 1.92.0
2026-10-07T12:38:30.6894680Z env:
2026-10-07T12:38:30.6895390Z   CARGO_TERM_COLOR: always
2026-10-07T12:38:30.6896220Z   CARGO_NET_GIT_FETCH_WITH_CLI: true
2026-10-07T12:38:30.6897080Z   RUSTFLAGS: 
2026-10-07T12:38:30.6897800Z   RUSTUP_TOOLCHAIN: 1.92.0
2026-10-07T12:38:30.6898610Z ##[endgroup]
2026-10-07T12:38:30.6973150Z ##[start-action display=Parse toolchain version;id=__dtolnay_rust-toolchain.parse]
2026-10-07T12:38:30.7039220Z ##[group]Run if [[ -z $toolchain ]]; then
2026-10-07T12:38:30.7040210Z [36;1mif [[ -z $toolchain ]]; then[0m
2026-10-07T12:38:30.7041580Z [36;1m  # GitHub does not enforce `required: true` inputs itself. https://github.com/actions/runner/issues/1070[0m
2026-10-07T12:38:30.7042960Z [36;1m  echo "'toolchain' is a required input" >&2[0m
2026-10-07T12:38:30.7043840Z [36;1m  exit 1[0m
2026-10-07T12:38:30.7044780Z [36;1melif [[ $toolchain =~ ^stable' '[0-9]+' '(year|month|week|day)s?' 'ago$ ]]; then[0m
2026-10-07T12:38:30.7045830Z [36;1m  if [[ macOS == macOS ]]; then[0m
2026-10-07T12:38:30.7047130Z [36;1m    echo "toolchain=1.$((($(date -v-$(sed 's/stable \([0-9]*\) \(.\).*/\1\2/' <<< $toolchain) +%s)/60/60/24-16569)/7/6))" >> $GITHUB_OUTPUT[0m
2026-10-07T12:38:30.7048540Z [36;1m  else[0m
2026-10-07T12:38:30.7049670Z [36;1m    echo "toolchain=1.$((($(date --date "${toolchain#stable }" +%s)/60/60/24-16569)/7/6))" >> $GITHUB_OUTPUT[0m
2026-10-07T12:38:30.7050850Z [36;1m  fi[0m
2026-10-07T12:38:30.7051680Z [36;1melif [[ $toolchain =~ ^stable' 'minus' '[0-9]+' 'releases?$ ]]; then[0m
2026-10-07T12:38:30.7053140Z [36;1m  echo "toolchain=1.$((($(date +%s)/60/60/24-16569)/7/6-${toolchain//[^0-9]/}))" >> $GITHUB_OUTPUT[0m
2026-10-07T12:38:30.7054350Z [36;1melif [[ $toolchain =~ ^1\.[0-9]+$ ]]; then[0m
2026-10-07T12:38:30.7055880Z [36;1m  echo "toolchain=1.$((i=${toolchain#1.}, c=($(date +%s)/60/60/24-16569)/7/6, i+9*i*(10*i<=c)+90*i*(100*i<=c)))" >> $GITHUB_OUTPUT[0m
2026-10-07T12:38:30.7057330Z [36;1melse[0m
2026-10-07T12:38:30.7058080Z [36;1m  echo "toolchain=$toolchain" >> $GITHUB_OUTPUT[0m
2026-10-07T12:38:30.7058890Z [36;1mfi[0m
2026-10-07T12:38:30.7105580Z shell: /bin/bash --noprofile --norc -e -o pipefail {0}
2026-10-07T12:38:30.7106460Z env:
2026-10-07T12:38:30.7107050Z   CARGO_TERM_COLOR: always
2026-10-07T12:38:30.7107760Z   CARGO_NET_GIT_FETCH_WITH_CLI: true
2026-10-07T12:38:30.7108490Z   RUSTFLAGS: 
2026-10-07T12:38:30.7109110Z   RUSTUP_TOOLCHAIN: 1.92.0
2026-10-07T12:38:30.7109810Z   toolchain: 1.92.0
2026-10-07T12:38:30.7110410Z ##[endgroup]
2026-10-07T12:38:30.7422240Z ##[end-action id=__dtolnay_rust-toolchain.parse;outcome=success;conclusion=success;duration_ms=44]
2026-10-07T12:38:30.7434480Z ##[start-action display=Construct rustup command line;id=__dtolnay_rust-toolchain.flags]
2026-10-07T12:38:30.7470210Z ##[group]Run echo "targets=$(for t in ${targets//,/ }; do echo -n ' --target' $t; done)" >> $GITHUB_OUTPUT
2026-10-07T12:38:30.7472070Z [36;1mecho "targets=$(for t in ${targets//,/ }; do echo -n ' --target' $t; done)" >> $GITHUB_OUTPUT[0m
2026-10-07T12:38:30.7473850Z [36;1mecho "components=$(for c in ${components//,/ }; do echo -n ' --component' $c; done)" >> $GITHUB_OUTPUT[0m
2026-10-07T12:38:30.7475130Z [36;1mecho "downgrade=" >> $GITHUB_OUTPUT[0m
2026-10-07T12:38:30.7508320Z shell: /bin/bash --noprofile --norc -e -o pipefail {0}
2026-10-07T12:38:30.7509300Z env:
2026-10-07T12:38:30.7509970Z   CARGO_TERM_COLOR: always
2026-10-07T12:38:30.7510740Z   CARGO_NET_GIT_FETCH_WITH_CLI: true
2026-10-07T12:38:30.7511580Z   RUSTFLAGS: 
2026-10-07T12:38:30.7512350Z   RUSTUP_TOOLCHAIN: 1.92.0
2026-10-07T12:38:30.7513180Z   targets: 
2026-10-07T12:38:30.7513800Z   components: 
2026-10-07T12:38:30.7514430Z ##[endgroup]
2026-10-07T12:38:30.7799650Z ##[end-action id=__dtolnay_rust-toolchain.flags;outcome=success;conclusion=success;duration_ms=36]
2026-10-07T12:38:30.7805490Z ##[start-action display=Set $CARGO_HOME;id=__dtolnay_rust-toolchain.__run]
2026-10-07T12:38:30.7857950Z ##[group]Run echo CARGO_HOME=${CARGO_HOME:-"$HOME/.cargo"} >> $GITHUB_ENV
2026-10-07T12:38:30.7859100Z [36;1mecho CARGO_HOME=${CARGO_HOME:-"$HOME/.cargo"} >> $GITHUB_ENV[0m
2026-10-07T12:38:30.7890860Z shell: /bin/bash --noprofile --norc -e -o pipefail {0}
2026-10-07T12:38:30.7891650Z env:
2026-10-07T12:38:30.7892200Z   CARGO_TERM_COLOR: always
2026-10-07T12:38:30.7892820Z   CARGO_NET_GIT_FETCH_WITH_CLI: true
2026-10-07T12:38:30.7893510Z   RUSTFLAGS: 
2026-10-07T12:38:30.7894040Z   RUSTUP_TOOLCHAIN: 1.92.0
2026-10-07T12:38:30.7894620Z ##[endgroup]
2026-10-07T12:38:30.8137270Z ##[end-action id=__dtolnay_rust-toolchain.__run;outcome=success;conclusion=success;duration_ms=32]
2026-10-07T12:38:30.8142680Z ##[start-action display=Install rustup if needed;id=__dtolnay_rust-toolchain.__run_2]
2026-10-07T12:38:30.8185050Z ##[group]Run if ! command -v rustup &>/dev/null; then
2026-10-07T12:38:30.8186350Z [36;1mif ! command -v rustup &>/dev/null; then[0m
2026-10-07T12:38:30.8188220Z [36;1m  curl --proto '=https' --tlsv1.2 --retry 10 --retry-connrefused --location --silent --show-error --fail https://sh.rustup.rs | sh -s -- --default-toolchain none -y[0m
2026-10-07T12:38:30.8190010Z [36;1m  echo "$CARGO_HOME/bin" >> $GITHUB_PATH[0m
2026-10-07T12:38:30.8190810Z [36;1mfi[0m
2026-10-07T12:38:30.8224040Z shell: /bin/bash --noprofile --norc -e -o pipefail {0}
2026-10-07T12:38:30.8224840Z env:
2026-10-07T12:38:30.8225430Z   CARGO_TERM_COLOR: always
2026-10-07T12:38:30.8226060Z   CARGO_NET_GIT_FETCH_WITH_CLI: true
2026-10-07T12:38:30.8226700Z   RUSTFLAGS: 
2026-10-07T12:38:30.8227340Z   RUSTUP_TOOLCHAIN: 1.92.0
2026-10-07T12:38:30.8227950Z   CARGO_HOME: /Users/runner/.cargo
2026-10-07T12:38:30.8228590Z ##[endgroup]
2026-10-07T12:38:30.8470890Z ##[end-action id=__dtolnay_rust-toolchain.__run_2;outcome=success;conclusion=success;duration_ms=32]
2026-10-07T12:38:30.8475880Z ##[start-action display=Install rustup if needed on windows;id=__dtolnay_rust-toolchain.__run_3]
2026-10-07T12:38:30.8485710Z ##[end-action id=__dtolnay_rust-toolchain.__run_3;outcome=skipped;conclusion=skipped;duration_ms=0]
2026-10-07T12:38:30.8496860Z ##[start-action display=rustup toolchain install 1.92.0;id=__dtolnay_rust-toolchain.__run_4]
2026-10-07T12:38:30.8531480Z ##[group]Run log=$(mktemp)
2026-10-07T12:38:30.8532180Z [36;1mlog=$(mktemp)[0m
2026-10-07T12:38:30.8532790Z [36;1mtrap 'rm -f "$log"' EXIT[0m
2026-10-07T12:38:30.8533530Z [36;1mfor attempt in 1 2 3 4 5; do[0m
2026-10-07T12:38:30.8534800Z [36;1m  if rustup toolchain install 1.92.0 --profile minimal --no-self-update --force-non-host 2>&1 | tee "$log"; then[0m
2026-10-07T12:38:30.8536240Z [36;1m    break[0m
2026-10-07T12:38:30.8536840Z [36;1m  else[0m
2026-10-07T12:38:30.8537460Z [36;1m    status=$?[0m
2026-10-07T12:38:30.8538040Z [36;1m  fi[0m
2026-10-07T12:38:30.8538880Z [36;1m  if [[ $attempt == 5 ]] || ! grep -Fq 'checksum failed for ' "$log" \[0m
2026-10-07T12:38:30.8540480Z [36;1m      || ! grep -Fq 'this is likely due to an ongoing update of the official release server' "$log"; then[0m
2026-10-07T12:38:30.8541960Z [36;1m    exit "$status"[0m
2026-10-07T12:38:30.8543000Z [36;1m  fi[0m
2026-10-07T12:38:30.8544080Z [36;1m  echo "Retrying rustup toolchain install in 30 seconds (retry $attempt of 4)" >&2[0m
2026-10-07T12:38:30.8545300Z [36;1m  sleep 30[0m
2026-10-07T12:38:30.8546430Z [36;1mdone[0m
2026-10-07T12:38:30.8580420Z shell: /bin/bash --noprofile --norc -e -o pipefail {0}
2026-10-07T12:38:30.8581190Z env:
2026-10-07T12:38:30.8581720Z   CARGO_TERM_COLOR: always
2026-10-07T12:38:30.8582320Z   CARGO_NET_GIT_FETCH_WITH_CLI: true
2026-10-07T12:38:30.8582970Z   RUSTFLAGS: 
2026-10-07T12:38:30.8583490Z   RUSTUP_TOOLCHAIN: 1.92.0
2026-10-07T12:38:30.8584110Z   CARGO_HOME: /Users/runner/.cargo
2026-10-07T12:38:30.8584770Z   RUSTUP_PERMIT_COPY_RENAME: 1
2026-10-07T12:38:30.8585380Z ##[endgroup]
2026-10-07T12:38:30.9538630Z info: syncing channel updates for 1.92.0-aarch64-apple-darwin
2026-10-07T12:38:31.2363320Z info: latest update on 2025-12-11 for version 1.92.0 (ded5c06cf 2025-12-08)
2026-10-07T12:38:31.2408330Z info: downloading 3 components
2026-10-07T12:38:38.0804100Z 
2026-10-07T12:38:38.2166310Z   1.92.0-aarch64-apple-darwin installed - rustc 1.92.0 (ded5c06cf 2025-12-08)
2026-10-07T12:38:38.2166860Z 
2026-10-07T12:38:38.2167230Z info: self-update is disabled for this build of rustup
2026-10-07T12:38:38.2167670Z info: any updates to rustup will need to be fetched with your system package manager
2026-10-07T12:38:38.2618910Z ##[end-action id=__dtolnay_rust-toolchain.__run_4;outcome=success;conclusion=success;duration_ms=7412]
2026-10-07T12:38:38.2627000Z ##[start-action display=rustup default 1.92.0;id=__dtolnay_rust-toolchain.__run_5]
2026-10-07T12:38:38.2653350Z ##[group]Run rustup default 1.92.0 --force-non-host
2026-10-07T12:38:38.2653790Z [36;1mrustup default 1.92.0 --force-non-host[0m
2026-10-07T12:38:38.2690240Z shell: /bin/bash --noprofile --norc -e -o pipefail {0}
2026-10-07T12:38:38.2690710Z env:
2026-10-07T12:38:38.2690990Z   CARGO_TERM_COLOR: always
2026-10-07T12:38:38.2691250Z   CARGO_NET_GIT_FETCH_WITH_CLI: true
2026-10-07T12:38:38.2691510Z   RUSTFLAGS: 
2026-10-07T12:38:38.2691790Z   RUSTUP_TOOLCHAIN: 1.92.0
2026-10-07T12:38:38.2692030Z   CARGO_HOME: /Users/runner/.cargo
2026-10-07T12:38:38.2692260Z ##[endgroup]
2026-10-07T12:38:38.3208510Z info: using existing install for 1.92.0-aarch64-apple-darwin
2026-10-07T12:38:38.3224580Z info: default toolchain set to 1.92.0-aarch64-apple-darwin
2026-10-07T12:38:38.3224900Z 
2026-10-07T12:38:38.3309920Z info: note that the toolchain '1.92.0-aarch64-apple-darwin' is currently in use (overridden by environment variable RUSTUP_TOOLCHAIN)
2026-10-07T12:38:38.3310680Z   1.92.0-aarch64-apple-darwin unchanged - rustc 1.92.0 (ded5c06cf 2025-12-08)
2026-10-07T12:38:38.3310990Z 
2026-10-07T12:38:38.3321520Z ##[end-action id=__dtolnay_rust-toolchain.__run_5;outcome=success;conclusion=success;duration_ms=69]
2026-10-07T12:38:38.3324210Z ##[start-action display=Create cachekey;id=__dtolnay_rust-toolchain.rustc-version]
2026-10-07T12:38:38.3345870Z ##[group]Run DATE=$(rustc +1.92.0 --version --verbose | sed -ne 's/^commit-date: \(20[0-9][0-9]\)-\([01][0-9]\)-\([0-3][0-9]\)$/\1\2\3/p')
2026-10-07T12:38:38.3346580Z [36;1mDATE=$(rustc +1.92.0 --version --verbose | sed -ne 's/^commit-date: \(20[0-9][0-9]\)-\([01][0-9]\)-\([0-3][0-9]\)$/\1\2\3/p')[0m
2026-10-07T12:38:38.3347180Z [36;1mHASH=$(rustc +1.92.0 --version --verbose | sed -ne 's/^commit-hash: //p')[0m
2026-10-07T12:38:38.3347690Z [36;1mecho "cachekey=$(echo $DATE$HASH | head -c12)" >> $GITHUB_OUTPUT[0m
2026-10-07T12:38:38.3381090Z shell: /bin/bash --noprofile --norc -e -o pipefail {0}
2026-10-07T12:38:38.3381410Z env:
2026-10-07T12:38:38.3381630Z   CARGO_TERM_COLOR: always
2026-10-07T12:38:38.3381900Z   CARGO_NET_GIT_FETCH_WITH_CLI: true
2026-10-07T12:38:38.3382160Z   RUSTFLAGS: 
2026-10-07T12:38:38.3382360Z   RUSTUP_TOOLCHAIN: 1.92.0
2026-10-07T12:38:38.3383190Z   CARGO_HOME: /Users/runner/.cargo
2026-10-07T12:38:38.3383450Z ##[endgroup]
2026-10-07T12:38:38.4119280Z ##[end-action id=__dtolnay_rust-toolchain.rustc-version;outcome=success;conclusion=success;duration_ms=79]
2026-10-07T12:38:38.4121930Z ##[start-action display=Disable incremental compilation;id=__dtolnay_rust-toolchain.__run_6]
2026-10-07T12:38:38.4142700Z ##[group]Run if [ -z "${CARGO_INCREMENTAL+set}" ]; then
2026-10-07T12:38:38.4143110Z [36;1mif [ -z "${CARGO_INCREMENTAL+set}" ]; then[0m
2026-10-07T12:38:38.4143470Z [36;1m  echo CARGO_INCREMENTAL=0 >> $GITHUB_ENV[0m
2026-10-07T12:38:38.4143720Z [36;1mfi[0m
2026-10-07T12:38:38.4174320Z shell: /bin/bash --noprofile --norc -e -o pipefail {0}
2026-10-07T12:38:38.4174620Z env:
2026-10-07T12:38:38.4174800Z   CARGO_TERM_COLOR: always
2026-10-07T12:38:38.4175030Z   CARGO_NET_GIT_FETCH_WITH_CLI: true
2026-10-07T12:38:38.4175260Z   RUSTFLAGS: 
2026-10-07T12:38:38.4175530Z   RUSTUP_TOOLCHAIN: 1.92.0
2026-10-07T12:38:38.4175940Z   CARGO_HOME: /Users/runner/.cargo
2026-10-07T12:38:38.4182130Z ##[endgroup]
2026-10-07T12:38:38.4421840Z ##[end-action id=__dtolnay_rust-toolchain.__run_6;outcome=success;conclusion=success;duration_ms=29]
2026-10-07T12:38:38.4424480Z ##[start-action display=Enable colors in Cargo output;id=__dtolnay_rust-toolchain.__run_7]
2026-10-07T12:38:38.4491060Z ##[group]Run if [ -z "${CARGO_TERM_COLOR+set}" ]; then
2026-10-07T12:38:38.4491470Z [36;1mif [ -z "${CARGO_TERM_COLOR+set}" ]; then[0m
2026-10-07T12:38:38.4491800Z [36;1m  echo CARGO_TERM_COLOR=always >> $GITHUB_ENV[0m
2026-10-07T12:38:38.4492070Z [36;1mfi[0m
2026-10-07T12:38:38.4527510Z shell: /bin/bash --noprofile --norc -e -o pipefail {0}
2026-10-07T12:38:38.4527880Z env:
2026-10-07T12:38:38.4528080Z   CARGO_TERM_COLOR: always
2026-10-07T12:38:38.4528340Z   CARGO_NET_GIT_FETCH_WITH_CLI: true
2026-10-07T12:38:38.4528560Z   RUSTFLAGS: 
2026-10-07T12:38:38.4528720Z   RUSTUP_TOOLCHAIN: 1.92.0
2026-10-07T12:38:38.4528920Z   CARGO_HOME: /Users/runner/.cargo
2026-10-07T12:38:38.4529150Z   CARGO_INCREMENTAL: 0
2026-10-07T12:38:38.4529330Z ##[endgroup]
2026-10-07T12:38:38.4744080Z ##[end-action id=__dtolnay_rust-toolchain.__run_7;outcome=success;conclusion=success;duration_ms=31]
2026-10-07T12:38:38.4746310Z ##[start-action display=Enable Cargo sparse registry;id=__dtolnay_rust-toolchain.__run_8]
2026-10-07T12:38:38.4766580Z ##[group]Run # implemented in 1.66, stabilized in 1.68, made default in 1.70
2026-10-07T12:38:38.4767020Z [36;1m# implemented in 1.66, stabilized in 1.68, made default in 1.70[0m
2026-10-07T12:38:38.4767590Z [36;1mif [ -z "${CARGO_REGISTRIES_CRATES_IO_PROTOCOL+set}" -o -f "/Users/runner/work/_temp"/.implicit_cargo_registries_crates_io_protocol ]; then[0m
2026-10-07T12:38:38.4768170Z [36;1m  if rustc +1.92.0 --version --verbose | grep -q '^release: 1\.6[89]\.'; then[0m
2026-10-07T12:38:38.4768640Z [36;1m    touch "/Users/runner/work/_temp"/.implicit_cargo_registries_crates_io_protocol || true[0m
2026-10-07T12:38:38.4769120Z [36;1m    echo CARGO_REGISTRIES_CRATES_IO_PROTOCOL=sparse >> $GITHUB_ENV[0m
2026-10-07T12:38:38.4769540Z [36;1m  elif rustc +1.92.0 --version --verbose | grep -q '^release: 1\.6[67]\.'; then[0m
2026-10-07T12:38:38.4770010Z [36;1m    touch "/Users/runner/work/_temp"/.implicit_cargo_registries_crates_io_protocol || true[0m
2026-10-07T12:38:38.4770450Z [36;1m    echo CARGO_REGISTRIES_CRATES_IO_PROTOCOL=git >> $GITHUB_ENV[0m
2026-10-07T12:38:38.4770750Z [36;1m  fi[0m
2026-10-07T12:38:38.4770900Z [36;1mfi[0m
2026-10-07T12:38:38.4800790Z shell: /bin/bash --noprofile --norc -e -o pipefail {0}
2026-10-07T12:38:38.4801080Z env:
2026-10-07T12:38:38.4801250Z   CARGO_TERM_COLOR: always
2026-10-07T12:38:38.4801460Z   CARGO_NET_GIT_FETCH_WITH_CLI: true
2026-10-07T12:38:38.4801670Z   RUSTFLAGS: 
2026-10-07T12:38:38.4801870Z   RUSTUP_TOOLCHAIN: 1.92.0
2026-10-07T12:38:38.4802090Z   CARGO_HOME: /Users/runner/.cargo
2026-10-07T12:38:38.4802290Z   CARGO_INCREMENTAL: 0
2026-10-07T12:38:38.4802470Z ##[endgroup]
2026-10-07T12:38:38.5399630Z ##[end-action id=__dtolnay_rust-toolchain.__run_8;outcome=success;conclusion=success;duration_ms=65]
2026-10-07T12:38:38.5402070Z ##[start-action display=Work around spurious network errors in curl 8.0;id=__dtolnay_rust-toolchain.__run_9]
2026-10-07T12:38:38.5422350Z ##[group]Run # https://rust-lang.zulipchat.com/#narrow/stream/246057-t-cargo/topic/timeout.20investigation
2026-10-07T12:38:38.5423010Z [36;1m# https://rust-lang.zulipchat.com/#narrow/stream/246057-t-cargo/topic/timeout.20investigation[0m
2026-10-07T12:38:38.5423520Z [36;1mif rustc +1.92.0 --version --verbose | grep -q '^release: 1\.7[01]\.'; then[0m
2026-10-07T12:38:38.5423910Z [36;1m  echo CARGO_HTTP_MULTIPLEXING=false >> $GITHUB_ENV[0m
2026-10-07T12:38:38.5424190Z [36;1mfi[0m
2026-10-07T12:38:38.5458330Z shell: /bin/bash --noprofile --norc -e -o pipefail {0}
2026-10-07T12:38:38.5458640Z env:
2026-10-07T12:38:38.5458820Z   CARGO_TERM_COLOR: always
2026-10-07T12:38:38.5459060Z   CARGO_NET_GIT_FETCH_WITH_CLI: true
2026-10-07T12:38:38.5459280Z   RUSTFLAGS: 
2026-10-07T12:38:38.5459700Z   RUSTUP_TOOLCHAIN: 1.92.0
2026-10-07T12:38:38.5459940Z   CARGO_HOME: /Users/runner/.cargo
2026-10-07T12:38:38.5460160Z   CARGO_INCREMENTAL: 0
2026-10-07T12:38:38.5460370Z ##[endgroup]
2026-10-07T12:38:38.5889550Z ##[end-action id=__dtolnay_rust-toolchain.__run_9;outcome=success;conclusion=success;duration_ms=48]
2026-10-07T12:38:38.5893450Z ##[start-action display=rustc +1.92.0 --version --verbose;id=__dtolnay_rust-toolchain.__run_10]
2026-10-07T12:38:38.5914910Z ##[group]Run rustc +1.92.0 --version --verbose
2026-10-07T12:38:38.5915280Z [36;1mrustc +1.92.0 --version --verbose[0m
2026-10-07T12:38:38.5950130Z shell: /bin/bash --noprofile --norc -e -o pipefail {0}
2026-10-07T12:38:38.5950440Z env:
2026-10-07T12:38:38.5961750Z   CARGO_TERM_COLOR: always
2026-10-07T12:38:38.5962080Z   CARGO_NET_GIT_FETCH_WITH_CLI: true
2026-10-07T12:38:38.5962320Z   RUSTFLAGS: 
2026-10-07T12:38:38.5962510Z   RUSTUP_TOOLCHAIN: 1.92.0
2026-10-07T12:38:38.5962780Z   CARGO_HOME: /Users/runner/.cargo
2026-10-07T12:38:38.5963180Z   CARGO_INCREMENTAL: 0
2026-10-07T12:38:38.5963370Z ##[endgroup]
2026-10-07T12:38:38.6376400Z rustc 1.92.0 (ded5c06cf 2025-12-08)
2026-10-07T12:38:38.6376770Z binary: rustc
2026-10-07T12:38:38.6377060Z commit-hash: ded5c06cf21d2b93bffd5d884aa6e96934ee4234
2026-10-07T12:38:38.6377400Z commit-date: 2025-12-08
2026-10-07T12:38:38.6377680Z host: aarch64-apple-darwin
2026-10-07T12:38:38.6377930Z release: 1.92.0
2026-10-07T12:38:38.6380690Z LLVM version: 21.1.3
2026-10-07T12:38:38.6394310Z ##[end-action id=__dtolnay_rust-toolchain.__run_10;outcome=success;conclusion=success;duration_ms=49]
2026-10-07T12:38:38.6455720Z ##[group]Run rustc --version
2026-10-07T12:38:38.6456100Z [36;1mrustc --version[0m
2026-10-07T12:38:38.6456410Z [36;1mrustc --version | grep -q "1.92.0" || {[0m
2026-10-07T12:38:38.6456820Z [36;1m  echo "::error::Expected rustc 1.92.0; rust-toolchain.toml appears to have won."[0m
2026-10-07T12:38:38.6457190Z [36;1m  exit 1[0m
2026-10-07T12:38:38.6457400Z [36;1m}[0m
2026-10-07T12:38:38.6490740Z shell: /bin/bash -e {0}
2026-10-07T12:38:38.6490950Z env:
2026-10-07T12:38:38.6491160Z   CARGO_TERM_COLOR: always
2026-10-07T12:38:38.6491380Z   CARGO_NET_GIT_FETCH_WITH_CLI: true
2026-10-07T12:38:38.6491630Z   RUSTFLAGS: 
2026-10-07T12:38:38.6491830Z   RUSTUP_TOOLCHAIN: 1.92.0
2026-10-07T12:38:38.6492060Z   CARGO_HOME: /Users/runner/.cargo
2026-10-07T12:38:38.6492290Z   CARGO_INCREMENTAL: 0
2026-10-07T12:38:38.6492500Z ##[endgroup]
2026-10-07T12:38:38.6904880Z rustc 1.92.0 (ded5c06cf 2025-12-08)
2026-10-07T12:38:38.7138380Z ##[group]Run cargo check --locked -p scrying --lib --no-default-features --features wgpu-30
2026-10-07T12:38:38.7139280Z [36;1mcargo check --locked -p scrying --lib --no-default-features --features wgpu-30[0m
2026-10-07T12:38:38.7180220Z shell: /bin/bash -e {0}
2026-10-07T12:38:38.7180540Z env:
2026-10-07T12:38:38.7180810Z   CARGO_TERM_COLOR: always
2026-10-07T12:38:38.7181060Z   CARGO_NET_GIT_FETCH_WITH_CLI: true
2026-10-07T12:38:38.7181310Z   RUSTFLAGS: 
2026-10-07T12:38:38.7181860Z   RUSTUP_TOOLCHAIN: 1.92.0
2026-10-07T12:38:38.7182320Z   CARGO_HOME: /Users/runner/.cargo
2026-10-07T12:38:38.7182660Z   CARGO_INCREMENTAL: 0
2026-10-07T12:38:38.7182920Z ##[endgroup]
2026-10-07T12:38:38.8777450Z [1m[92m    Updating[0m crates.io index
2026-10-07T12:38:39.6480940Z [1m[92m Downloading[0m crates ...
2026-10-07T12:38:39.7223040Z [1m[92m  Downloaded[0m arg_enum_proc_macro v0.3.4
2026-10-07T12:38:39.7340180Z [1m[92m  Downloaded[0m adler2 v2.0.1
2026-10-07T12:38:39.7448130Z [1m[92m  Downloaded[0m color_quant v1.1.0
2026-10-07T12:38:39.7477180Z [1m[92m  Downloaded[0m dpi v0.1.2
2026-10-07T12:38:39.7539310Z [1m[92m  Downloaded[0m loop9 v0.1.5
2026-10-07T12:38:39.7554580Z [1m[92m  Downloaded[0m naga-types v30.0.1
2026-10-07T12:38:39.7586830Z [1m[92m  Downloaded[0m equator v0.4.2
2026-10-07T12:38:39.7620840Z [1m[92m  Downloaded[0m fax v0.2.7
2026-10-07T12:38:39.7672370Z [1m[92m  Downloaded[0m objc2-core-video v0.3.2
2026-10-07T12:38:39.7752290Z [1m[92m  Downloaded[0m num-derive v0.4.2
2026-10-07T12:38:39.7804610Z [1m[92m  Downloaded[0m reborrow v0.5.5
2026-10-07T12:38:39.7822800Z [1m[92m  Downloaded[0m raw-window-metal v1.1.0
2026-10-07T12:38:39.7872200Z [1m[92m  Downloaded[0m profiling-procmacros v1.0.18
2026-10-07T12:38:39.7896800Z [1m[92m  Downloaded[0m wasm-bindgen-macro v0.2.127
2026-10-07T12:38:39.7923670Z [1m[92m  Downloaded[0m wayland-sys v0.31.11
2026-10-07T12:38:39.7971480Z [1m[92m  Downloaded[0m objc2-io-surface v0.3.2
2026-10-07T12:38:39.8074930Z [1m[92m  Downloaded[0m y4m v0.8.0
2026-10-07T12:38:39.8183220Z [1m[92m  Downloaded[0m wasm-bindgen-shared v0.2.127
2026-10-07T12:38:39.8237310Z [1m[92m  Downloaded[0m termcolor v1.4.1
2026-10-07T12:38:39.8329900Z [1m[92m  Downloaded[0m objc2-javascript-core v0.3.2
2026-10-07T12:38:39.8439030Z [1m[92m  Downloaded[0m rayon-core v1.13.0
2026-10-07T12:38:39.8559540Z [1m[92m  Downloaded[0m zune-jpeg v0.5.15
2026-10-07T12:38:39.8696820Z [1m[92m  Downloaded[0m zerocopy-derive v0.8.56
2026-10-07T12:38:39.8896250Z [1m[92m  Downloaded[0m tiff v0.11.3
2026-10-07T12:38:39.8982030Z [1m[92m  Downloaded[0m png v0.18.1
2026-10-07T12:38:39.9073990Z [1m[92m  Downloaded[0m wgpu-types v30.0.1
2026-10-07T12:38:39.9163200Z [1m[92m  Downloaded[0m rayon v1.12.0
2026-10-07T12:38:39.9355590Z [1m[92m  Downloaded[0m objc2-metal v0.3.2
2026-10-07T12:38:39.9545740Z [1m[92m  Downloaded[0m zlib-rs v0.6.7
2026-10-07T12:38:39.9654140Z [1m[92m  Downloaded[0m wgpu v30.0.1
2026-10-07T12:38:39.9939900Z [1m[92m  Downloaded[0m image v0.25.10
2026-10-07T12:38:40.0104090Z [1m[92m  Downloaded[0m unicode-width v0.2.2
2026-10-07T12:38:40.0184660Z [1m[92m  Downloaded[0m objc2-security v0.3.2
2026-10-07T12:38:40.0351760Z [1m[92m  Downloaded[0m zerocopy v0.8.56
2026-10-07T12:38:40.0749890Z [1m[92m  Downloaded[0m syn v3.0.4
2026-10-07T12:38:40.0943740Z [1m[92m  Downloaded[0m objc2-foundation v0.3.2
2026-10-07T12:38:40.1333040Z [1m[92m  Downloaded[0m syn v2.0.119
2026-10-07T12:38:40.1532440Z [1m[92m  Downloaded[0m wgpu-core v30.0.1
2026-10-07T12:38:40.1713530Z [1m[92m  Downloaded[0m ash v0.38.0+1.3.281
2026-10-07T12:38:40.1989800Z [1m[92m  Downloaded[0m palette v0.7.7
2026-10-07T12:38:40.2226950Z [1m[92m  Downloaded[0m objc2-av-foundation v0.3.2
2026-10-07T12:38:40.2509260Z [1m[92m  Downloaded[0m objc2-app-kit v0.3.2
2026-10-07T12:38:40.2971910Z [1m[92m  Downloaded[0m av-scenechange v0.14.1
2026-10-07T12:38:40.3159230Z [1m[92m  Downloaded[0m wgpu-hal v30.0.1
2026-10-07T12:38:40.3348030Z [1m[92m  Downloaded[0m exr v1.74.2
2026-10-07T12:38:40.3538250Z [1m[92m  Downloaded[0m objc2 v0.6.4
2026-10-07T12:38:40.3731080Z [1m[92m  Downloaded[0m pulp v0.22.3
2026-10-07T12:38:40.3815780Z [1m[92m  Downloaded[0m objc2-web-kit v0.3.2
2026-10-07T12:38:40.4123650Z [1m[92m  Downloaded[0m moxcms v0.8.1
2026-10-07T12:38:40.4320360Z [1m[92m  Downloaded[0m khronos_api v3.1.0
2026-10-07T12:38:40.4572410Z [1m[92m  Downloaded[0m objc2-core-foundation v0.3.2
2026-10-07T12:38:40.4705150Z [1m[92m  Downloaded[0m libm v0.2.16
2026-10-07T12:38:40.4914260Z [1m[92m  Downloaded[0m itertools v0.14.0
2026-10-07T12:38:40.5035490Z [1m[92m  Downloaded[0m hashbrown v0.16.1
2026-10-07T12:38:40.5128080Z [1m[92m  Downloaded[0m glow v0.17.0
2026-10-07T12:38:40.5193950Z [1m[92m  Downloaded[0m wasm-bindgen-macro-support v0.2.127
2026-10-07T12:38:40.5234170Z [1m[92m  Downloaded[0m serde v1.0.229
2026-10-07T12:38:40.5298380Z [1m[92m  Downloaded[0m hashbrown v0.17.1
2026-10-07T12:38:40.5390570Z [1m[92m  Downloaded[0m xml-rs v0.8.29
2026-10-07T12:38:40.5446800Z [1m[92m  Downloaded[0m naga v30.0.1
2026-10-07T12:38:40.5801990Z [1m[92m  Downloaded[0m wasm-bindgen v0.2.127
2026-10-07T12:38:40.5848200Z [1m[92m  Downloaded[0m libc v0.2.189
2026-10-07T12:38:40.6674810Z [1m[92m  Downloaded[0m unicode-ident v1.0.24
2026-10-07T12:38:40.6726320Z [1m[92m  Downloaded[0m serde_derive v1.0.229
2026-10-07T12:38:40.6787110Z [1m[92m  Downloaded[0m pxfm v0.1.30
2026-10-07T12:38:40.7358740Z [1m[92m  Downloaded[0m serde_core v1.0.229
2026-10-07T12:38:40.7405380Z [1m[92m  Downloaded[0m qoi v0.4.1
2026-10-07T12:38:40.7452090Z [1m[92m  Downloaded[0m proc-macro2 v1.0.107
2026-10-07T12:38:40.7510240Z [1m[92m  Downloaded[0m num-bigint v0.4.8
2026-10-07T12:38:40.7593480Z [1m[92m  Downloaded[0m nom v8.0.0
2026-10-07T12:38:40.7691340Z [1m[92m  Downloaded[0m presser v0.3.1
2026-10-07T12:38:40.7717710Z [1m[92m  Downloaded[0m pkg-config v0.3.34
2026-10-07T12:38:40.7740760Z [1m[92m  Downloaded[0m parking_lot_core v0.9.12
2026-10-07T12:38:40.7785410Z [1m[92m  Downloaded[0m parking_lot v0.12.5
2026-10-07T12:38:40.7835030Z [1m[92m  Downloaded[0m once_cell v1.21.4
2026-10-07T12:38:40.7886250Z [1m[92m  Downloaded[0m objc2-quartz-core v0.3.2
2026-10-07T12:38:40.7970040Z [1m[92m  Downloaded[0m objc2-core-media v0.3.2
2026-10-07T12:38:40.8017100Z [1m[92m  Downloaded[0m indexmap v2.14.1
2026-10-07T12:38:40.8101550Z [1m[92m  Downloaded[0m bumpalo v3.20.3
2026-10-07T12:38:40.8150670Z [1m[92m  Downloaded[0m zune-inflate v0.2.54
2026-10-07T12:38:40.8180850Z [1m[92m  Downloaded[0m zune-core v0.5.3
2026-10-07T12:38:40.8219990Z [1m[92m  Downloaded[0m weezl v0.1.12
2026-10-07T12:38:40.8262820Z [1m[92m  Downloaded[0m v_frame v0.3.9
2026-10-07T12:38:40.8302180Z [1m[92m  Downloaded[0m spirv v0.4.0+sdk-1.4.341.0
2026-10-07T12:38:40.8319540Z [1m[92m  Downloaded[0m smallvec v1.15.2
2026-10-07T12:38:40.8345590Z [1m[92m  Downloaded[0m objc2-core-text v0.3.2
2026-10-07T12:38:40.8414390Z [1m[92m  Downloaded[0m objc2-core-graphics v0.3.2
2026-10-07T12:38:40.8526830Z [1m[92m  Downloaded[0m num-traits v0.2.19
2026-10-07T12:38:40.8577820Z [1m[92m  Downloaded[0m memchr v2.8.3
2026-10-07T12:38:40.8700820Z [1m[92m  Downloaded[0m grafting v0.6.0
2026-10-07T12:38:40.8763340Z [1m[92m  Downloaded[0m static_assertions v1.1.0
2026-10-07T12:38:40.8793470Z [1m[92m  Downloaded[0m simd-adler32 v0.3.10
2026-10-07T12:38:40.8828860Z [1m[92m  Downloaded[0m rustversion v1.0.23
2026-10-07T12:38:40.8890250Z [1m[92m  Downloaded[0m rgb v0.8.53
2026-10-07T12:38:40.8939820Z [1m[92m  Downloaded[0m profiling v1.0.18
2026-10-07T12:38:40.8964800Z [1m[92m  Downloaded[0m paste v1.0.15
2026-10-07T12:38:40.9035740Z [1m[92m  Downloaded[0m palette_derive v0.7.7
2026-10-07T12:38:40.9064930Z [1m[92m  Downloaded[0m rav1e v0.8.1
2026-10-07T12:38:40.9667340Z [1m[92m  Downloaded[0m ordered-float v5.5.0
2026-10-07T12:38:40.9695210Z [1m[92m  Downloaded[0m objc2-core-image v0.3.2
2026-10-07T12:38:40.9768090Z [1m[92m  Downloaded[0m objc2-cloud-kit v0.3.2
2026-10-07T12:38:40.9864560Z [1m[92m  Downloaded[0m miniz_oxide v0.9.1
2026-10-07T12:38:40.9914970Z [1m[92m  Downloaded[0m miniz_oxide v0.8.9
2026-10-07T12:38:40.9963120Z [1m[92m  Downloaded[0m image-webp v0.2.4
2026-10-07T12:38:41.0010380Z [1m[92m  Downloaded[0m flate2 v1.1.10
2026-10-07T12:38:41.0132640Z [1m[92m  Downloaded[0m crc32fast v1.5.1
2026-10-07T12:38:41.0175400Z [1m[92m  Downloaded[0m codespan-reporting v0.13.1
2026-10-07T12:38:41.0362690Z [1m[92m  Downloaded[0m bytemuck v1.25.2
2026-10-07T12:38:41.0427730Z [1m[92m  Downloaded[0m bitstream-io v4.10.0
2026-10-07T12:38:41.0495170Z [1m[92m  Downloaded[0m arrayvec v0.7.8
2026-10-07T12:38:41.0535660Z [1m[92m  Downloaded[0m version_check v0.9.5
2026-10-07T12:38:41.0555770Z [1m[92m  Downloaded[0m thiserror-impl v2.0.20
2026-10-07T12:38:41.0581340Z [1m[92m  Downloaded[0m thiserror v2.0.20
2026-10-07T12:38:41.0730760Z [1m[92m  Downloaded[0m ravif v0.13.0
2026-10-07T12:38:41.0749480Z [1m[92m  Downloaded[0m pastey v0.1.1
2026-10-07T12:38:41.0786140Z [1m[92m  Downloaded[0m log v0.4.34
2026-10-07T12:38:41.0869940Z [1m[92m  Downloaded[0m lock_api v0.4.14
2026-10-07T12:38:41.0971640Z [1m[92m  Downloaded[0m litrs v1.0.0
2026-10-07T12:38:41.1075700Z [1m[92m  Downloaded[0m half v2.7.1
2026-10-07T12:38:41.1190410Z [1m[92m  Downloaded[0m gpu-allocator v0.28.0
2026-10-07T12:38:41.1211100Z [1m[92m  Downloaded[0m gif v0.14.2
2026-10-07T12:38:41.1211560Z [1m[92m  Downloaded[0m either v1.18.0
2026-10-07T12:38:41.1211900Z [1m[92m  Downloaded[0m crossbeam-utils v0.8.22
2026-10-07T12:38:41.1235960Z [1m[92m  Downloaded[0m crossbeam-epoch v0.9.20
2026-10-07T12:38:41.1285510Z [1m[92m  Downloaded[0m bytemuck_derive v1.12.0
2026-10-07T12:38:41.1309630Z [1m[92m  Downloaded[0m built v0.8.1
2026-10-07T12:38:41.1344600Z [1m[92m  Downloaded[0m block2 v0.6.2
2026-10-07T12:38:41.1380830Z [1m[92m  Downloaded[0m bitflags v2.13.1
2026-10-07T12:38:41.1467570Z [1m[92m  Downloaded[0m av1-grain v0.2.5
2026-10-07T12:38:41.1511980Z [1m[92m  Downloaded[0m anyhow v1.0.104
2026-10-07T12:38:41.1586040Z [1m[92m  Downloaded[0m allocator-api2 v0.2.21
2026-10-07T12:38:41.1627550Z [1m[92m  Downloaded[0m wgpu-naga-bridge v30.0.1
2026-10-07T12:38:41.1649070Z [1m[92m  Downloaded[0m simd_helpers v0.1.0
2026-10-07T12:38:41.1658510Z [1m[92m  Downloaded[0m scopeguard v1.2.0
2026-10-07T12:38:41.1677280Z [1m[92m  Downloaded[0m renderdoc-sys v1.1.0
2026-10-07T12:38:41.1693050Z [1m[92m  Downloaded[0m pulp-wasm-simd-flag v0.1.1
2026-10-07T12:38:41.1704170Z [1m[92m  Downloaded[0m palette_math v0.7.7
2026-10-07T12:38:41.1728100Z [1m[92m  Downloaded[0m objc2-screen-capture-kit v0.3.2
2026-10-07T12:38:41.1754390Z [1m[92m  Downloaded[0m objc2-core-data v0.3.2
2026-10-07T12:38:41.1861380Z [1m[92m  Downloaded[0m objc2-core-audio-types v0.3.2
2026-10-07T12:38:41.1883340Z [1m[92m  Downloaded[0m num-rational v0.4.2
2026-10-07T12:38:41.1907330Z [1m[92m  Downloaded[0m num-integer v0.1.47
2026-10-07T12:38:41.1936830Z [1m[92m  Downloaded[0m num-complex v0.4.6
2026-10-07T12:38:41.1962710Z [1m[92m  Downloaded[0m no_std_io2 v0.9.4
2026-10-07T12:38:41.1999800Z [1m[92m  Downloaded[0m dispatch2 v0.3.1
2026-10-07T12:38:41.2048100Z [1m[92m  Downloaded[0m crossbeam-deque v0.8.7
2026-10-07T12:38:41.2071930Z [1m[92m  Downloaded[0m wgpu-core-deps-apple v30.0.1
2026-10-07T12:38:41.2087780Z [1m[92m  Downloaded[0m stable_deref_trait v1.2.1
2026-10-07T12:38:41.2103230Z [1m[92m  Downloaded[0m quote v1.0.47
2026-10-07T12:38:41.2161340Z [1m[92m  Downloaded[0m objc2-uniform-type-identifiers v0.3.2
2026-10-07T12:38:41.2185080Z [1m[92m  Downloaded[0m bit-vec v0.9.1
2026-10-07T12:38:41.2211890Z [1m[92m  Downloaded[0m rustc-hash v1.1.0
2026-10-07T12:38:41.2227150Z [1m[92m  Downloaded[0m libloading v0.8.9
2026-10-07T12:38:41.2271760Z [1m[92m  Downloaded[0m foldhash v0.2.0
2026-10-07T12:38:41.2297730Z [1m[92m  Downloaded[0m by_address v1.2.1
2026-10-07T12:38:41.2311030Z [1m[92m  Downloaded[0m autocfg v1.5.1
2026-10-07T12:38:41.2347780Z [1m[92m  Downloaded[0m objc2-encode v4.1.0
2026-10-07T12:38:41.2370430Z [1m[92m  Downloaded[0m objc2-core-audio v0.3.2
2026-10-07T12:38:41.2395930Z [1m[92m  Downloaded[0m khronos-egl v6.0.0
2026-10-07T12:38:41.2433030Z [1m[92m  Downloaded[0m imgref v1.12.3
2026-10-07T12:38:41.2453160Z [1m[92m  Downloaded[0m gl_generator v0.14.0
2026-10-07T12:38:41.2482500Z [1m[92m  Downloaded[0m fdeflate v0.3.7
2026-10-07T12:38:41.2513390Z [1m[92m  Downloaded[0m avif-serialize v0.8.9
2026-10-07T12:38:41.2532200Z [1m[92m  Downloaded[0m aligned-vec v0.6.4
2026-10-07T12:38:41.2596500Z [1m[92m  Downloaded[0m bit_field v0.10.3
2026-10-07T12:38:41.2596940Z [1m[92m  Downloaded[0m bit-set v0.10.0
2026-10-07T12:38:41.2603120Z [1m[92m  Downloaded[0m raw-window-handle v0.6.2
2026-10-07T12:38:41.2639810Z [1m[92m  Downloaded[0m quick-error v2.0.1
2026-10-07T12:38:41.2661850Z [1m[92m  Downloaded[0m new_debug_unreachable v1.0.6
2026-10-07T12:38:41.2683290Z [1m[92m  Downloaded[0m equivalent v1.0.2
2026-10-07T12:38:41.2702780Z [1m[92m  Downloaded[0m byteorder-lite v0.1.0
2026-10-07T12:38:41.2721880Z [1m[92m  Downloaded[0m as-slice v0.2.1
2026-10-07T12:38:41.2811040Z [1m[92m  Downloaded[0m approx v0.5.1
2026-10-07T12:38:41.2811720Z [1m[92m  Downloaded[0m aligned v0.4.3
2026-10-07T12:38:41.2813160Z [1m[92m  Downloaded[0m noop_proc_macro v0.3.0
2026-10-07T12:38:41.2813570Z [1m[92m  Downloaded[0m memoffset v0.9.1
2026-10-07T12:38:41.2821080Z [1m[92m  Downloaded[0m maybe-rayon v0.1.1
2026-10-07T12:38:41.2833020Z [1m[92m  Downloaded[0m lebe v0.5.3
2026-10-07T12:38:41.2859460Z [1m[92m  Downloaded[0m equator-macro v0.4.2
2026-10-07T12:38:41.2871810Z [1m[92m  Downloaded[0m document-features v0.2.12
2026-10-07T12:38:41.2896620Z [1m[92m  Downloaded[0m dlib v0.5.3
2026-10-07T12:38:41.2914740Z [1m[92m  Downloaded[0m cfg_aliases v0.2.2
2026-10-07T12:38:41.2931810Z [1m[92m  Downloaded[0m cfg-if v1.0.4
2026-10-07T12:38:41.4031720Z [1m[92m   Compiling[0m proc-macro2 v1.0.107
2026-10-07T12:38:41.4034640Z [1m[92m   Compiling[0m unicode-ident v1.0.24
2026-10-07T12:38:41.4035150Z [1m[92m   Compiling[0m quote v1.0.47
2026-10-07T12:38:41.7037380Z [1m[92m   Compiling[0m libc v0.2.189
2026-10-07T12:38:44.9582930Z [1m[92m    Checking[0m bitflags v2.13.1
2026-10-07T12:38:45.1882860Z [1m[92m   Compiling[0m objc2 v0.6.4
2026-10-07T12:38:45.3888680Z [1m[92m    Checking[0m objc2-encode v4.1.0
2026-10-07T12:38:45.7105100Z [1m[92m   Compiling[0m syn v2.0.119
2026-10-07T12:38:45.7337940Z [1m[92m   Compiling[0m libm v0.2.16
2026-10-07T12:38:45.9239070Z [1m[92m   Compiling[0m autocfg v1.5.1
2026-10-07T12:38:46.2179010Z [1m[92m   Compiling[0m num-traits v0.2.19
2026-10-07T12:38:46.4468240Z [1m[92m    Checking[0m block2 v0.6.2
2026-10-07T12:38:46.5621900Z [1m[92m    Checking[0m dispatch2 v0.3.1
2026-10-07T12:38:46.7945110Z [1m[92m    Checking[0m objc2-core-foundation v0.3.2
2026-10-07T12:38:47.4544330Z [1m[92m   Compiling[0m syn v3.0.4
2026-10-07T12:38:48.0747930Z [1m[92m    Checking[0m cfg-if v1.0.4
2026-10-07T12:38:48.1150350Z [1m[92m    Checking[0m objc2-foundation v0.3.2
2026-10-07T12:38:49.3073030Z [1m[92m   Compiling[0m thiserror v2.0.20
2026-10-07T12:38:49.3120470Z [1m[92m   Compiling[0m cfg_aliases v0.2.2
2026-10-07T12:38:49.3482090Z [1m[92m   Compiling[0m thiserror-impl v2.0.20
2026-10-07T12:38:49.5390730Z [1m[92m   Compiling[0m bytemuck_derive v1.12.0
2026-10-07T12:38:50.2260760Z [1m[92m    Checking[0m arrayvec v0.7.8
2026-10-07T12:38:50.3331730Z [1m[92m   Compiling[0m zerocopy v0.8.56
2026-10-07T12:38:50.3644740Z [1m[92m    Checking[0m log v0.4.34
2026-10-07T12:38:50.4282650Z [1m[92m    Checking[0m bytemuck v1.25.2
2026-10-07T12:38:50.5836490Z [1m[92m   Compiling[0m zerocopy-derive v0.8.56
2026-10-07T12:38:50.6154260Z [1m[92m   Compiling[0m crossbeam-utils v0.8.22
2026-10-07T12:38:50.7914590Z [1m[92m    Checking[0m foldhash v0.2.0
2026-10-07T12:38:50.8344630Z [1m[92m   Compiling[0m crossbeam-epoch v0.9.20
2026-10-07T12:38:50.9831940Z [1m[92m    Checking[0m hashbrown v0.17.1
2026-10-07T12:38:51.6680170Z [1m[92m    Checking[0m equivalent v1.0.2
2026-10-07T12:38:51.7157650Z [1m[92m   Compiling[0m crossbeam-deque v0.8.7
2026-10-07T12:38:51.9098090Z [1m[92m    Checking[0m indexmap v2.14.1
2026-10-07T12:38:52.6960680Z [1m[92m   Compiling[0m profiling-procmacros v1.0.18
2026-10-07T12:38:52.8812120Z [1m[92m    Checking[0m rustc-hash v1.1.0
2026-10-07T12:38:52.9133280Z [1m[92m   Compiling[0m rayon-core v1.13.0
2026-10-07T12:38:53.0075990Z [1m[92m    Checking[0m simd-adler32 v0.3.10
2026-10-07T12:38:53.1187290Z [1m[92m    Checking[0m smallvec v1.15.2
2026-10-07T12:38:53.2186490Z [1m[92m    Checking[0m naga-types v30.0.1
2026-10-07T12:38:53.2999570Z [1m[92m    Checking[0m profiling v1.0.18
2026-10-07T12:38:53.4026130Z [1m[92m   Compiling[0m naga v30.0.1
2026-10-07T12:38:53.5889890Z [1m[92m   Compiling[0m equator-macro v0.4.2
2026-10-07T12:38:53.9763810Z [1m[92m    Checking[0m unicode-width v0.2.2
2026-10-07T12:38:54.1057130Z [1m[92m   Compiling[0m parking_lot_core v0.9.12
2026-10-07T12:38:54.2143440Z [1m[92m    Checking[0m bit-vec v0.9.1
2026-10-07T12:38:54.2956930Z [1m[92m    Checking[0m bit-set v0.10.0
2026-10-07T12:38:54.3513450Z [1m[92m    Checking[0m codespan-reporting v0.13.1
2026-10-07T12:38:54.5000310Z [1m[92m    Checking[0m equator v0.4.2
2026-10-07T12:38:54.6480480Z [1m[92m    Checking[0m half v2.7.1
2026-10-07T12:38:54.8266740Z [1m[92m    Checking[0m num-integer v0.1.47
2026-10-07T12:38:54.8549760Z [1m[92m    Checking[0m scopeguard v1.2.0
2026-10-07T12:38:54.8799450Z [1m[92m    Checking[0m adler2 v2.0.1
2026-10-07T12:38:54.9131470Z [1m[92m    Checking[0m raw-window-handle v0.6.2
2026-10-07T12:38:54.9416260Z [1m[92m   Compiling[0m paste v1.0.15
2026-10-07T12:38:55.0034470Z [1m[92m    Checking[0m once_cell v1.21.4
2026-10-07T12:38:55.0823030Z [1m[92m   Compiling[0m anyhow v1.0.104
2026-10-07T12:38:55.1181340Z [1m[92m    Checking[0m either v1.18.0
2026-10-07T12:38:55.2258720Z [1m[92m    Checking[0m static_assertions v1.1.0
2026-10-07T12:38:55.2327420Z [1m[92m    Checking[0m memchr v2.8.3
2026-10-07T12:38:55.2482400Z [1m[92m    Checking[0m wgpu-types v30.0.1
2026-10-07T12:38:56.5419650Z [1m[92m    Checking[0m num-bigint v0.4.8
2026-10-07T12:38:57.4298060Z [1m[92m    Checking[0m lock_api v0.4.14
2026-10-07T12:38:57.6108010Z [1m[92m    Checking[0m aligned-vec v0.6.4
2026-10-07T12:38:57.6209620Z [1m[92m    Checking[0m objc2-io-surface v0.3.2
2026-10-07T12:38:57.7883480Z [1m[92m    Checking[0m objc2-metal v0.3.2
2026-10-07T12:38:57.8185450Z [1m[92m   Compiling[0m wgpu-hal v30.0.1
2026-10-07T12:38:58.1054680Z [1m[92m   Compiling[0m crc32fast v1.5.1
2026-10-07T12:38:58.2682040Z [1m[92m    Checking[0m stable_deref_trait v1.2.1
2026-10-07T12:38:58.2932530Z [1m[92m   Compiling[0m khronos_api v3.1.0
2026-10-07T12:38:58.4514300Z [1m[92m    Checking[0m as-slice v0.2.1
2026-10-07T12:38:58.5143900Z [1m[92m    Checking[0m parking_lot v0.12.5
2026-10-07T12:38:58.6160280Z [1m[92m    Checking[0m v_frame v0.3.9
2026-10-07T12:38:58.7386390Z [1m[92m    Checking[0m num-rational v0.4.2
2026-10-07T12:38:59.2836540Z [1m[92m    Checking[0m rayon v1.12.0
2026-10-07T12:39:00.0766850Z [1m[92m    Checking[0m wgpu-naga-bridge v30.0.1
2026-10-07T12:39:00.1077280Z [1m[92m    Checking[0m libloading v0.8.9
2026-10-07T12:39:00.1588950Z [1m[92m   Compiling[0m version_check v0.9.5
2026-10-07T12:39:00.2902160Z [1m[92m   Compiling[0m built v0.8.1
2026-10-07T12:39:00.3063920Z [1m[92m   Compiling[0m av-scenechange v0.14.1
2026-10-07T12:39:00.5077800Z [1m[92m   Compiling[0m pulp v0.22.3
2026-10-07T12:39:00.6866010Z [1m[92m   Compiling[0m rav1e v0.8.1
2026-10-07T12:39:00.7639090Z [1m[92m    Checking[0m aligned v0.4.3
2026-10-07T12:39:00.8265750Z [1m[92m    Checking[0m no_std_io2 v0.9.4
2026-10-07T12:39:00.8454480Z [1m[92m    Checking[0m nom v8.0.0
2026-10-07T12:39:00.8934170Z [1m[92m    Checking[0m miniz_oxide v0.9.1
2026-10-07T12:39:01.1110320Z [1m[92m   Compiling[0m wgpu-core v30.0.1
2026-10-07T12:39:01.3001450Z [1m[92m   Compiling[0m arg_enum_proc_macro v0.3.4
2026-10-07T12:39:01.5882710Z [1m[92m    Checking[0m quick-error v2.0.1
2026-10-07T12:39:01.7020930Z [1m[92m   Compiling[0m pastey v0.1.1
2026-10-07T12:39:01.7671910Z [1m[92m    Checking[0m objc2-core-graphics v0.3.2
2026-10-07T12:39:01.9618540Z [1m[92m   Compiling[0m litrs v1.0.0
2026-10-07T12:39:02.2394390Z [1m[92m    Checking[0m y4m v0.8.0
2026-10-07T12:39:02.3038670Z [1m[92m   Compiling[0m xml-rs v0.8.29
2026-10-07T12:39:02.4075280Z [1m[92m    Checking[0m av1-grain v0.2.5
2026-10-07T12:39:02.4779150Z [1m[92m    Checking[0m objc2-quartz-core v0.3.2
2026-10-07T12:39:02.6357570Z [1m[92m    Checking[0m objc2-core-video v0.3.2
2026-10-07T12:39:02.7700140Z [1m[92m    Checking[0m raw-window-metal v1.1.0
2026-10-07T12:39:02.8511760Z [1m[92m   Compiling[0m gl_generator v0.14.0
2026-10-07T12:39:03.1593990Z [1m[92m   Compiling[0m document-features v0.2.12
2026-10-07T12:39:03.1987740Z [1m[92m    Checking[0m flate2 v1.1.10
2026-10-07T12:39:03.3895260Z [1m[92m    Checking[0m bitstream-io v4.10.0
2026-10-07T12:39:03.5461190Z [1m[92m    Checking[0m maybe-rayon v0.1.1
2026-10-07T12:39:03.5662140Z [1m[92m    Checking[0m itertools v0.14.0
2026-10-07T12:39:03.7775100Z [1m[92m    Checking[0m miniz_oxide v0.8.9
2026-10-07T12:39:03.9891740Z [1m[92m    Checking[0m wgpu-core-deps-apple v30.0.1
2026-10-07T12:39:04.0216720Z [1m[92m    Checking[0m num-complex v0.4.6
2026-10-07T12:39:04.0518990Z [1m[92m   Compiling[0m wgpu v30.0.1
2026-10-07T12:39:04.3100920Z [1m[92m   Compiling[0m num-derive v0.4.2
2026-10-07T12:39:04.4493100Z [1m[92m   Compiling[0m simd_helpers v0.1.0
2026-10-07T12:39:04.5688250Z [1m[92m    Checking[0m zune-core v0.5.3
2026-10-07T12:39:04.6652320Z [1m[92m    Checking[0m imgref v1.12.3
2026-10-07T12:39:04.7120380Z [1m[92m    Checking[0m reborrow v0.5.5
2026-10-07T12:39:04.7420860Z [1m[92m    Checking[0m new_debug_unreachable v1.0.6
2026-10-07T12:39:04.7565660Z [1m[92m   Compiling[0m noop_proc_macro v0.3.0
2026-10-07T12:39:04.7604220Z [1m[92m    Checking[0m weezl v0.1.12
2026-10-07T12:39:04.8868940Z [1m[92m    Checking[0m pulp-wasm-simd-flag v0.1.1
2026-10-07T12:39:04.9194490Z [1m[92m    Checking[0m loop9 v0.1.5
2026-10-07T12:39:04.9593060Z [1m[92m    Checking[0m zune-jpeg v0.5.15
2026-10-07T12:39:07.3256590Z [1m[92m   Compiling[0m grafting v0.6.0
2026-10-07T12:39:07.6741550Z [1m[92m    Checking[0m objc2-cloud-kit v0.3.2
2026-10-07T12:39:07.7963390Z [1m[92m    Checking[0m objc2-core-data v0.3.2
2026-10-07T12:39:07.8167150Z [1m[92m    Checking[0m objc2-core-image v0.3.2
2026-10-07T12:39:07.9536990Z [1m[92m    Checking[0m fdeflate v0.3.7
2026-10-07T12:39:07.9857270Z [1m[92m    Checking[0m zune-inflate v0.2.54
2026-10-07T12:39:08.0167770Z [1m[92m    Checking[0m avif-serialize v0.8.9
2026-10-07T12:39:08.0657470Z [1m[92m    Checking[0m objc2-core-audio v0.3.2
2026-10-07T12:39:08.0789280Z [1m[92m    Checking[0m objc2-core-text v0.3.2
2026-10-07T12:39:08.1290570Z [1m[92m    Checking[0m objc2-core-audio-types v0.3.2
2026-10-07T12:39:08.1558220Z [1m[92m   Compiling[0m by_address v1.2.1
2026-10-07T12:39:08.1884090Z [1m[92m    Checking[0m fax v0.2.7
2026-10-07T12:39:08.2266940Z [1m[92m    Checking[0m byteorder-lite v0.1.0
2026-10-07T12:39:08.2799580Z [1m[92m    Checking[0m lebe v0.5.3
2026-10-07T12:39:08.2870300Z [1m[92m    Checking[0m rgb v0.8.53
2026-10-07T12:39:08.3354110Z [1m[92m    Checking[0m color_quant v1.1.0
2026-10-07T12:39:08.3395770Z [1m[92m   Compiling[0m pkg-config v0.3.34
2026-10-07T12:39:08.3756520Z [1m[92m    Checking[0m pxfm v0.1.30
2026-10-07T12:39:08.4275080Z [1m[92m    Checking[0m bit_field v0.10.3
2026-10-07T12:39:08.4769310Z [1m[92m    Checking[0m exr v1.74.2
2026-10-07T12:39:08.6126450Z [1m[92m   Compiling[0m scrying v0.7.1 (/Users/runner/work/wgpu-scry/wgpu-scry/scrying)
2026-10-07T12:39:08.7126990Z [1m[92m    Checking[0m ravif v0.13.0
2026-10-07T12:39:08.8001010Z [1m[92m    Checking[0m gif v0.14.2
2026-10-07T12:39:08.9937630Z [1m[92m    Checking[0m image-webp v0.2.4
2026-10-07T12:39:09.6080310Z [1m[92m    Checking[0m tiff v0.11.3
2026-10-07T12:39:09.8085490Z [1m[92m    Checking[0m moxcms v0.8.1
2026-10-07T12:39:10.2410000Z [1m[92m    Checking[0m objc2-core-media v0.3.2
2026-10-07T12:39:10.2620230Z [1m[92m    Checking[0m objc2-app-kit v0.3.2
2026-10-07T12:39:10.5297830Z [1m[92m   Compiling[0m palette_derive v0.7.7
2026-10-07T12:39:11.0420870Z [1m[92m    Checking[0m png v0.18.1
2026-10-07T12:39:11.6183340Z [1m[92m    Checking[0m objc2-uniform-type-identifiers v0.3.2
2026-10-07T12:39:11.6820780Z [1m[92m    Checking[0m objc2-av-foundation v0.3.2
2026-10-07T12:39:11.7159410Z [1m[92m    Checking[0m qoi v0.4.1
2026-10-07T12:39:11.7933080Z [1m[92m    Checking[0m objc2-security v0.3.2
2026-10-07T12:39:11.8696330Z [1m[92m    Checking[0m objc2-javascript-core v0.3.2
2026-10-07T12:39:11.9660760Z [1m[92m    Checking[0m dpi v0.1.2
2026-10-07T12:39:12.0353140Z [1m[92m    Checking[0m palette_math v0.7.7
2026-10-07T12:39:12.0840470Z [1m[92m    Checking[0m palette v0.7.7
2026-10-07T12:39:12.6607400Z [1m[92m    Checking[0m image v0.25.10
2026-10-07T12:39:14.3878340Z [1m[92m    Checking[0m objc2-screen-capture-kit v0.3.2
2026-10-07T12:39:24.3313340Z [1m[92m    Checking[0m objc2-web-kit v0.3.2
2026-10-07T12:39:28.2483050Z [1m[92m    Finished[0m `dev` profile [unoptimized + debuginfo] target(s) in 49.47s
2026-10-07T12:39:28.4009910Z Post job cleanup.
2026-10-07T12:39:28.7261380Z [command]/opt/homebrew/bin/git version
2026-10-07T12:39:28.7468720Z git version 2.55.0
2026-10-07T12:39:28.7487450Z Copying '/Users/runner/.gitconfig' to '/Users/runner/work/_temp/cbd177a6-4951-4953-b682-06b227a610a7/.gitconfig'
2026-10-07T12:39:28.7494220Z Temporarily overriding HOME='/Users/runner/work/_temp/cbd177a6-4951-4953-b682-06b227a610a7' before making global git config changes
2026-10-07T12:39:28.7495150Z Adding repository directory to the temporary git global config as a safe directory
2026-10-07T12:39:28.7498050Z [command]/opt/homebrew/bin/git config --global --add safe.directory /Users/runner/work/wgpu-scry/wgpu-scry
2026-10-07T12:39:28.7607880Z [command]/opt/homebrew/bin/git config --local --name-only --get-regexp core\.sshCommand
2026-10-07T12:39:28.7670510Z [command]/opt/homebrew/bin/git submodule foreach --recursive sh -c "git config --local --name-only --get-regexp 'core\.sshCommand' && git config --local --unset-all 'core.sshCommand' || :"
2026-10-07T12:39:28.8511810Z [command]/opt/homebrew/bin/git config --local --name-only --get-regexp http\.https\:\/\/github\.com\/\.extraheader
2026-10-07T12:39:28.8563050Z http.https://github.com/.extraheader
2026-10-07T12:39:28.8569230Z [command]/opt/homebrew/bin/git config --local --unset-all http.https://github.com/.extraheader
2026-10-07T12:39:28.8625960Z [command]/opt/homebrew/bin/git submodule foreach --recursive sh -c "git config --local --name-only --get-regexp 'http\.https\:\/\/github\.com\/\.extraheader' && git config --local --unset-all 'http.https://github.com/.extraheader' || :"
2026-10-07T12:39:28.9331570Z [command]/opt/homebrew/bin/git config --local --name-only --get-regexp ^includeIf\.gitdir:
2026-10-07T12:39:28.9401090Z [command]/opt/homebrew/bin/git submodule foreach --recursive git config --local --show-origin --name-only --get-regexp remote.origin.url
2026-10-07T12:39:29.0220900Z Cleaning up orphan processes
2026-10-07T12:39:29.8244370Z ##[warning]Node.js 20 is deprecated. The following actions target Node.js 20 but are being forced to run on Node.js 24: actions/checkout@v4. For more information see: https://github.blog/changelog/2025-09-19-deprecation-of-node-20-on-github-actions-runners/
