   Packaging scrying v0.7.1 (C:\Users\mark_\Code\worktrees\wgpu-scry-release\scrying)
    Updating crates.io index
    Packaged 93 files, 1.3MiB (329.6KiB compressed)
   Verifying scrying v0.7.1 (C:\Users\mark_\Code\worktrees\wgpu-scry-release\scrying)
   Compiling proc-macro2 v1.0.107
   Compiling quote v1.0.47
   Compiling unicode-ident v1.0.24
   Compiling syn v2.0.119
   Compiling syn v3.0.4
   Compiling autocfg v1.5.1
   Compiling libm v0.2.16
   Compiling num-traits v0.2.19
   Compiling windows-link v0.2.1
   Compiling log v0.4.34
   Compiling cfg-if v1.0.4
   Compiling thiserror v2.0.20
   Compiling thiserror-impl v2.0.20
   Compiling cfg_aliases v0.2.2
   Compiling bitflags v2.13.1
   Compiling windows-result v0.4.1
   Compiling windows-strings v0.5.1
   Compiling bytemuck_derive v1.12.0
   Compiling windows-interface v0.59.3
   Compiling windows-implement v0.60.2
   Compiling arrayvec v0.7.8
   Compiling khronos_api v3.1.0
   Compiling zerocopy v0.8.56
   Compiling foldhash v0.2.0
   Compiling windows-core v0.62.2
   Compiling bytemuck v1.25.2
   Compiling zerocopy-derive v0.8.56
   Compiling crossbeam-utils v0.8.22
   Compiling equivalent v1.0.2
   Compiling crossbeam-epoch v0.9.20
   Compiling xml-rs v0.8.29
   Compiling libc v0.2.189
   Compiling gl_generator v0.14.0
   Compiling half v2.7.1
   Compiling hashbrown v0.17.1
   Compiling windows-threading v0.2.1
   Compiling crossbeam-deque v0.8.7
   Compiling windows-future v0.3.2
   Compiling indexmap v2.14.1
   Compiling windows-collections v0.3.2
   Compiling windows-numerics v0.3.1
   Compiling profiling-procmacros v1.0.18
   Compiling rayon-core v1.13.0
   Compiling rustc-hash v1.1.0
   Compiling smallvec v1.15.2
   Compiling simd-adler32 v0.3.10
   Compiling naga-types v30.0.1
   Compiling profiling v1.0.18
   Compiling windows v0.62.2
   Compiling naga v30.0.1
   Compiling libloading v0.8.9
   Compiling equator-macro v0.4.2
   Compiling bit-vec v0.9.1
   Compiling parking_lot_core v0.9.12
   Compiling ash v0.38.0+1.3.281
   Compiling unicode-width v0.2.2
   Compiling codespan-reporting v0.13.1
   Compiling bit-set v0.10.0
   Compiling equator v0.4.2
   Compiling glutin_wgl_sys v0.6.1
   Compiling spirv v0.4.0+sdk-1.4.341.0
   Compiling num-integer v0.1.47
   Compiling khronos-egl v6.0.0
   Compiling once_cell v1.21.4
   Compiling static_assertions v1.1.0
   Compiling memchr v2.8.3
   Compiling anyhow v1.0.104
   Compiling either v1.18.0
   Compiling scopeguard v1.2.0
   Compiling raw-window-handle v0.6.2
   Compiling allocator-api2 v0.2.21
   Compiling adler2 v2.0.1
   Compiling paste v1.0.15
   Compiling hashbrown v0.16.1
   Compiling wgpu-types v30.0.1
   Compiling lock_api v0.4.14
   Compiling num-bigint v0.4.8
   Compiling aligned-vec v0.6.4
   Compiling wgpu-hal v30.0.1
   Compiling stable_deref_trait v1.2.1
   Compiling crc32fast v1.5.1
   Compiling presser v0.3.1
   Compiling gpu-allocator v0.28.0
   Compiling as-slice v0.2.1
   Compiling parking_lot v0.12.5
   Compiling v_frame v0.3.9
   Compiling num-rational v0.4.2
   Compiling wgpu-naga-bridge v30.0.1
   Compiling rayon v1.12.0
   Compiling ordered-float v5.5.0
   Compiling range-alloc v0.1.5
   Compiling av-scenechange v0.14.1
   Compiling built v0.8.1
   Compiling version_check v0.9.5
   Compiling glow v0.17.0
   Compiling renderdoc-sys v1.1.0
   Compiling pulp v0.22.3
   Compiling rav1e v0.8.1
   Compiling aligned v0.4.3
   Compiling miniz_oxide v0.9.1
   Compiling no_std_io2 v0.9.4
   Compiling nom v8.0.0
   Compiling wgpu-core v30.0.1
   Compiling arg_enum_proc_macro v0.3.4
   Compiling y4m v0.8.0
   Compiling pastey v0.1.1
   Compiling winapi v0.3.9
   Compiling litrs v1.0.0
   Compiling quick-error v2.0.1
   Compiling document-features v0.2.12
   Compiling av1-grain v0.2.5
   Compiling bitstream-io v4.10.0
   Compiling flate2 v1.1.10
   Compiling wgpu-core-deps-windows-linux-android v30.0.1
   Compiling maybe-rayon v0.1.1
   Compiling miniz_oxide v0.8.9
   Compiling itertools v0.14.0
   Compiling num-complex v0.4.6
   Compiling raw-cpuid v11.6.0
   Compiling wgpu v30.0.1
   Compiling webview2-com-sys v0.39.1
   Compiling num-derive v0.4.2
   Compiling simd_helpers v0.1.0
   Compiling pulp-wasm-simd-flag v0.1.1
   Compiling reborrow v0.5.5
   Compiling imgref v1.12.3
   Compiling zune-core v0.5.3
   Compiling new_debug_unreachable v1.0.6
   Compiling noop_proc_macro v0.3.0
   Compiling weezl v0.1.12
   Compiling zune-jpeg v0.5.15
   Compiling loop9 v0.1.5
   Compiling fdeflate v0.3.7
   Compiling zune-inflate v0.2.54
   Compiling grafting v0.6.0
   Compiling avif-serialize v0.8.9
   Compiling pkg-config v0.3.34
   Compiling fax v0.2.7
   Compiling lebe v0.5.3
   Compiling by_address v1.2.1
   Compiling pxfm v0.1.30
   Compiling color_quant v1.1.0
   Compiling byteorder-lite v0.1.0
   Compiling rgb v0.8.53
   Compiling bit_field v0.10.3
   Compiling exr v1.74.2
   Compiling ravif v0.13.0
   Compiling image-webp v0.2.4
   Compiling gif v0.14.2
   Compiling moxcms v0.8.1
   Compiling palette_derive v0.7.7
   Compiling tiff v0.11.3
   Compiling scrying v0.7.1 (C:\t\cargo-targets\wgpu-scry\package\scrying-0.7.1)
   Compiling png v0.18.1
   Compiling wio v0.2.2
   Compiling qoi v0.4.1
   Compiling webview2-com-macros v0.8.1
   Compiling palette_math v0.7.7
   Compiling dpi v0.1.2
   Compiling palette v0.7.7
   Compiling webview2-com v0.39.1
   Compiling image v0.25.10
    Finished `dev` profile [unoptimized + debuginfo] target(s) in 3m 47s
