   Compiling unicode-ident v1.0.24
   Compiling proc-macro2 v1.0.107
   Compiling quote v1.0.47
   Compiling syn v2.0.119
   Compiling syn v3.0.4
    Checking libm v0.2.16
    Checking num-traits v0.2.19
    Checking windows-link v0.2.1
    Checking cfg-if v1.0.4
   Compiling thiserror-impl v2.0.20
    Checking bitflags v2.13.1
    Checking windows-strings v0.5.1
    Checking windows-result v0.4.1
   Compiling windows-implement v0.60.2
   Compiling windows-interface v0.59.3
    Checking log v0.4.34
    Checking windows-core v0.62.2
   Compiling bytemuck_derive v1.12.0
    Checking arrayvec v0.7.8
    Checking bytemuck v1.25.2
    Checking thiserror v2.0.20
   Compiling zerocopy-derive v0.8.56
   Compiling gl_generator v0.14.0
    Checking zerocopy v0.8.56
    Checking crossbeam-utils v0.8.22
    Checking windows-threading v0.2.1
    Checking windows-future v0.3.2
    Checking crossbeam-epoch v0.9.20
    Checking half v2.7.1
    Checking libc v0.2.189
    Checking windows-numerics v0.3.1
    Checking windows-collections v0.3.2
   Compiling profiling-procmacros v1.0.18
    Checking simd-adler32 v0.3.10
    Checking smallvec v1.15.2
    Checking equivalent v1.0.2
    Checking profiling v1.0.18
    Checking windows v0.62.2
    Checking crossbeam-deque v0.8.7
    Checking libloading v0.8.9
   Compiling equator-macro v0.4.2
    Checking foldhash v0.2.0
    Checking allocator-api2 v0.2.21
    Checking hashbrown v0.16.1
    Checking equator v0.4.2
    Checking rayon-core v1.13.0
   Compiling glutin_wgl_sys v0.6.1
   Compiling naga v28.0.0
    Checking num-integer v0.1.47
    Checking unicode-width v0.2.2
    Checking hashbrown v0.17.1
    Checking adler2 v2.0.1
    Checking scopeguard v1.2.0
    Checking either v1.18.0
    Checking bit-vec v0.8.0
    Checking foldhash v0.1.5
    Checking memchr v2.8.3
    Checking hashbrown v0.15.5
    Checking bit-set v0.8.0
    Checking lock_api v0.4.14
    Checking indexmap v2.14.1
    Checking codespan-reporting v0.12.0
    Checking num-bigint v0.4.8
    Checking aligned-vec v0.6.4
    Checking ash v0.38.0+1.3.281
    Checking parking_lot_core v0.9.12
   Compiling wgpu-hal v28.0.1
    Checking gpu-descriptor-types v0.2.0
    Checking spirv v0.3.0+sdk-1.3.268.0
    Checking presser v0.3.1
    Checking hexf-parse v0.2.1
    Checking stable_deref_trait v1.2.1
    Checking rustc-hash v1.1.0
    Checking once_cell v1.21.4
    Checking as-slice v0.2.1
    Checking gpu-allocator v0.28.0
    Checking gpu-descriptor v0.3.2
    Checking parking_lot v0.12.5
    Checking v_frame v0.3.9
    Checking num-rational v0.4.2
    Checking khronos-egl v6.0.0
    Checking anyhow v1.0.104
    Checking rayon v1.12.0
    Checking wgpu-types v28.0.0
    Checking ordered-float v5.5.0
    Checking glow v0.16.0
    Checking raw-window-handle v0.6.2
    Checking range-alloc v0.1.5
    Checking renderdoc-sys v1.1.0
    Checking aligned v0.4.3
    Checking crc32fast v1.5.1
    Checking no_std_io2 v0.9.4
    Checking nom v8.0.0
    Checking miniz_oxide v0.9.1
   Compiling wgpu-core v28.0.1
   Compiling arg_enum_proc_macro v0.3.4
    Checking quick-error v2.0.1
    Checking y4m v0.8.0
    Checking av-scenechange v0.14.1
   Compiling webview2-com-sys v0.39.1
    Checking flate2 v1.1.10
    Checking av1-grain v0.2.5
    Checking bitstream-io v4.10.0
    Checking wgpu-core-deps-windows-linux-android v28.0.0
    Checking maybe-rayon v0.1.1
    Checking itertools v0.14.0
    Checking miniz_oxide v0.8.9
    Checking num-complex v0.4.6
   Compiling wgpu v28.0.0
    Checking raw-cpuid v11.6.0
   Compiling num-derive v0.4.2
   Compiling simd_helpers v0.1.0
    Checking pulp-wasm-simd-flag v0.1.1
    Checking imgref v1.12.3
    Checking zune-core v0.5.3
    Checking weezl v0.1.12
    Checking new_debug_unreachable v1.0.6
    Checking reborrow v0.5.5
    Checking pulp v0.22.3
    Checking rav1e v0.8.1
    Checking zune-jpeg v0.5.15
    Checking loop9 v0.1.5
    Checking winapi v0.3.9
    Checking fdeflate v0.3.7
    Checking zune-inflate v0.2.54
   Compiling grafting v0.6.0
    Checking avif-serialize v0.8.9
    Checking rgb v0.8.53
    Checking static_assertions v1.1.0
    Checking lebe v0.5.3
    Checking pxfm v0.1.30
    Checking bit_field v0.10.3
    Checking byteorder-lite v0.1.0
    Checking color_quant v1.1.0
    Checking fax v0.2.7
    Checking tiff v0.11.3
   Compiling scrying v0.7.1 (C:\Users\mark_\Code\worktrees\wgpu-scry-release\scrying)
    Checking gif v0.14.2
    Checking image-webp v0.2.4
    Checking exr v1.74.2
    Checking moxcms v0.8.1
    Checking ravif v0.13.0
   Compiling palette_derive v0.7.7
    Checking png v0.18.1
    Checking wio v0.2.2
    Checking qoi v0.4.1
   Compiling webview2-com-macros v0.8.1
    Checking palette_math v0.7.7
    Checking dpi v0.1.2
    Checking palette v0.7.7
    Checking webview2-com v0.39.1
    Checking image v0.25.10
    Finished `dev` profile [unoptimized + debuginfo] target(s) in 1m 43s
