.cargo_vcs_info.json
Cargo.lock
Cargo.toml
Cargo.toml.orig
README.md
build.rs
src/latest_image_sample.rs
src/lib.rs
src/native_frame/dmabuf.rs
src/native_frame/error.rs
src/native_frame/metal.rs
src/native_frame/mod.rs
src/native_frame/sync.rs
src/native_frame/sync_dx12.rs
src/native_frame/sync_metal.rs
src/webkit6_producer/capture.rs
src/webkit6_producer/config.rs
src/webkit6_producer/cookies.rs
src/webkit6_producer/cursor.rs
src/webkit6_producer/downloads.rs
src/webkit6_producer/helpers.rs
src/webkit6_producer/ime.rs
src/webkit6_producer/input.rs
src/webkit6_producer/mod.rs
src/webkit6_producer/navigation.rs
src/webkit6_producer/producer.rs
src/webkit6_producer/scheme_handler.rs
src/webkit6_producer/script_message.rs
src/webkit6_producer/trait_impl.rs
src/webkitgtk_producer/capture.rs
src/webkitgtk_producer/config.rs
src/webkitgtk_producer/cookies.rs
src/webkitgtk_producer/cursor.rs
src/webkitgtk_producer/downloads.rs
src/webkitgtk_producer/helpers.rs
src/webkitgtk_producer/ime.rs
src/webkitgtk_producer/input.rs
src/webkitgtk_producer/input_native.rs
src/webkitgtk_producer/mod.rs
src/webkitgtk_producer/navigation.rs
src/webkitgtk_producer/producer.rs
src/webkitgtk_producer/scheme_handler.rs
src/webkitgtk_producer/script_message.rs
src/webkitgtk_producer/trait_impl.rs
src/webview2_composition_producer/auth_permissions.rs
src/webview2_composition_producer/browser.rs
src/webview2_composition_producer/capture.rs
src/webview2_composition_producer/cookies.rs
src/webview2_composition_producer/downloads.rs
src/webview2_composition_producer/input.rs
src/webview2_composition_producer/navigation.rs
src/webview2_composition_producer/resources.rs
src/webview2_composition_producer/settings.rs
src/webview2_composition_producer/setup.rs
src/webview2_composition_producer/teardown.rs
src/webview2_composition_producer.rs
src/wgpu_compat.rs
src/windows_capture.rs
src/wkwebview_producer/api.rs
src/wkwebview_producer/capture/async_start.rs
src/wkwebview_producer/capture/blocking.rs
src/wkwebview_producer/capture/mod.rs
src/wkwebview_producer/config.rs
src/wkwebview_producer/cookie_observer.rs
src/wkwebview_producer/cookies.rs
src/wkwebview_producer/download_handler.rs
src/wkwebview_producer/helpers.rs
src/wkwebview_producer/input.rs
src/wkwebview_producer/mod.rs
src/wkwebview_producer/nav_delegate.rs
src/wkwebview_producer/producer.rs
src/wkwebview_producer/scheme_handler.rs
src/wkwebview_producer/script_message.rs
src/wkwebview_producer/snapshots.rs
src/wkwebview_producer/title_observer.rs
src/wkwebview_producer/trait_impl.rs
src/wkwebview_producer/ui_delegate.rs
src/wpe_producer/config.rs
src/wpe_producer/cookies.rs
src/wpe_producer/cursor.rs
src/wpe_producer/downloads.rs
src/wpe_producer/ffi.rs
src/wpe_producer/headless.rs
src/wpe_producer/ime.rs
src/wpe_producer/input.rs
src/wpe_producer/mod.rs
src/wpe_producer/navigation.rs
src/wpe_producer/producer.rs
src/wpe_producer/scheme_handler.rs
src/wpe_producer/script_message.rs
tests/dmabuf_roundtrip.rs
tests/wpe_input.rs
tests/wpe_to_vulkan_roundtrip.rs
