gate / Resolve pinned toolchain	UNKNOWN STEP	﻿2026-10-07T01:11:28.6008892Z Current runner version: '2.337.0'
gate / Resolve pinned toolchain	UNKNOWN STEP	2026-10-07T01:11:28.6033632Z ##[group]Runner Image Provisioner
gate / Resolve pinned toolchain	UNKNOWN STEP	2026-10-07T01:11:28.6034529Z Hosted Compute Agent
gate / Resolve pinned toolchain	UNKNOWN STEP	2026-10-07T01:11:28.6035103Z Version: 20260901.588
gate / Resolve pinned toolchain	UNKNOWN STEP	2026-10-07T01:11:28.6036047Z Commit: f88ec8081b781fac6c440065ac7ff9e710ce3d0b
gate / Resolve pinned toolchain	UNKNOWN STEP	2026-10-07T01:11:28.6036770Z Build Date: 2026-09-01T19:56:44Z
gate / Resolve pinned toolchain	UNKNOWN STEP	2026-10-07T01:11:28.6037429Z Worker ID: {ff86c814-3f75-4e08-a37e-051701d539cd}
gate / Resolve pinned toolchain	UNKNOWN STEP	2026-10-07T01:11:28.6038273Z Azure Region: westus2
gate / Resolve pinned toolchain	UNKNOWN STEP	2026-10-07T01:11:28.6038831Z ##[endgroup]
gate / Resolve pinned toolchain	UNKNOWN STEP	2026-10-07T01:11:28.6040699Z ##[group]Operating System
gate / Resolve pinned toolchain	UNKNOWN STEP	2026-10-07T01:11:28.6041387Z Ubuntu
gate / Resolve pinned toolchain	UNKNOWN STEP	2026-10-07T01:11:28.6041888Z 24.04.5
gate / Resolve pinned toolchain	UNKNOWN STEP	2026-10-07T01:11:28.6042526Z LTS
gate / Resolve pinned toolchain	UNKNOWN STEP	2026-10-07T01:11:28.6043034Z ##[endgroup]
gate / Resolve pinned toolchain	UNKNOWN STEP	2026-10-07T01:11:28.6043608Z ##[group]Runner Image
gate / Resolve pinned toolchain	UNKNOWN STEP	2026-10-07T01:11:28.6044203Z Image: ubuntu-24.04
gate / Resolve pinned toolchain	UNKNOWN STEP	2026-10-07T01:11:28.6044759Z Version: 20260927.320.1
gate / Resolve pinned toolchain	UNKNOWN STEP	2026-10-07T01:11:28.6046601Z Included Software: https://github.com/actions/runner-images/blob/ubuntu24/20260927.320/images/ubuntu/Ubuntu2404-Readme.md
gate / Resolve pinned toolchain	UNKNOWN STEP	2026-10-07T01:11:28.6048271Z Image Release: https://github.com/actions/runner-images/releases/tag/ubuntu24%2F20260927.320
gate / Resolve pinned toolchain	UNKNOWN STEP	2026-10-07T01:11:28.6049245Z ##[endgroup]
gate / Resolve pinned toolchain	UNKNOWN STEP	2026-10-07T01:11:28.6050783Z ##[group]GITHUB_TOKEN Permissions
gate / Resolve pinned toolchain	UNKNOWN STEP	2026-10-07T01:11:28.6052742Z Contents: read
gate / Resolve pinned toolchain	UNKNOWN STEP	2026-10-07T01:11:28.6053322Z Metadata: read
gate / Resolve pinned toolchain	UNKNOWN STEP	2026-10-07T01:11:28.6053973Z ##[endgroup]
gate / Resolve pinned toolchain	UNKNOWN STEP	2026-10-07T01:11:28.6056587Z Secret source: Actions
gate / Resolve pinned toolchain	UNKNOWN STEP	2026-10-07T01:11:28.6057705Z Cache mode: write
gate / Resolve pinned toolchain	UNKNOWN STEP	2026-10-07T01:11:28.6058502Z Prepare workflow directory
gate / Resolve pinned toolchain	UNKNOWN STEP	2026-10-07T01:11:28.7533230Z Prepare all required actions
gate / Resolve pinned toolchain	UNKNOWN STEP	2026-10-07T01:11:28.7600736Z Getting action download info
gate / Resolve pinned toolchain	UNKNOWN STEP	2026-10-07T01:11:29.1073645Z Download action repository 'actions/checkout@v4' (SHA:11d5960a326750d5838078e36cf38b85af677262)
gate / Resolve pinned toolchain	UNKNOWN STEP	2026-10-07T01:11:29.3269325Z Uses: merely-made/.github/.github/workflows/wgpu-check.yml@refs/heads/main (0ecf5ddd3a74095590b62a3be5a895a13cb17e93)
gate / Resolve pinned toolchain	UNKNOWN STEP	2026-10-07T01:11:29.3274439Z ##[group] Inputs
gate / Resolve pinned toolchain	UNKNOWN STEP	2026-10-07T01:11:29.3275012Z   crate: scrying
gate / Resolve pinned toolchain	UNKNOWN STEP	2026-10-07T01:11:29.3275944Z   os: ["ubuntu-latest", "macos-latest", "windows-latest"]
gate / Resolve pinned toolchain	UNKNOWN STEP	2026-10-07T01:11:29.3276664Z   wgpu-versions: ["wgpu-28", "wgpu-29", "wgpu-30"]
gate / Resolve pinned toolchain	UNKNOWN STEP	2026-10-07T01:11:29.3277314Z   lib-args: --lib --no-default-features
gate / Resolve pinned toolchain	UNKNOWN STEP	2026-10-07T01:11:29.3278308Z   run-clippy: false
gate / Resolve pinned toolchain	UNKNOWN STEP	2026-10-07T01:11:29.3278775Z   run-fmt: false
gate / Resolve pinned toolchain	UNKNOWN STEP	2026-10-07T01:11:29.3279225Z   test-row: 
gate / Resolve pinned toolchain	UNKNOWN STEP	2026-10-07T01:11:29.3279660Z   rustflags: 
gate / Resolve pinned toolchain	UNKNOWN STEP	2026-10-07T01:11:29.3280186Z   extra-packages: -p demo-scrying-winit -p demo-win
gate / Resolve pinned toolchain	UNKNOWN STEP	2026-10-07T01:11:29.3280845Z   extra-packages-os: ["windows-latest"]
gate / Resolve pinned toolchain	UNKNOWN STEP	2026-10-07T01:11:29.3281417Z   linux-apt-packages: 
gate / Resolve pinned toolchain	UNKNOWN STEP	2026-10-07T01:11:29.3282438Z   timeout-minutes: 45
gate / Resolve pinned toolchain	UNKNOWN STEP	2026-10-07T01:11:29.3282946Z ##[endgroup]
gate / Resolve pinned toolchain	UNKNOWN STEP	2026-10-07T01:11:29.3283458Z Complete job name: gate / Resolve pinned toolchain
gate / Resolve pinned toolchain	UNKNOWN STEP	2026-10-07T01:11:29.5594816Z ##[group]Run actions/checkout@v4
gate / Resolve pinned toolchain	UNKNOWN STEP	2026-10-07T01:11:29.5595999Z with:
gate / Resolve pinned toolchain	UNKNOWN STEP	2026-10-07T01:11:29.5596467Z   repository: merely-made/wgpu-scry
gate / Resolve pinned toolchain	UNKNOWN STEP	2026-10-07T01:11:29.5600178Z   token: ***
gate / Resolve pinned toolchain	UNKNOWN STEP	2026-10-07T01:11:29.5600616Z   ssh-strict: true
gate / Resolve pinned toolchain	UNKNOWN STEP	2026-10-07T01:11:29.5601080Z   ssh-user: git
gate / Resolve pinned toolchain	UNKNOWN STEP	2026-10-07T01:11:29.5601529Z   persist-credentials: true
gate / Resolve pinned toolchain	UNKNOWN STEP	2026-10-07T01:11:29.5602017Z   clean: true
gate / Resolve pinned toolchain	UNKNOWN STEP	2026-10-07T01:11:29.5602503Z   sparse-checkout-cone-mode: true
gate / Resolve pinned toolchain	UNKNOWN STEP	2026-10-07T01:11:29.5603089Z   fetch-depth: 1
gate / Resolve pinned toolchain	UNKNOWN STEP	2026-10-07T01:11:29.5603584Z   fetch-tags: false
gate / Resolve pinned toolchain	UNKNOWN STEP	2026-10-07T01:11:29.5604024Z   show-progress: true
gate / Resolve pinned toolchain	UNKNOWN STEP	2026-10-07T01:11:29.5604468Z   lfs: false
gate / Resolve pinned toolchain	UNKNOWN STEP	2026-10-07T01:11:29.5604879Z   submodules: false
gate / Resolve pinned toolchain	UNKNOWN STEP	2026-10-07T01:11:29.5605572Z   set-safe-directory: true
gate / Resolve pinned toolchain	UNKNOWN STEP	2026-10-07T01:11:29.5606099Z   allow-unsafe-pr-checkout: false
gate / Resolve pinned toolchain	UNKNOWN STEP	2026-10-07T01:11:29.5606895Z env:
gate / Resolve pinned toolchain	UNKNOWN STEP	2026-10-07T01:11:29.5607325Z   CARGO_TERM_COLOR: always
gate / Resolve pinned toolchain	UNKNOWN STEP	2026-10-07T01:11:29.5607836Z   CARGO_NET_GIT_FETCH_WITH_CLI: true
gate / Resolve pinned toolchain	UNKNOWN STEP	2026-10-07T01:11:29.5608355Z ##[endgroup]
gate / Resolve pinned toolchain	UNKNOWN STEP	2026-10-07T01:11:29.6717085Z Syncing repository: merely-made/wgpu-scry
gate / Resolve pinned toolchain	UNKNOWN STEP	2026-10-07T01:11:29.6719943Z ##[group]Getting Git version info
gate / Resolve pinned toolchain	UNKNOWN STEP	2026-10-07T01:11:29.6721274Z Working directory is '/home/runner/work/wgpu-scry/wgpu-scry'
gate / Resolve pinned toolchain	UNKNOWN STEP	2026-10-07T01:11:29.6723213Z [command]/usr/bin/git version
gate / Resolve pinned toolchain	UNKNOWN STEP	2026-10-07T01:11:29.6809035Z git version 2.55.0
gate / Resolve pinned toolchain	UNKNOWN STEP	2026-10-07T01:11:29.6843543Z ##[endgroup]
gate / Resolve pinned toolchain	UNKNOWN STEP	2026-10-07T01:11:29.6866576Z Temporarily overriding HOME='/home/runner/work/_temp/2e994610-4f65-45fc-a001-0ff5db3bc3e9' before making global git config changes
gate / Resolve pinned toolchain	UNKNOWN STEP	2026-10-07T01:11:29.6869550Z Adding repository directory to the temporary git global config as a safe directory
gate / Resolve pinned toolchain	UNKNOWN STEP	2026-10-07T01:11:29.6875996Z [command]/usr/bin/git config --global --add safe.directory /home/runner/work/wgpu-scry/wgpu-scry
gate / Resolve pinned toolchain	UNKNOWN STEP	2026-10-07T01:11:29.6952968Z Deleting the contents of '/home/runner/work/wgpu-scry/wgpu-scry'
gate / Resolve pinned toolchain	UNKNOWN STEP	2026-10-07T01:11:29.6959214Z ##[group]Initializing the repository
gate / Resolve pinned toolchain	UNKNOWN STEP	2026-10-07T01:11:29.6965747Z [command]/usr/bin/git init /home/runner/work/wgpu-scry/wgpu-scry
gate / Resolve pinned toolchain	UNKNOWN STEP	2026-10-07T01:11:29.7091910Z hint: Using 'master' as the name for the initial branch. This default branch name
gate / Resolve pinned toolchain	UNKNOWN STEP	2026-10-07T01:11:29.7094049Z hint: will change to "main" in Git 3.0. To configure the initial branch name
gate / Resolve pinned toolchain	UNKNOWN STEP	2026-10-07T01:11:29.7101364Z hint: to use in all of your new repositories, which will suppress this warning,
gate / Resolve pinned toolchain	UNKNOWN STEP	2026-10-07T01:11:29.7102934Z hint: call:
gate / Resolve pinned toolchain	UNKNOWN STEP	2026-10-07T01:11:29.7103943Z hint:
gate / Resolve pinned toolchain	UNKNOWN STEP	2026-10-07T01:11:29.7104918Z hint: 	git config --global init.defaultBranch <name>
gate / Resolve pinned toolchain	UNKNOWN STEP	2026-10-07T01:11:29.7107319Z hint:
gate / Resolve pinned toolchain	UNKNOWN STEP	2026-10-07T01:11:29.7108454Z hint: Names commonly chosen instead of 'master' are 'main', 'trunk' and
gate / Resolve pinned toolchain	UNKNOWN STEP	2026-10-07T01:11:29.7110173Z hint: 'development'. The just-created branch can be renamed via this command:
gate / Resolve pinned toolchain	UNKNOWN STEP	2026-10-07T01:11:29.7111566Z hint:
gate / Resolve pinned toolchain	UNKNOWN STEP	2026-10-07T01:11:29.7112403Z hint: 	git branch -m <name>
gate / Resolve pinned toolchain	UNKNOWN STEP	2026-10-07T01:11:29.7113283Z hint:
gate / Resolve pinned toolchain	UNKNOWN STEP	2026-10-07T01:11:29.7114417Z hint: Disable this message with "git config set advice.defaultBranchName false"
gate / Resolve pinned toolchain	UNKNOWN STEP	2026-10-07T01:11:29.7116683Z Initialized empty Git repository in /home/runner/work/wgpu-scry/wgpu-scry/.git/
gate / Resolve pinned toolchain	UNKNOWN STEP	2026-10-07T01:11:29.7120358Z [command]/usr/bin/git remote add origin https://github.com/merely-made/wgpu-scry
gate / Resolve pinned toolchain	UNKNOWN STEP	2026-10-07T01:11:29.7190934Z ##[endgroup]
gate / Resolve pinned toolchain	UNKNOWN STEP	2026-10-07T01:11:29.7192647Z ##[group]Disabling automatic garbage collection
gate / Resolve pinned toolchain	UNKNOWN STEP	2026-10-07T01:11:29.7197529Z [command]/usr/bin/git config --local gc.auto 0
gate / Resolve pinned toolchain	UNKNOWN STEP	2026-10-07T01:11:29.7244110Z ##[endgroup]
gate / Resolve pinned toolchain	UNKNOWN STEP	2026-10-07T01:11:29.7245719Z ##[group]Setting up auth
gate / Resolve pinned toolchain	UNKNOWN STEP	2026-10-07T01:11:29.7264510Z [command]/usr/bin/git config --local --name-only --get-regexp core\.sshCommand
gate / Resolve pinned toolchain	UNKNOWN STEP	2026-10-07T01:11:29.7319571Z [command]/usr/bin/git submodule foreach --recursive sh -c "git config --local --name-only --get-regexp 'core\.sshCommand' && git config --local --unset-all 'core.sshCommand' || :"
gate / Resolve pinned toolchain	UNKNOWN STEP	2026-10-07T01:11:29.7692223Z [command]/usr/bin/git config --local --name-only --get-regexp http\.https\:\/\/github\.com\/\.extraheader
gate / Resolve pinned toolchain	UNKNOWN STEP	2026-10-07T01:11:29.7742565Z [command]/usr/bin/git submodule foreach --recursive sh -c "git config --local --name-only --get-regexp 'http\.https\:\/\/github\.com\/\.extraheader' && git config --local --unset-all 'http.https://github.com/.extraheader' || :"
gate / Resolve pinned toolchain	UNKNOWN STEP	2026-10-07T01:11:29.8017509Z [command]/usr/bin/git config --local --name-only --get-regexp ^includeIf\.gitdir:
gate / Resolve pinned toolchain	UNKNOWN STEP	2026-10-07T01:11:29.8059366Z [command]/usr/bin/git submodule foreach --recursive git config --local --show-origin --name-only --get-regexp remote.origin.url
gate / Resolve pinned toolchain	UNKNOWN STEP	2026-10-07T01:11:29.8299774Z [command]/usr/bin/git config --local http.https://github.com/.extraheader AUTHORIZATION: basic ***
gate / Resolve pinned toolchain	UNKNOWN STEP	2026-10-07T01:11:29.8343010Z ##[endgroup]
gate / Resolve pinned toolchain	UNKNOWN STEP	2026-10-07T01:11:29.8355831Z ##[group]Fetching the repository
gate / Resolve pinned toolchain	UNKNOWN STEP	2026-10-07T01:11:29.8358401Z [command]/usr/bin/git -c protocol.version=2 fetch --no-tags --prune --no-recurse-submodules --depth=1 origin +2c3ebd24118851cf6125cfb193f55aab20e3ad67:refs/remotes/origin/main
gate / Resolve pinned toolchain	UNKNOWN STEP	2026-10-07T01:11:30.3136528Z From https://github.com/merely-made/wgpu-scry
gate / Resolve pinned toolchain	UNKNOWN STEP	2026-10-07T01:11:30.3138487Z  * [new ref]         2c3ebd24118851cf6125cfb193f55aab20e3ad67 -> origin/main
gate / Resolve pinned toolchain	UNKNOWN STEP	2026-10-07T01:11:30.3142044Z ##[endgroup]
gate / Resolve pinned toolchain	UNKNOWN STEP	2026-10-07T01:11:30.3143575Z ##[group]Determining the checkout info
gate / Resolve pinned toolchain	UNKNOWN STEP	2026-10-07T01:11:30.3145936Z ##[endgroup]
gate / Resolve pinned toolchain	UNKNOWN STEP	2026-10-07T01:11:30.3151610Z [command]/usr/bin/git sparse-checkout disable
gate / Resolve pinned toolchain	UNKNOWN STEP	2026-10-07T01:11:30.3209647Z [command]/usr/bin/git config --local --unset-all extensions.worktreeConfig
gate / Resolve pinned toolchain	UNKNOWN STEP	2026-10-07T01:11:30.3247414Z ##[group]Checking out the ref
gate / Resolve pinned toolchain	UNKNOWN STEP	2026-10-07T01:11:30.3261307Z [command]/usr/bin/git checkout --progress --force -B main refs/remotes/origin/main
gate / Resolve pinned toolchain	UNKNOWN STEP	2026-10-07T01:11:30.3542176Z Switched to a new branch 'main'
gate / Resolve pinned toolchain	UNKNOWN STEP	2026-10-07T01:11:30.3547767Z branch 'main' set up to track 'origin/main'.
gate / Resolve pinned toolchain	UNKNOWN STEP	2026-10-07T01:11:30.3556724Z ##[endgroup]
gate / Resolve pinned toolchain	UNKNOWN STEP	2026-10-07T01:11:30.3606583Z [command]/usr/bin/git log -1 --format=%H
gate / Resolve pinned toolchain	UNKNOWN STEP	2026-10-07T01:11:30.3635995Z 2c3ebd24118851cf6125cfb193f55aab20e3ad67
gate / Resolve pinned toolchain	UNKNOWN STEP	2026-10-07T01:11:30.4142933Z ##[group]Run if [ ! -f rust-toolchain.toml ]; then
gate / Resolve pinned toolchain	UNKNOWN STEP	2026-10-07T01:11:30.4143835Z [36;1mif [ ! -f rust-toolchain.toml ]; then[0m
gate / Resolve pinned toolchain	UNKNOWN STEP	2026-10-07T01:11:30.4145605Z [36;1m  echo "::error file=rust-toolchain.toml::This repository calls the shared wgpu gate but has no rust-toolchain.toml. Add one pinning [toolchain] channel to the version this repository builds with."[0m
gate / Resolve pinned toolchain	UNKNOWN STEP	2026-10-07T01:11:30.4147052Z [36;1m  exit 1[0m
gate / Resolve pinned toolchain	UNKNOWN STEP	2026-10-07T01:11:30.4147488Z [36;1mfi[0m
gate / Resolve pinned toolchain	UNKNOWN STEP	2026-10-07T01:11:30.4148306Z [36;1mchannel=$(sed -n 's/^[[:space:]]*channel[[:space:]]*=[[:space:]]*"\([^"]*\)".*/\1/p' rust-toolchain.toml | head -n 1)[0m
gate / Resolve pinned toolchain	UNKNOWN STEP	2026-10-07T01:11:30.4149230Z [36;1mif [ -z "$channel" ]; then[0m
gate / Resolve pinned toolchain	UNKNOWN STEP	2026-10-07T01:11:30.4150156Z [36;1m  echo "::error file=rust-toolchain.toml::rust-toolchain.toml has no [toolchain] channel = \"...\" line."[0m
gate / Resolve pinned toolchain	UNKNOWN STEP	2026-10-07T01:11:30.4151083Z [36;1m  exit 1[0m
gate / Resolve pinned toolchain	UNKNOWN STEP	2026-10-07T01:11:30.4151517Z [36;1mfi[0m
gate / Resolve pinned toolchain	UNKNOWN STEP	2026-10-07T01:11:30.4152048Z [36;1mecho "channel=$channel" >> "$GITHUB_OUTPUT"[0m
gate / Resolve pinned toolchain	UNKNOWN STEP	2026-10-07T01:11:30.4152688Z [36;1mecho "pinned toolchain: $channel"[0m
gate / Resolve pinned toolchain	UNKNOWN STEP	2026-10-07T01:11:30.4411577Z shell: /usr/bin/bash -e {0}
gate / Resolve pinned toolchain	UNKNOWN STEP	2026-10-07T01:11:30.4412393Z env:
gate / Resolve pinned toolchain	UNKNOWN STEP	2026-10-07T01:11:30.4412971Z   CARGO_TERM_COLOR: always
gate / Resolve pinned toolchain	UNKNOWN STEP	2026-10-07T01:11:30.4413696Z   CARGO_NET_GIT_FETCH_WITH_CLI: true
gate / Resolve pinned toolchain	UNKNOWN STEP	2026-10-07T01:11:30.4414448Z ##[endgroup]
gate / Resolve pinned toolchain	UNKNOWN STEP	2026-10-07T01:11:30.4556347Z pinned toolchain: 1.97.1
gate / Resolve pinned toolchain	UNKNOWN STEP	2026-10-07T01:11:30.6436141Z Post job cleanup.
gate / Resolve pinned toolchain	UNKNOWN STEP	2026-10-07T01:11:30.7331300Z [command]/usr/bin/git version
gate / Resolve pinned toolchain	UNKNOWN STEP	2026-10-07T01:11:30.7379084Z git version 2.55.0
gate / Resolve pinned toolchain	UNKNOWN STEP	2026-10-07T01:11:30.7426916Z Temporarily overriding HOME='/home/runner/work/_temp/85c6bad1-338e-451f-bbbb-a0d697f0ec9f' before making global git config changes
gate / Resolve pinned toolchain	UNKNOWN STEP	2026-10-07T01:11:30.7431153Z Adding repository directory to the temporary git global config as a safe directory
gate / Resolve pinned toolchain	UNKNOWN STEP	2026-10-07T01:11:30.7436902Z [command]/usr/bin/git config --global --add safe.directory /home/runner/work/wgpu-scry/wgpu-scry
gate / Resolve pinned toolchain	UNKNOWN STEP	2026-10-07T01:11:30.7479024Z [command]/usr/bin/git config --local --name-only --get-regexp core\.sshCommand
gate / Resolve pinned toolchain	UNKNOWN STEP	2026-10-07T01:11:30.7518512Z [command]/usr/bin/git submodule foreach --recursive sh -c "git config --local --name-only --get-regexp 'core\.sshCommand' && git config --local --unset-all 'core.sshCommand' || :"
gate / Resolve pinned toolchain	UNKNOWN STEP	2026-10-07T01:11:30.7779326Z [command]/usr/bin/git config --local --name-only --get-regexp http\.https\:\/\/github\.com\/\.extraheader
gate / Resolve pinned toolchain	UNKNOWN STEP	2026-10-07T01:11:30.7812834Z http.https://github.com/.extraheader
gate / Resolve pinned toolchain	UNKNOWN STEP	2026-10-07T01:11:30.7825177Z [command]/usr/bin/git config --local --unset-all http.https://github.com/.extraheader
gate / Resolve pinned toolchain	UNKNOWN STEP	2026-10-07T01:11:30.7862609Z [command]/usr/bin/git submodule foreach --recursive sh -c "git config --local --name-only --get-regexp 'http\.https\:\/\/github\.com\/\.extraheader' && git config --local --unset-all 'http.https://github.com/.extraheader' || :"
gate / Resolve pinned toolchain	UNKNOWN STEP	2026-10-07T01:11:30.8126584Z [command]/usr/bin/git config --local --name-only --get-regexp ^includeIf\.gitdir:
gate / Resolve pinned toolchain	UNKNOWN STEP	2026-10-07T01:11:30.8167425Z [command]/usr/bin/git submodule foreach --recursive git config --local --show-origin --name-only --get-regexp remote.origin.url
gate / Resolve pinned toolchain	UNKNOWN STEP	2026-10-07T01:11:30.8580171Z Evaluate and set job outputs
gate / Resolve pinned toolchain	UNKNOWN STEP	2026-10-07T01:11:30.8689547Z Set output 'channel'
gate / Resolve pinned toolchain	UNKNOWN STEP	2026-10-07T01:11:30.8692406Z Cleaning up orphan processes
gate / Resolve pinned toolchain	UNKNOWN STEP	2026-10-07T01:11:30.9106422Z ##[warning]Node.js 20 is deprecated. The following actions target Node.js 20 but are being forced to run on Node.js 24: actions/checkout@v4. For more information see: https://github.blog/changelog/2025-09-19-deprecation-of-node-20-on-github-actions-runners/
