2026-10-07T13:35:35.5201930Z Current runner version: '2.337.0'
2026-10-07T13:35:35.5250950Z ##[group]Runner Image Provisioner
2026-10-07T13:35:35.5252550Z Hosted Compute Agent
2026-10-07T13:35:35.5253550Z Version: 20260828.587
2026-10-07T13:35:35.5254660Z Commit: abac92662cab4cc7352de4f9f9d2e2419aad9c29
2026-10-07T13:35:35.5255920Z Build Date: 2026-08-28T16:44:25Z
2026-10-07T13:35:35.5257190Z Worker ID: {6c2f99b0-02a1-48a7-bf29-3e3c089c64f1}
2026-10-07T13:35:35.5258600Z Azure Region: westus
2026-10-07T13:35:35.5259580Z ##[endgroup]
2026-10-07T13:35:35.5263190Z ##[group]Operating System
2026-10-07T13:35:35.5264320Z macOS
2026-10-07T13:35:35.5265190Z 26.6.2
2026-10-07T13:35:35.5266410Z 25G83
2026-10-07T13:35:35.5267300Z ##[endgroup]
2026-10-07T13:35:35.5268390Z ##[group]Runner Image
2026-10-07T13:35:35.5269470Z Image: macos-26-arm64
2026-10-07T13:35:35.5270490Z Version: 20260907.0351.1
2026-10-07T13:35:35.5273530Z Included Software: https://github.com/actions/runner-images/blob/macos-26-arm64/20260907.0351/images/macos/macos-26-arm64-Readme.md
2026-10-07T13:35:35.5276190Z Image Release: https://github.com/actions/runner-images/releases/tag/macos-26-arm64%2F20260907.0351
2026-10-07T13:35:35.5276990Z ##[endgroup]
2026-10-07T13:35:35.5278210Z ##[group]GITHUB_TOKEN Permissions
2026-10-07T13:35:35.5280620Z Contents: read
2026-10-07T13:35:35.5280990Z Metadata: read
2026-10-07T13:35:35.5281360Z ##[endgroup]
2026-10-07T13:35:35.5283170Z Secret source: Actions
2026-10-07T13:35:35.5283760Z Cache mode: write
2026-10-07T13:35:35.5284240Z Prepare workflow directory
2026-10-07T13:35:35.5819630Z Prepare all required actions
2026-10-07T13:35:35.5919230Z Getting action download info
2026-10-07T13:35:36.0540020Z Download action repository 'actions/checkout@v4' (SHA:11d5960a326750d5838078e36cf38b85af677262)
2026-10-07T13:35:36.4143180Z Download action repository 'dtolnay/rust-toolchain@master' (SHA:7e38f4b43b4db5c8dd498af069a4f6196df1d067)
2026-10-07T13:35:36.8678580Z Uses: merely-made/.github/.github/workflows/wgpu-msrv.yml@refs/heads/main (0ecf5ddd3a74095590b62a3be5a895a13cb17e93)
2026-10-07T13:35:36.8682020Z ##[group] Inputs
2026-10-07T13:35:36.8682400Z   crate: scrying
2026-10-07T13:35:36.8682740Z   toolchain: 1.92.0
2026-10-07T13:35:36.8683160Z   os: ["ubuntu-latest", "macos-latest", "windows-latest"]
2026-10-07T13:35:36.8683680Z   wgpu-versions: ["wgpu-28", "wgpu-29", "wgpu-30"]
2026-10-07T13:35:36.8684380Z   run-library: true
2026-10-07T13:35:36.8684790Z   lib-args: --lib --no-default-features
2026-10-07T13:35:36.8685290Z   test-row: 
2026-10-07T13:35:36.8706080Z   rustflags: 
2026-10-07T13:35:36.8706640Z   extra-check: 
2026-10-07T13:35:36.8706980Z   extra-check-name: extra graph
2026-10-07T13:35:36.8707410Z   linux-apt-packages: 
2026-10-07T13:35:36.8709100Z   timeout-minutes: 45
2026-10-07T13:35:36.8709480Z ##[endgroup]
2026-10-07T13:35:36.8709940Z Complete job name: platform-api / Rust 1.92.0 / macos-latest / wgpu-30
2026-10-07T13:35:36.9390070Z ##[group]Run actions/checkout@v4
2026-10-07T13:35:36.9391500Z with:
2026-10-07T13:35:36.9392030Z   repository: merely-made/wgpu-scry
2026-10-07T13:35:36.9396470Z   token: ***
2026-10-07T13:35:36.9397030Z   ssh-strict: true
2026-10-07T13:35:36.9397530Z   ssh-user: git
2026-10-07T13:35:36.9398600Z   persist-credentials: true
2026-10-07T13:35:36.9399900Z   clean: true
2026-10-07T13:35:36.9401200Z   sparse-checkout-cone-mode: true
2026-10-07T13:35:36.9402500Z   fetch-depth: 1
2026-10-07T13:35:36.9403450Z   fetch-tags: false
2026-10-07T13:35:36.9404510Z   show-progress: true
2026-10-07T13:35:36.9405510Z   lfs: false
2026-10-07T13:35:36.9406900Z   submodules: false
2026-10-07T13:35:36.9408130Z   set-safe-directory: true
2026-10-07T13:35:36.9409490Z   allow-unsafe-pr-checkout: false
2026-10-07T13:35:36.9412000Z env:
2026-10-07T13:35:36.9413160Z   CARGO_TERM_COLOR: always
2026-10-07T13:35:36.9414300Z   CARGO_NET_GIT_FETCH_WITH_CLI: true
2026-10-07T13:35:36.9415420Z   RUSTFLAGS: 
2026-10-07T13:35:36.9416500Z   RUSTUP_TOOLCHAIN: 1.92.0
2026-10-07T13:35:36.9417510Z ##[endgroup]
2026-10-07T13:35:37.4595900Z Syncing repository: merely-made/wgpu-scry
2026-10-07T13:35:37.4599050Z ##[group]Getting Git version info
2026-10-07T13:35:37.4599830Z Working directory is '/Users/runner/work/wgpu-scry/wgpu-scry'
2026-10-07T13:35:37.4602840Z [command]/opt/homebrew/bin/git version
2026-10-07T13:35:37.5237270Z git version 2.55.0
2026-10-07T13:35:37.5259110Z ##[endgroup]
2026-10-07T13:35:37.5268290Z Copying '/Users/runner/.gitconfig' to '/Users/runner/work/_temp/0509fc82-b378-4316-97cb-7f515ee14813/.gitconfig'
2026-10-07T13:35:37.5277290Z Temporarily overriding HOME='/Users/runner/work/_temp/0509fc82-b378-4316-97cb-7f515ee14813' before making global git config changes
2026-10-07T13:35:37.5279650Z Adding repository directory to the temporary git global config as a safe directory
2026-10-07T13:35:37.5282940Z [command]/opt/homebrew/bin/git config --global --add safe.directory /Users/runner/work/wgpu-scry/wgpu-scry
2026-10-07T13:35:37.5432830Z Deleting the contents of '/Users/runner/work/wgpu-scry/wgpu-scry'
2026-10-07T13:35:37.5439810Z ##[group]Initializing the repository
2026-10-07T13:35:37.5456320Z [command]/opt/homebrew/bin/git init /Users/runner/work/wgpu-scry/wgpu-scry
2026-10-07T13:35:37.5700010Z hint: Using 'master' as the name for the initial branch. This default branch name
2026-10-07T13:35:37.5702420Z hint: will change to "main" in Git 3.0. To configure the initial branch name
2026-10-07T13:35:37.5705700Z hint: to use in all of your new repositories, which will suppress this warning,
2026-10-07T13:35:37.5707400Z hint: call:
2026-10-07T13:35:37.5708410Z hint:
2026-10-07T13:35:37.5716880Z hint: 	git config --global init.defaultBranch <name>
2026-10-07T13:35:37.5720520Z hint:
2026-10-07T13:35:37.5723130Z hint: Names commonly chosen instead of 'master' are 'main', 'trunk' and
2026-10-07T13:35:37.5727330Z hint: 'development'. The just-created branch can be renamed via this command:
2026-10-07T13:35:37.5730440Z hint:
2026-10-07T13:35:37.5737190Z hint: 	git branch -m <name>
2026-10-07T13:35:37.5739550Z hint:
2026-10-07T13:35:37.5743020Z hint: Disable this message with "git config set advice.defaultBranchName false"
2026-10-07T13:35:37.5748310Z Initialized empty Git repository in /Users/runner/work/wgpu-scry/wgpu-scry/.git/
2026-10-07T13:35:37.5754980Z [command]/opt/homebrew/bin/git remote add origin https://github.com/merely-made/wgpu-scry
2026-10-07T13:35:37.5849150Z ##[endgroup]
2026-10-07T13:35:37.5901400Z ##[group]Disabling automatic garbage collection
2026-10-07T13:35:37.5911190Z [command]/opt/homebrew/bin/git config --local gc.auto 0
2026-10-07T13:35:37.5942130Z ##[endgroup]
2026-10-07T13:35:37.5943430Z ##[group]Setting up auth
2026-10-07T13:35:37.5944840Z [command]/opt/homebrew/bin/git config --local --name-only --get-regexp core\.sshCommand
2026-10-07T13:35:37.6010920Z [command]/opt/homebrew/bin/git submodule foreach --recursive sh -c "git config --local --name-only --get-regexp 'core\.sshCommand' && git config --local --unset-all 'core.sshCommand' || :"
2026-10-07T13:35:37.7814910Z [command]/opt/homebrew/bin/git config --local --name-only --get-regexp http\.https\:\/\/github\.com\/\.extraheader
2026-10-07T13:35:37.7908500Z [command]/opt/homebrew/bin/git submodule foreach --recursive sh -c "git config --local --name-only --get-regexp 'http\.https\:\/\/github\.com\/\.extraheader' && git config --local --unset-all 'http.https://github.com/.extraheader' || :"
2026-10-07T13:35:37.9611660Z [command]/opt/homebrew/bin/git config --local --name-only --get-regexp ^includeIf\.gitdir:
2026-10-07T13:35:37.9988940Z [command]/opt/homebrew/bin/git submodule foreach --recursive git config --local --show-origin --name-only --get-regexp remote.origin.url
2026-10-07T13:35:38.1698830Z [command]/opt/homebrew/bin/git config --local http.https://github.com/.extraheader AUTHORIZATION: basic ***
2026-10-07T13:35:38.2005930Z ##[endgroup]
2026-10-07T13:35:38.2110940Z ##[group]Fetching the repository
2026-10-07T13:35:38.2140600Z [command]/opt/homebrew/bin/git -c protocol.version=2 fetch --no-tags --prune --no-recurse-submodules --depth=1 origin +4d8d1d3f8dd450b712960c90b74263a45b46e35b:refs/remotes/origin/main
2026-10-07T13:35:39.1188510Z From https://github.com/merely-made/wgpu-scry
2026-10-07T13:35:39.1294600Z  * [new ref]         4d8d1d3f8dd450b712960c90b74263a45b46e35b -> origin/main
2026-10-07T13:35:39.1601320Z ##[endgroup]
2026-10-07T13:35:39.1639800Z ##[group]Determining the checkout info
2026-10-07T13:35:39.1640760Z ##[endgroup]
2026-10-07T13:35:39.1641400Z [command]/opt/homebrew/bin/git sparse-checkout disable
2026-10-07T13:35:39.1642820Z [command]/opt/homebrew/bin/git config --local --unset-all extensions.worktreeConfig
2026-10-07T13:35:39.1644250Z ##[group]Checking out the ref
2026-10-07T13:35:39.1644790Z [command]/opt/homebrew/bin/git checkout --progress --force -B main refs/remotes/origin/main
2026-10-07T13:35:39.2320950Z Switched to a new branch 'main'
2026-10-07T13:35:39.2324040Z branch 'main' set up to track 'origin/main'.
2026-10-07T13:35:39.2329670Z ##[endgroup]
2026-10-07T13:35:39.2436190Z [command]/opt/homebrew/bin/git log -1 --format=%H
2026-10-07T13:35:39.2521210Z 4d8d1d3f8dd450b712960c90b74263a45b46e35b
2026-10-07T13:35:39.2921100Z ##[group]Run dtolnay/rust-toolchain@master
2026-10-07T13:35:39.2921410Z with:
2026-10-07T13:35:39.2921590Z   toolchain: 1.92.0
2026-10-07T13:35:39.2921770Z env:
2026-10-07T13:35:39.2921930Z   CARGO_TERM_COLOR: always
2026-10-07T13:35:39.2922190Z   CARGO_NET_GIT_FETCH_WITH_CLI: true
2026-10-07T13:35:39.2922410Z   RUSTFLAGS: 
2026-10-07T13:35:39.2922580Z   RUSTUP_TOOLCHAIN: 1.92.0
2026-10-07T13:35:39.2922780Z ##[endgroup]
2026-10-07T13:35:39.2982700Z ##[start-action display=Parse toolchain version;id=__dtolnay_rust-toolchain.parse]
2026-10-07T13:35:39.3038730Z ##[group]Run if [[ -z $toolchain ]]; then
2026-10-07T13:35:39.3039110Z [36;1mif [[ -z $toolchain ]]; then[0m
2026-10-07T13:35:39.3039570Z [36;1m  # GitHub does not enforce `required: true` inputs itself. https://github.com/actions/runner/issues/1070[0m
2026-10-07T13:35:39.3040040Z [36;1m  echo "'toolchain' is a required input" >&2[0m
2026-10-07T13:35:39.3040420Z [36;1m  exit 1[0m
2026-10-07T13:35:39.3040800Z [36;1melif [[ $toolchain =~ ^stable' '[0-9]+' '(year|month|week|day)s?' 'ago$ ]]; then[0m
2026-10-07T13:35:39.3041190Z [36;1m  if [[ macOS == macOS ]]; then[0m
2026-10-07T13:35:39.3041640Z [36;1m    echo "toolchain=1.$((($(date -v-$(sed 's/stable \([0-9]*\) \(.\).*/\1\2/' <<< $toolchain) +%s)/60/60/24-16569)/7/6))" >> $GITHUB_OUTPUT[0m
2026-10-07T13:35:39.3042100Z [36;1m  else[0m
2026-10-07T13:35:39.3042580Z [36;1m    echo "toolchain=1.$((($(date --date "${toolchain#stable }" +%s)/60/60/24-16569)/7/6))" >> $GITHUB_OUTPUT[0m
2026-10-07T13:35:39.3043010Z [36;1m  fi[0m
2026-10-07T13:35:39.3043280Z [36;1melif [[ $toolchain =~ ^stable' 'minus' '[0-9]+' 'releases?$ ]]; then[0m
2026-10-07T13:35:39.3043740Z [36;1m  echo "toolchain=1.$((($(date +%s)/60/60/24-16569)/7/6-${toolchain//[^0-9]/}))" >> $GITHUB_OUTPUT[0m
2026-10-07T13:35:39.3044140Z [36;1melif [[ $toolchain =~ ^1\.[0-9]+$ ]]; then[0m
2026-10-07T13:35:39.3044600Z [36;1m  echo "toolchain=1.$((i=${toolchain#1.}, c=($(date +%s)/60/60/24-16569)/7/6, i+9*i*(10*i<=c)+90*i*(100*i<=c)))" >> $GITHUB_OUTPUT[0m
2026-10-07T13:35:39.3045090Z [36;1melse[0m
2026-10-07T13:35:39.3045350Z [36;1m  echo "toolchain=$toolchain" >> $GITHUB_OUTPUT[0m
2026-10-07T13:35:39.3045600Z [36;1mfi[0m
2026-10-07T13:35:39.3123860Z shell: /bin/bash --noprofile --norc -e -o pipefail {0}
2026-10-07T13:35:39.3124470Z env:
2026-10-07T13:35:39.3124730Z   CARGO_TERM_COLOR: always
2026-10-07T13:35:39.3124950Z   CARGO_NET_GIT_FETCH_WITH_CLI: true
2026-10-07T13:35:39.3125170Z   RUSTFLAGS: 
2026-10-07T13:35:39.3125360Z   RUSTUP_TOOLCHAIN: 1.92.0
2026-10-07T13:35:39.3125580Z   toolchain: 1.92.0
2026-10-07T13:35:39.3125770Z ##[endgroup]
2026-10-07T13:35:39.3575060Z ##[end-action id=__dtolnay_rust-toolchain.parse;outcome=success;conclusion=success;duration_ms=59]
2026-10-07T13:35:39.3585630Z ##[start-action display=Construct rustup command line;id=__dtolnay_rust-toolchain.flags]
2026-10-07T13:35:39.3613850Z ##[group]Run echo "targets=$(for t in ${targets//,/ }; do echo -n ' --target' $t; done)" >> $GITHUB_OUTPUT
2026-10-07T13:35:39.3616410Z [36;1mecho "targets=$(for t in ${targets//,/ }; do echo -n ' --target' $t; done)" >> $GITHUB_OUTPUT[0m
2026-10-07T13:35:39.3617020Z [36;1mecho "components=$(for c in ${components//,/ }; do echo -n ' --component' $c; done)" >> $GITHUB_OUTPUT[0m
2026-10-07T13:35:39.3617490Z [36;1mecho "downgrade=" >> $GITHUB_OUTPUT[0m
2026-10-07T13:35:39.3658910Z shell: /bin/bash --noprofile --norc -e -o pipefail {0}
2026-10-07T13:35:39.3659250Z env:
2026-10-07T13:35:39.3659500Z   CARGO_TERM_COLOR: always
2026-10-07T13:35:39.3659740Z   CARGO_NET_GIT_FETCH_WITH_CLI: true
2026-10-07T13:35:39.3660020Z   RUSTFLAGS: 
2026-10-07T13:35:39.3660220Z   RUSTUP_TOOLCHAIN: 1.92.0
2026-10-07T13:35:39.3660460Z   targets: 
2026-10-07T13:35:39.3660630Z   components: 
2026-10-07T13:35:39.3660830Z ##[endgroup]
2026-10-07T13:35:39.4000000Z ##[end-action id=__dtolnay_rust-toolchain.flags;outcome=success;conclusion=success;duration_ms=41]
2026-10-07T13:35:39.4003290Z ##[start-action display=Set $CARGO_HOME;id=__dtolnay_rust-toolchain.__run]
2026-10-07T13:35:39.4045710Z ##[group]Run echo CARGO_HOME=${CARGO_HOME:-"$HOME/.cargo"} >> $GITHUB_ENV
2026-10-07T13:35:39.4046170Z [36;1mecho CARGO_HOME=${CARGO_HOME:-"$HOME/.cargo"} >> $GITHUB_ENV[0m
2026-10-07T13:35:39.4080070Z shell: /bin/bash --noprofile --norc -e -o pipefail {0}
2026-10-07T13:35:39.4080400Z env:
2026-10-07T13:35:39.4080590Z   CARGO_TERM_COLOR: always
2026-10-07T13:35:39.4080840Z   CARGO_NET_GIT_FETCH_WITH_CLI: true
2026-10-07T13:35:39.4081070Z   RUSTFLAGS: 
2026-10-07T13:35:39.4081250Z   RUSTUP_TOOLCHAIN: 1.92.0
2026-10-07T13:35:39.4081460Z ##[endgroup]
2026-10-07T13:35:39.4395830Z ##[end-action id=__dtolnay_rust-toolchain.__run;outcome=success;conclusion=success;duration_ms=39]
2026-10-07T13:35:39.4398250Z ##[start-action display=Install rustup if needed;id=__dtolnay_rust-toolchain.__run_2]
2026-10-07T13:35:39.4423410Z ##[group]Run if ! command -v rustup &>/dev/null; then
2026-10-07T13:35:39.4423830Z [36;1mif ! command -v rustup &>/dev/null; then[0m
2026-10-07T13:35:39.4424510Z [36;1m  curl --proto '=https' --tlsv1.2 --retry 10 --retry-connrefused --location --silent --show-error --fail https://sh.rustup.rs | sh -s -- --default-toolchain none -y[0m
2026-10-07T13:35:39.4425160Z [36;1m  echo "$CARGO_HOME/bin" >> $GITHUB_PATH[0m
2026-10-07T13:35:39.4425410Z [36;1mfi[0m
2026-10-07T13:35:39.4460690Z shell: /bin/bash --noprofile --norc -e -o pipefail {0}
2026-10-07T13:35:39.4461050Z env:
2026-10-07T13:35:39.4461250Z   CARGO_TERM_COLOR: always
2026-10-07T13:35:39.4461490Z   CARGO_NET_GIT_FETCH_WITH_CLI: true
2026-10-07T13:35:39.4461740Z   RUSTFLAGS: 
2026-10-07T13:35:39.4461930Z   RUSTUP_TOOLCHAIN: 1.92.0
2026-10-07T13:35:39.4462170Z   CARGO_HOME: /Users/runner/.cargo
2026-10-07T13:35:39.4462400Z ##[endgroup]
2026-10-07T13:35:39.4715200Z ##[end-action id=__dtolnay_rust-toolchain.__run_2;outcome=success;conclusion=success;duration_ms=31]
2026-10-07T13:35:39.4718400Z ##[start-action display=Install rustup if needed on windows;id=__dtolnay_rust-toolchain.__run_3]
2026-10-07T13:35:39.4724340Z ##[end-action id=__dtolnay_rust-toolchain.__run_3;outcome=skipped;conclusion=skipped;duration_ms=0]
2026-10-07T13:35:39.4734730Z ##[start-action display=rustup toolchain install 1.92.0;id=__dtolnay_rust-toolchain.__run_4]
2026-10-07T13:35:39.4758220Z ##[group]Run log=$(mktemp)
2026-10-07T13:35:39.4758490Z [36;1mlog=$(mktemp)[0m
2026-10-07T13:35:39.4758720Z [36;1mtrap 'rm -f "$log"' EXIT[0m
2026-10-07T13:35:39.4759000Z [36;1mfor attempt in 1 2 3 4 5; do[0m
2026-10-07T13:35:39.4759470Z [36;1m  if rustup toolchain install 1.92.0 --profile minimal --no-self-update --force-non-host 2>&1 | tee "$log"; then[0m
2026-10-07T13:35:39.4760030Z [36;1m    break[0m
2026-10-07T13:35:39.4760230Z [36;1m  else[0m
2026-10-07T13:35:39.4760430Z [36;1m    status=$?[0m
2026-10-07T13:35:39.4760690Z [36;1m  fi[0m
2026-10-07T13:35:39.4761000Z [36;1m  if [[ $attempt == 5 ]] || ! grep -Fq 'checksum failed for ' "$log" \[0m
2026-10-07T13:35:39.4761880Z [36;1m      || ! grep -Fq 'this is likely due to an ongoing update of the official release server' "$log"; then[0m
2026-10-07T13:35:39.4762380Z [36;1m    exit "$status"[0m
2026-10-07T13:35:39.4762590Z [36;1m  fi[0m
2026-10-07T13:35:39.4762930Z [36;1m  echo "Retrying rustup toolchain install in 30 seconds (retry $attempt of 4)" >&2[0m
2026-10-07T13:35:39.4763500Z [36;1m  sleep 30[0m
2026-10-07T13:35:39.4763740Z [36;1mdone[0m
2026-10-07T13:35:39.4799380Z shell: /bin/bash --noprofile --norc -e -o pipefail {0}
2026-10-07T13:35:39.4799750Z env:
2026-10-07T13:35:39.4800000Z   CARGO_TERM_COLOR: always
2026-10-07T13:35:39.4800270Z   CARGO_NET_GIT_FETCH_WITH_CLI: true
2026-10-07T13:35:39.4800590Z   RUSTFLAGS: 
2026-10-07T13:35:39.4800790Z   RUSTUP_TOOLCHAIN: 1.92.0
2026-10-07T13:35:39.4801050Z   CARGO_HOME: /Users/runner/.cargo
2026-10-07T13:35:39.4801300Z   RUSTUP_PERMIT_COPY_RENAME: 1
2026-10-07T13:35:39.4802040Z ##[endgroup]
2026-10-07T13:35:39.6029860Z info: syncing channel updates for 1.92.0-aarch64-apple-darwin
2026-10-07T13:35:39.7453200Z info: latest update on 2025-12-11 for version 1.92.0 (ded5c06cf 2025-12-08)
2026-10-07T13:35:39.7464480Z info: downloading 3 components
2026-10-07T13:35:47.0277990Z 
2026-10-07T13:35:47.1929110Z   1.92.0-aarch64-apple-darwin installed - rustc 1.92.0 (ded5c06cf 2025-12-08)
2026-10-07T13:35:47.1991870Z 
2026-10-07T13:35:47.1992710Z info: self-update is disabled for this build of rustup
2026-10-07T13:35:47.1993280Z info: any updates to rustup will need to be fetched with your system package manager
2026-10-07T13:35:47.2894590Z ##[end-action id=__dtolnay_rust-toolchain.__run_4;outcome=success;conclusion=success;duration_ms=7811]
2026-10-07T13:35:47.2918780Z ##[start-action display=rustup default 1.92.0;id=__dtolnay_rust-toolchain.__run_5]
2026-10-07T13:35:47.2954160Z ##[group]Run rustup default 1.92.0 --force-non-host
2026-10-07T13:35:47.2954700Z [36;1mrustup default 1.92.0 --force-non-host[0m
2026-10-07T13:35:47.3011180Z shell: /bin/bash --noprofile --norc -e -o pipefail {0}
2026-10-07T13:35:47.3011780Z env:
2026-10-07T13:35:47.3012140Z   CARGO_TERM_COLOR: always
2026-10-07T13:35:47.3012390Z   CARGO_NET_GIT_FETCH_WITH_CLI: true
2026-10-07T13:35:47.3012720Z   RUSTFLAGS: 
2026-10-07T13:35:47.3013010Z   RUSTUP_TOOLCHAIN: 1.92.0
2026-10-07T13:35:47.3013390Z   CARGO_HOME: /Users/runner/.cargo
2026-10-07T13:35:47.3013690Z ##[endgroup]
2026-10-07T13:35:47.3943370Z info: using existing install for 1.92.0-aarch64-apple-darwin
2026-10-07T13:35:47.3968950Z info: default toolchain set to 1.92.0-aarch64-apple-darwin
2026-10-07T13:35:47.3969860Z 
2026-10-07T13:35:47.4101430Z info: note that the toolchain '1.92.0-aarch64-apple-darwin' is currently in use (overridden by environment variable RUSTUP_TOOLCHAIN)
2026-10-07T13:35:47.4102130Z   1.92.0-aarch64-apple-darwin unchanged - rustc 1.92.0 (ded5c06cf 2025-12-08)
2026-10-07T13:35:47.4103100Z 
2026-10-07T13:35:47.4120150Z ##[end-action id=__dtolnay_rust-toolchain.__run_5;outcome=success;conclusion=success;duration_ms=119]
2026-10-07T13:35:47.4123400Z ##[start-action display=Create cachekey;id=__dtolnay_rust-toolchain.rustc-version]
2026-10-07T13:35:47.4158610Z ##[group]Run DATE=$(rustc +1.92.0 --version --verbose | sed -ne 's/^commit-date: \(20[0-9][0-9]\)-\([01][0-9]\)-\([0-3][0-9]\)$/\1\2\3/p')
2026-10-07T13:35:47.4159520Z [36;1mDATE=$(rustc +1.92.0 --version --verbose | sed -ne 's/^commit-date: \(20[0-9][0-9]\)-\([01][0-9]\)-\([0-3][0-9]\)$/\1\2\3/p')[0m
2026-10-07T13:35:47.4160210Z [36;1mHASH=$(rustc +1.92.0 --version --verbose | sed -ne 's/^commit-hash: //p')[0m
2026-10-07T13:35:47.4161200Z [36;1mecho "cachekey=$(echo $DATE$HASH | head -c12)" >> $GITHUB_OUTPUT[0m
2026-10-07T13:35:47.4207910Z shell: /bin/bash --noprofile --norc -e -o pipefail {0}
2026-10-07T13:35:47.4208890Z env:
2026-10-07T13:35:47.4209440Z   CARGO_TERM_COLOR: always
2026-10-07T13:35:47.4210620Z   CARGO_NET_GIT_FETCH_WITH_CLI: true
2026-10-07T13:35:47.4211330Z   RUSTFLAGS: 
2026-10-07T13:35:47.4212140Z   RUSTUP_TOOLCHAIN: 1.92.0
2026-10-07T13:35:47.4214540Z   CARGO_HOME: /Users/runner/.cargo
2026-10-07T13:35:47.4216470Z ##[endgroup]
2026-10-07T13:35:47.5369320Z ##[end-action id=__dtolnay_rust-toolchain.rustc-version;outcome=success;conclusion=success;duration_ms=124]
2026-10-07T13:35:47.5372600Z ##[start-action display=Disable incremental compilation;id=__dtolnay_rust-toolchain.__run_6]
2026-10-07T13:35:47.5394130Z ##[group]Run if [ -z "${CARGO_INCREMENTAL+set}" ]; then
2026-10-07T13:35:47.5394600Z [36;1mif [ -z "${CARGO_INCREMENTAL+set}" ]; then[0m
2026-10-07T13:35:47.5394910Z [36;1m  echo CARGO_INCREMENTAL=0 >> $GITHUB_ENV[0m
2026-10-07T13:35:47.5395740Z [36;1mfi[0m
2026-10-07T13:35:47.5483070Z shell: /bin/bash --noprofile --norc -e -o pipefail {0}
2026-10-07T13:35:47.5484280Z env:
2026-10-07T13:35:47.5484560Z   CARGO_TERM_COLOR: always
2026-10-07T13:35:47.5485550Z   CARGO_NET_GIT_FETCH_WITH_CLI: true
2026-10-07T13:35:47.5486750Z   RUSTFLAGS: 
2026-10-07T13:35:47.5487050Z   RUSTUP_TOOLCHAIN: 1.92.0
2026-10-07T13:35:47.5487990Z   CARGO_HOME: /Users/runner/.cargo
2026-10-07T13:35:47.5499120Z ##[endgroup]
2026-10-07T13:35:47.5817760Z ##[end-action id=__dtolnay_rust-toolchain.__run_6;outcome=success;conclusion=success;duration_ms=44]
2026-10-07T13:35:47.5821030Z ##[start-action display=Enable colors in Cargo output;id=__dtolnay_rust-toolchain.__run_7]
2026-10-07T13:35:47.5868660Z ##[group]Run if [ -z "${CARGO_TERM_COLOR+set}" ]; then
2026-10-07T13:35:47.5869070Z [36;1mif [ -z "${CARGO_TERM_COLOR+set}" ]; then[0m
2026-10-07T13:35:47.5869350Z [36;1m  echo CARGO_TERM_COLOR=always >> $GITHUB_ENV[0m
2026-10-07T13:35:47.5869600Z [36;1mfi[0m
2026-10-07T13:35:47.5902130Z shell: /bin/bash --noprofile --norc -e -o pipefail {0}
2026-10-07T13:35:47.5902480Z env:
2026-10-07T13:35:47.5902640Z   CARGO_TERM_COLOR: always
2026-10-07T13:35:47.5902860Z   CARGO_NET_GIT_FETCH_WITH_CLI: true
2026-10-07T13:35:47.5903070Z   RUSTFLAGS: 
2026-10-07T13:35:47.5903220Z   RUSTUP_TOOLCHAIN: 1.92.0
2026-10-07T13:35:47.5903400Z   CARGO_HOME: /Users/runner/.cargo
2026-10-07T13:35:47.5903690Z   CARGO_INCREMENTAL: 0
2026-10-07T13:35:47.5903890Z ##[endgroup]
2026-10-07T13:35:47.6167370Z ##[end-action id=__dtolnay_rust-toolchain.__run_7;outcome=success;conclusion=success;duration_ms=34]
2026-10-07T13:35:47.6169630Z ##[start-action display=Enable Cargo sparse registry;id=__dtolnay_rust-toolchain.__run_8]
2026-10-07T13:35:47.6192490Z ##[group]Run # implemented in 1.66, stabilized in 1.68, made default in 1.70
2026-10-07T13:35:47.6192990Z [36;1m# implemented in 1.66, stabilized in 1.68, made default in 1.70[0m
2026-10-07T13:35:47.6193650Z [36;1mif [ -z "${CARGO_REGISTRIES_CRATES_IO_PROTOCOL+set}" -o -f "/Users/runner/work/_temp"/.implicit_cargo_registries_crates_io_protocol ]; then[0m
2026-10-07T13:35:47.6194260Z [36;1m  if rustc +1.92.0 --version --verbose | grep -q '^release: 1\.6[89]\.'; then[0m
2026-10-07T13:35:47.6194770Z [36;1m    touch "/Users/runner/work/_temp"/.implicit_cargo_registries_crates_io_protocol || true[0m
2026-10-07T13:35:47.6195380Z [36;1m    echo CARGO_REGISTRIES_CRATES_IO_PROTOCOL=sparse >> $GITHUB_ENV[0m
2026-10-07T13:35:47.6195890Z [36;1m  elif rustc +1.92.0 --version --verbose | grep -q '^release: 1\.6[67]\.'; then[0m
2026-10-07T13:35:47.6196420Z [36;1m    touch "/Users/runner/work/_temp"/.implicit_cargo_registries_crates_io_protocol || true[0m
2026-10-07T13:35:47.6196970Z [36;1m    echo CARGO_REGISTRIES_CRATES_IO_PROTOCOL=git >> $GITHUB_ENV[0m
2026-10-07T13:35:47.6197300Z [36;1m  fi[0m
2026-10-07T13:35:47.6197510Z [36;1mfi[0m
2026-10-07T13:35:47.6230610Z shell: /bin/bash --noprofile --norc -e -o pipefail {0}
2026-10-07T13:35:47.6230980Z env:
2026-10-07T13:35:47.6231220Z   CARGO_TERM_COLOR: always
2026-10-07T13:35:47.6231430Z   CARGO_NET_GIT_FETCH_WITH_CLI: true
2026-10-07T13:35:47.6231640Z   RUSTFLAGS: 
2026-10-07T13:35:47.6231800Z   RUSTUP_TOOLCHAIN: 1.92.0
2026-10-07T13:35:47.6232000Z   CARGO_HOME: /Users/runner/.cargo
2026-10-07T13:35:47.6232200Z   CARGO_INCREMENTAL: 0
2026-10-07T13:35:47.6232410Z ##[endgroup]
2026-10-07T13:35:47.7117310Z ##[end-action id=__dtolnay_rust-toolchain.__run_8;outcome=success;conclusion=success;duration_ms=94]
2026-10-07T13:35:47.7120390Z ##[start-action display=Work around spurious network errors in curl 8.0;id=__dtolnay_rust-toolchain.__run_9]
2026-10-07T13:35:47.7146420Z ##[group]Run # https://rust-lang.zulipchat.com/#narrow/stream/246057-t-cargo/topic/timeout.20investigation
2026-10-07T13:35:47.7147530Z [36;1m# https://rust-lang.zulipchat.com/#narrow/stream/246057-t-cargo/topic/timeout.20investigation[0m
2026-10-07T13:35:47.7148120Z [36;1mif rustc +1.92.0 --version --verbose | grep -q '^release: 1\.7[01]\.'; then[0m
2026-10-07T13:35:47.7148600Z [36;1m  echo CARGO_HTTP_MULTIPLEXING=false >> $GITHUB_ENV[0m
2026-10-07T13:35:47.7148850Z [36;1mfi[0m
2026-10-07T13:35:47.7185890Z shell: /bin/bash --noprofile --norc -e -o pipefail {0}
2026-10-07T13:35:47.7186180Z env:
2026-10-07T13:35:47.7186390Z   CARGO_TERM_COLOR: always
2026-10-07T13:35:47.7186590Z   CARGO_NET_GIT_FETCH_WITH_CLI: true
2026-10-07T13:35:47.7186790Z   RUSTFLAGS: 
2026-10-07T13:35:47.7187210Z   RUSTUP_TOOLCHAIN: 1.92.0
2026-10-07T13:35:47.7187410Z   CARGO_HOME: /Users/runner/.cargo
2026-10-07T13:35:47.7187660Z   CARGO_INCREMENTAL: 0
2026-10-07T13:35:47.7187860Z ##[endgroup]
2026-10-07T13:35:47.7928860Z ##[end-action id=__dtolnay_rust-toolchain.__run_9;outcome=success;conclusion=success;duration_ms=80]
2026-10-07T13:35:47.7932560Z ##[start-action display=rustc +1.92.0 --version --verbose;id=__dtolnay_rust-toolchain.__run_10]
2026-10-07T13:35:47.7954210Z ##[group]Run rustc +1.92.0 --version --verbose
2026-10-07T13:35:47.7954540Z [36;1mrustc +1.92.0 --version --verbose[0m
2026-10-07T13:35:47.7993790Z shell: /bin/bash --noprofile --norc -e -o pipefail {0}
2026-10-07T13:35:47.8005450Z env:
2026-10-07T13:35:47.8005640Z   CARGO_TERM_COLOR: always
2026-10-07T13:35:47.8005830Z   CARGO_NET_GIT_FETCH_WITH_CLI: true
2026-10-07T13:35:47.8006030Z   RUSTFLAGS: 
2026-10-07T13:35:47.8006180Z   RUSTUP_TOOLCHAIN: 1.92.0
2026-10-07T13:35:47.8006370Z   CARGO_HOME: /Users/runner/.cargo
2026-10-07T13:35:47.8007020Z   CARGO_INCREMENTAL: 0
2026-10-07T13:35:47.8007230Z ##[endgroup]
2026-10-07T13:35:47.8714350Z rustc 1.92.0 (ded5c06cf 2025-12-08)
2026-10-07T13:35:47.8760210Z binary: rustc
2026-10-07T13:35:47.8774180Z commit-hash: ded5c06cf21d2b93bffd5d884aa6e96934ee4234
2026-10-07T13:35:47.8780420Z commit-date: 2025-12-08
2026-10-07T13:35:47.8780810Z host: aarch64-apple-darwin
2026-10-07T13:35:47.8781210Z release: 1.92.0
2026-10-07T13:35:47.8781590Z LLVM version: 21.1.3
2026-10-07T13:35:47.8791830Z ##[end-action id=__dtolnay_rust-toolchain.__run_10;outcome=success;conclusion=success;duration_ms=85]
2026-10-07T13:35:47.8892150Z ##[group]Run rustc --version
2026-10-07T13:35:47.8892480Z [36;1mrustc --version[0m
2026-10-07T13:35:47.8892790Z [36;1mrustc --version | grep -q "1.92.0" || {[0m
2026-10-07T13:35:47.8893220Z [36;1m  echo "::error::Expected rustc 1.92.0; rust-toolchain.toml appears to have won."[0m
2026-10-07T13:35:47.8893570Z [36;1m  exit 1[0m
2026-10-07T13:35:47.8893810Z [36;1m}[0m
2026-10-07T13:35:47.8937230Z shell: /bin/bash -e {0}
2026-10-07T13:35:47.8937450Z env:
2026-10-07T13:35:47.8937610Z   CARGO_TERM_COLOR: always
2026-10-07T13:35:47.8937950Z   CARGO_NET_GIT_FETCH_WITH_CLI: true
2026-10-07T13:35:47.8938310Z   RUSTFLAGS: 
2026-10-07T13:35:47.8938500Z   RUSTUP_TOOLCHAIN: 1.92.0
2026-10-07T13:35:47.8938700Z   CARGO_HOME: /Users/runner/.cargo
2026-10-07T13:35:47.8938960Z   CARGO_INCREMENTAL: 0
2026-10-07T13:35:47.8939190Z ##[endgroup]
2026-10-07T13:35:47.9595420Z rustc 1.92.0 (ded5c06cf 2025-12-08)
2026-10-07T13:35:47.9914020Z ##[group]Run cargo check --locked -p scrying --lib --no-default-features --features wgpu-30
2026-10-07T13:35:47.9914810Z [36;1mcargo check --locked -p scrying --lib --no-default-features --features wgpu-30[0m
2026-10-07T13:35:47.9998020Z shell: /bin/bash -e {0}
2026-10-07T13:35:47.9998270Z env:
2026-10-07T13:35:47.9998460Z   CARGO_TERM_COLOR: always
2026-10-07T13:35:47.9998650Z   CARGO_NET_GIT_FETCH_WITH_CLI: true
2026-10-07T13:35:47.9998870Z   RUSTFLAGS: 
2026-10-07T13:35:47.9999360Z   RUSTUP_TOOLCHAIN: 1.92.0
2026-10-07T13:35:47.9999590Z   CARGO_HOME: /Users/runner/.cargo
2026-10-07T13:35:47.9999790Z   CARGO_INCREMENTAL: 0
2026-10-07T13:35:47.9999970Z ##[endgroup]
2026-10-07T13:35:48.2290400Z [1m[92m    Updating[0m crates.io index
2026-10-07T13:35:49.0858960Z [1m[92m Downloading[0m crates ...
2026-10-07T13:35:49.1371770Z [1m[92m  Downloaded[0m aligned v0.4.3
2026-10-07T13:35:49.1515660Z [1m[92m  Downloaded[0m rustc-hash v1.1.0
2026-10-07T13:35:49.1616100Z [1m[92m  Downloaded[0m v_frame v0.3.9
2026-10-07T13:35:49.1736260Z [1m[92m  Downloaded[0m zune-core v0.5.3
2026-10-07T13:35:49.1917390Z [1m[92m  Downloaded[0m zune-jpeg v0.5.15
2026-10-07T13:35:49.2121680Z [1m[92m  Downloaded[0m wgpu-naga-bridge v30.0.1
2026-10-07T13:35:49.2202130Z [1m[92m  Downloaded[0m zune-inflate v0.2.54
2026-10-07T13:35:49.2303550Z [1m[92m  Downloaded[0m xml-rs v0.8.29
2026-10-07T13:35:49.2404190Z [1m[92m  Downloaded[0m wasm-bindgen v0.2.127
2026-10-07T13:35:49.2492860Z [1m[92m  Downloaded[0m zerocopy-derive v0.8.56
2026-10-07T13:35:49.3146060Z [1m[92m  Downloaded[0m wasm-bindgen-macro-support v0.2.127
2026-10-07T13:35:49.3251240Z [1m[92m  Downloaded[0m objc2-core-foundation v0.3.2
2026-10-07T13:35:49.3720890Z [1m[92m  Downloaded[0m wgpu-types v30.0.1
2026-10-07T13:35:49.3923910Z [1m[92m  Downloaded[0m objc2-web-kit v0.3.2
2026-10-07T13:35:49.4395740Z [1m[92m  Downloaded[0m objc2-security v0.3.2
2026-10-07T13:35:49.4638090Z [1m[92m  Downloaded[0m zlib-rs v0.6.7
2026-10-07T13:35:49.4801430Z [1m[92m  Downloaded[0m wgpu v30.0.1
2026-10-07T13:35:49.5308350Z [1m[92m  Downloaded[0m unicode-width v0.2.2
2026-10-07T13:35:49.5507200Z [1m[92m  Downloaded[0m zerocopy v0.8.56
2026-10-07T13:35:49.6487630Z [1m[92m  Downloaded[0m image v0.25.10
2026-10-07T13:35:49.6946240Z [1m[92m  Downloaded[0m syn v2.0.119
2026-10-07T13:35:49.7322920Z [1m[92m  Downloaded[0m objc2-foundation v0.3.2
2026-10-07T13:35:49.8050420Z [1m[92m  Downloaded[0m exr v1.74.2
2026-10-07T13:35:49.8323020Z [1m[92m  Downloaded[0m objc2-metal v0.3.2
2026-10-07T13:35:49.8585580Z [1m[92m  Downloaded[0m objc2 v0.6.4
2026-10-07T13:35:49.8888350Z [1m[92m  Downloaded[0m moxcms v0.8.1
2026-10-07T13:35:49.9187380Z [1m[92m  Downloaded[0m wgpu-core v30.0.1
2026-10-07T13:35:49.9530590Z [1m[92m  Downloaded[0m ash v0.38.0+1.3.281
2026-10-07T13:35:49.9908340Z [1m[92m  Downloaded[0m av-scenechange v0.14.1
2026-10-07T13:35:50.0118440Z [1m[92m  Downloaded[0m nom v8.0.0
2026-10-07T13:35:50.0213330Z [1m[92m  Downloaded[0m libm v0.2.16
2026-10-07T13:35:50.0536010Z [1m[92m  Downloaded[0m objc2-av-foundation v0.3.2
2026-10-07T13:35:50.0852060Z [1m[92m  Downloaded[0m objc2-app-kit v0.3.2
2026-10-07T13:35:50.1564140Z [1m[92m  Downloaded[0m itertools v0.14.0
2026-10-07T13:35:50.1832570Z [1m[92m  Downloaded[0m hashbrown v0.17.1
2026-10-07T13:35:50.1936990Z [1m[92m  Downloaded[0m khronos_api v3.1.0
2026-10-07T13:35:50.2238750Z [1m[92m  Downloaded[0m hashbrown v0.16.1
2026-10-07T13:35:50.2440560Z [1m[92m  Downloaded[0m glow v0.17.0
2026-10-07T13:35:50.2542240Z [1m[92m  Downloaded[0m png v0.18.1
2026-10-07T13:35:50.2647680Z [1m[92m  Downloaded[0m tiff v0.11.3
2026-10-07T13:35:50.2749400Z [1m[92m  Downloaded[0m qoi v0.4.1
2026-10-07T13:35:50.2872620Z [1m[92m  Downloaded[0m palette v0.7.7
2026-10-07T13:35:50.3134110Z [1m[92m  Downloaded[0m num-bigint v0.4.8
2026-10-07T13:35:50.3338890Z [1m[92m  Downloaded[0m image-webp v0.2.4
2026-10-07T13:35:50.3440390Z [1m[92m  Downloaded[0m syn v3.0.4
2026-10-07T13:35:50.3643900Z [1m[92m  Downloaded[0m rayon-core v1.13.0
2026-10-07T13:35:50.3745610Z [1m[92m  Downloaded[0m rayon v1.12.0
2026-10-07T13:35:50.4047880Z [1m[92m  Downloaded[0m objc2-core-media v0.3.2
2026-10-07T13:35:50.4150000Z [1m[92m  Downloaded[0m libc v0.2.189
2026-10-07T13:35:50.5239810Z [1m[92m  Downloaded[0m objc2-core-image v0.3.2
2026-10-07T13:35:50.5342180Z [1m[92m  Downloaded[0m naga v30.0.1
2026-10-07T13:35:50.5918350Z [1m[92m  Downloaded[0m objc2-core-graphics v0.3.2
2026-10-07T13:35:50.6049150Z [1m[92m  Downloaded[0m pxfm v0.1.30
2026-10-07T13:35:50.6744960Z [1m[92m  Downloaded[0m objc2-cloud-kit v0.3.2
2026-10-07T13:35:50.6898870Z [1m[92m  Downloaded[0m memchr v2.8.3
2026-10-07T13:35:50.7101260Z [1m[92m  Downloaded[0m indexmap v2.14.1
2026-10-07T13:35:50.7164360Z [1m[92m  Downloaded[0m grafting v0.6.0
2026-10-07T13:35:50.7239330Z [1m[92m  Downloaded[0m unicode-ident v1.0.24
2026-10-07T13:35:50.7297650Z [1m[92m  Downloaded[0m objc2-core-text v0.3.2
2026-10-07T13:35:50.7402610Z [1m[92m  Downloaded[0m num-complex v0.4.6
2026-10-07T13:35:50.7435600Z [1m[92m  Downloaded[0m miniz_oxide v0.9.1
2026-10-07T13:35:50.7487800Z [1m[92m  Downloaded[0m miniz_oxide v0.8.9
2026-10-07T13:35:50.7540390Z [1m[92m  Downloaded[0m litrs v1.0.0
2026-10-07T13:35:50.7607380Z [1m[92m  Downloaded[0m gpu-allocator v0.28.0
2026-10-07T13:35:50.7666550Z [1m[92m  Downloaded[0m flate2 v1.1.10
2026-10-07T13:35:50.7798030Z [1m[92m  Downloaded[0m dispatch2 v0.3.1
2026-10-07T13:35:50.7899940Z [1m[92m  Downloaded[0m bumpalo v3.20.3
2026-10-07T13:35:50.7979180Z [1m[92m  Downloaded[0m wasm-bindgen-shared v0.2.127
2026-10-07T13:35:50.7980180Z [1m[92m  Downloaded[0m thiserror-impl v2.0.20
2026-10-07T13:35:50.7980550Z [1m[92m  Downloaded[0m thiserror v2.0.20
2026-10-07T13:35:50.8297430Z [1m[92m  Downloaded[0m static_assertions v1.1.0
2026-10-07T13:35:50.8316620Z [1m[92m  Downloaded[0m spirv v0.4.0+sdk-1.4.341.0
2026-10-07T13:35:50.8317160Z [1m[92m  Downloaded[0m simd-adler32 v0.3.10
2026-10-07T13:35:50.8375990Z [1m[92m  Downloaded[0m serde_core v1.0.229
2026-10-07T13:35:50.8477160Z [1m[92m  Downloaded[0m rgb v0.8.53
2026-10-07T13:35:50.8499430Z [1m[92m  Downloaded[0m raw-window-metal v1.1.0
2026-10-07T13:35:50.8512360Z [1m[92m  Downloaded[0m raw-window-handle v0.6.2
2026-10-07T13:35:50.8593480Z [1m[92m  Downloaded[0m ravif v0.13.0
2026-10-07T13:35:50.8694690Z [1m[92m  Downloaded[0m quote v1.0.47
2026-10-07T13:35:50.8765610Z [1m[92m  Downloaded[0m proc-macro2 v1.0.107
2026-10-07T13:35:50.8766620Z [1m[92m  Downloaded[0m palette_derive v0.7.7
2026-10-07T13:35:50.8794270Z [1m[92m  Downloaded[0m once_cell v1.21.4
2026-10-07T13:35:50.8863090Z [1m[92m  Downloaded[0m objc2-core-data v0.3.2
2026-10-07T13:35:50.8988160Z [1m[92m  Downloaded[0m no_std_io2 v0.9.4
2026-10-07T13:35:50.9091180Z [1m[92m  Downloaded[0m log v0.4.34
2026-10-07T13:35:50.9109550Z [1m[92m  Downloaded[0m half v2.7.1
2026-10-07T13:35:50.9194370Z [1m[92m  Downloaded[0m rav1e v0.8.1
2026-10-07T13:35:50.9847920Z [1m[92m  Downloaded[0m crossbeam-utils v0.8.22
2026-10-07T13:35:50.9910970Z [1m[92m  Downloaded[0m crc32fast v1.5.1
2026-10-07T13:35:50.9995510Z [1m[92m  Downloaded[0m codespan-reporting v0.13.1
2026-10-07T13:35:51.0306280Z [1m[92m  Downloaded[0m bytemuck v1.25.2
2026-10-07T13:35:51.0431690Z [1m[92m  Downloaded[0m wgpu-core-deps-apple v30.0.1
2026-10-07T13:35:51.0451430Z [1m[92m  Downloaded[0m wasm-bindgen-macro v0.2.127
2026-10-07T13:35:51.0467550Z [1m[92m  Downloaded[0m simd_helpers v0.1.0
2026-10-07T13:35:51.0493580Z [1m[92m  Downloaded[0m scopeguard v1.2.0
2026-10-07T13:35:51.0518050Z [1m[92m  Downloaded[0m rustversion v1.0.23
2026-10-07T13:35:51.0577300Z [1m[92m  Downloaded[0m renderdoc-sys v1.1.0
2026-10-07T13:35:51.0596950Z [1m[92m  Downloaded[0m quick-error v2.0.1
2026-10-07T13:35:51.0621670Z [1m[92m  Downloaded[0m objc2-io-surface v0.3.2
2026-10-07T13:35:51.0675720Z [1m[92m  Downloaded[0m objc2-encode v4.1.0
2026-10-07T13:35:51.0701210Z [1m[92m  Downloaded[0m num-traits v0.2.19
2026-10-07T13:35:51.0766240Z [1m[92m  Downloaded[0m num-rational v0.4.2
2026-10-07T13:35:51.0786090Z [1m[92m  Downloaded[0m lebe v0.5.3
2026-10-07T13:35:51.0808680Z [1m[92m  Downloaded[0m khronos-egl v6.0.0
2026-10-07T13:35:51.0847900Z [1m[92m  Downloaded[0m imgref v1.12.3
2026-10-07T13:35:51.0884800Z [1m[92m  Downloaded[0m foldhash v0.2.0
2026-10-07T13:35:51.0934530Z [1m[92m  Downloaded[0m fax v0.2.7
2026-10-07T13:35:51.0975810Z [1m[92m  Downloaded[0m crossbeam-epoch v0.9.20
2026-10-07T13:35:51.1020010Z [1m[92m  Downloaded[0m crossbeam-deque v0.8.7
2026-10-07T13:35:51.1061980Z [1m[92m  Downloaded[0m bytemuck_derive v1.12.0
2026-10-07T13:35:51.1084670Z [1m[92m  Downloaded[0m built v0.8.1
2026-10-07T13:35:51.1125030Z [1m[92m  Downloaded[0m block2 v0.6.2
2026-10-07T13:35:51.1170130Z [1m[92m  Downloaded[0m bitstream-io v4.10.0
2026-10-07T13:35:51.1263570Z [1m[92m  Downloaded[0m bitflags v2.13.1
2026-10-07T13:35:51.1373370Z [1m[92m  Downloaded[0m allocator-api2 v0.2.21
2026-10-07T13:35:51.1423230Z [1m[92m  Downloaded[0m y4m v0.8.0
2026-10-07T13:35:51.1448100Z [1m[92m  Downloaded[0m version_check v0.9.5
2026-10-07T13:35:51.1499380Z [1m[92m  Downloaded[0m termcolor v1.4.1
2026-10-07T13:35:51.1542310Z [1m[92m  Downloaded[0m stable_deref_trait v1.2.1
2026-10-07T13:35:51.1571580Z [1m[92m  Downloaded[0m serde_derive v1.0.229
2026-10-07T13:35:51.1659060Z [1m[92m  Downloaded[0m reborrow v0.5.5
2026-10-07T13:35:51.1677460Z [1m[92m  Downloaded[0m pulp-wasm-simd-flag v0.1.1
2026-10-07T13:35:51.1693360Z [1m[92m  Downloaded[0m pulp v0.22.3
2026-10-07T13:35:51.1904560Z [1m[92m  Downloaded[0m profiling-procmacros v1.0.18
2026-10-07T13:35:51.1923430Z [1m[92m  Downloaded[0m profiling v1.0.18
2026-10-07T13:35:51.1966890Z [1m[92m  Downloaded[0m presser v0.3.1
2026-10-07T13:35:51.2108290Z [1m[92m  Downloaded[0m pkg-config v0.3.34
2026-10-07T13:35:51.2209530Z [1m[92m  Downloaded[0m pastey v0.1.1
2026-10-07T13:35:51.2263960Z [1m[92m  Downloaded[0m paste v1.0.15
2026-10-07T13:35:51.2269200Z [1m[92m  Downloaded[0m parking_lot v0.12.5
2026-10-07T13:35:51.2332280Z [1m[92m  Downloaded[0m palette_math v0.7.7
2026-10-07T13:35:51.2399650Z [1m[92m  Downloaded[0m ordered-float v5.5.0
2026-10-07T13:35:51.2400360Z [1m[92m  Downloaded[0m objc2-uniform-type-identifiers v0.3.2
2026-10-07T13:35:51.2400980Z [1m[92m  Downloaded[0m objc2-quartz-core v0.3.2
2026-10-07T13:35:51.2452390Z [1m[92m  Downloaded[0m objc2-javascript-core v0.3.2
2026-10-07T13:35:51.2519240Z [1m[92m  Downloaded[0m objc2-core-video v0.3.2
2026-10-07T13:35:51.2549840Z [1m[92m  Downloaded[0m objc2-core-audio-types v0.3.2
2026-10-07T13:35:51.2599240Z [1m[92m  Downloaded[0m num-integer v0.1.47
2026-10-07T13:35:51.2600390Z [1m[92m  Downloaded[0m naga-types v30.0.1
2026-10-07T13:35:51.2621000Z [1m[92m  Downloaded[0m maybe-rayon v0.1.1
2026-10-07T13:35:51.2717630Z [1m[92m  Downloaded[0m libloading v0.8.9
2026-10-07T13:35:51.2718160Z [1m[92m  Downloaded[0m gl_generator v0.14.0
2026-10-07T13:35:51.2781120Z [1m[92m  Downloaded[0m gif v0.14.2
2026-10-07T13:35:51.2781670Z [1m[92m  Downloaded[0m equator-macro v0.4.2
2026-10-07T13:35:51.2782310Z [1m[92m  Downloaded[0m equator v0.4.2
2026-10-07T13:35:51.2783480Z [1m[92m  Downloaded[0m bit_field v0.10.3
2026-10-07T13:35:51.2800010Z [1m[92m  Downloaded[0m bit-set v0.10.0
2026-10-07T13:35:51.2824000Z [1m[92m  Downloaded[0m avif-serialize v0.8.9
2026-10-07T13:35:51.2866860Z [1m[92m  Downloaded[0m av1-grain v0.2.5
2026-10-07T13:35:51.2900320Z [1m[92m  Downloaded[0m autocfg v1.5.1
2026-10-07T13:35:51.2967730Z [1m[92m  Downloaded[0m arrayvec v0.7.8
2026-10-07T13:35:51.3071020Z [1m[92m  Downloaded[0m anyhow v1.0.104
2026-10-07T13:35:51.3172520Z [1m[92m  Downloaded[0m wgpu-hal v30.0.1
2026-10-07T13:35:51.3327820Z [1m[92m  Downloaded[0m weezl v0.1.12
2026-10-07T13:35:51.3436390Z [1m[92m  Downloaded[0m wayland-sys v0.31.11
2026-10-07T13:35:51.3471660Z [1m[92m  Downloaded[0m smallvec v1.15.2
2026-10-07T13:35:51.3472580Z [1m[92m  Downloaded[0m parking_lot_core v0.9.12
2026-10-07T13:35:51.3474760Z [1m[92m  Downloaded[0m objc2-core-audio v0.3.2
2026-10-07T13:35:51.3476200Z [1m[92m  Downloaded[0m noop_proc_macro v0.3.0
2026-10-07T13:35:51.3478670Z [1m[92m  Downloaded[0m memoffset v0.9.1
2026-10-07T13:35:51.3521780Z [1m[92m  Downloaded[0m lock_api v0.4.14
2026-10-07T13:35:51.3546200Z [1m[92m  Downloaded[0m fdeflate v0.3.7
2026-10-07T13:35:51.3578460Z [1m[92m  Downloaded[0m either v1.18.0
2026-10-07T13:35:51.3605770Z [1m[92m  Downloaded[0m dpi v0.1.2
2026-10-07T13:35:51.3706980Z [1m[92m  Downloaded[0m document-features v0.2.12
2026-10-07T13:35:51.3808980Z [1m[92m  Downloaded[0m cfg-if v1.0.4
2026-10-07T13:35:51.3810960Z [1m[92m  Downloaded[0m byteorder-lite v0.1.0
2026-10-07T13:35:51.3811690Z [1m[92m  Downloaded[0m aligned-vec v0.6.4
2026-10-07T13:35:51.3812150Z [1m[92m  Downloaded[0m adler2 v2.0.1
2026-10-07T13:35:51.3813680Z [1m[92m  Downloaded[0m serde v1.0.229
2026-10-07T13:35:51.3814090Z [1m[92m  Downloaded[0m num-derive v0.4.2
2026-10-07T13:35:51.3917630Z [1m[92m  Downloaded[0m new_debug_unreachable v1.0.6
2026-10-07T13:35:51.3941780Z [1m[92m  Downloaded[0m loop9 v0.1.5
2026-10-07T13:35:51.3945090Z [1m[92m  Downloaded[0m equivalent v1.0.2
2026-10-07T13:35:51.3945450Z [1m[92m  Downloaded[0m color_quant v1.1.0
2026-10-07T13:35:51.3945890Z [1m[92m  Downloaded[0m cfg_aliases v0.2.2
2026-10-07T13:35:51.3946230Z [1m[92m  Downloaded[0m by_address v1.2.1
2026-10-07T13:35:51.3947500Z [1m[92m  Downloaded[0m bit-vec v0.9.1
2026-10-07T13:35:51.3978450Z [1m[92m  Downloaded[0m as-slice v0.2.1
2026-10-07T13:35:51.3993720Z [1m[92m  Downloaded[0m arg_enum_proc_macro v0.3.4
2026-10-07T13:35:51.4049010Z [1m[92m  Downloaded[0m approx v0.5.1
2026-10-07T13:35:51.4103620Z [1m[92m  Downloaded[0m objc2-screen-capture-kit v0.3.2
2026-10-07T13:35:51.4137400Z [1m[92m  Downloaded[0m dlib v0.5.3
2026-10-07T13:35:51.4867520Z [1m[92m   Compiling[0m proc-macro2 v1.0.107
2026-10-07T13:35:51.4904950Z [1m[92m   Compiling[0m unicode-ident v1.0.24
2026-10-07T13:35:51.4906850Z [1m[92m   Compiling[0m quote v1.0.47
2026-10-07T13:35:52.2322110Z [1m[92m   Compiling[0m libc v0.2.189
2026-10-07T13:35:57.3996050Z [1m[92m    Checking[0m bitflags v2.13.1
2026-10-07T13:35:57.6171860Z [1m[92m   Compiling[0m objc2 v0.6.4
2026-10-07T13:35:57.8066700Z [1m[92m    Checking[0m objc2-encode v4.1.0
2026-10-07T13:35:58.2139700Z [1m[92m   Compiling[0m syn v2.0.119
2026-10-07T13:35:58.2277220Z [1m[92m   Compiling[0m libm v0.2.16
2026-10-07T13:35:58.4616320Z [1m[92m   Compiling[0m autocfg v1.5.1
2026-10-07T13:35:58.8052430Z [1m[92m   Compiling[0m num-traits v0.2.19
2026-10-07T13:35:58.9477320Z [1m[92m    Checking[0m block2 v0.6.2
2026-10-07T13:35:59.1087250Z [1m[92m    Checking[0m dispatch2 v0.3.1
2026-10-07T13:35:59.4429840Z [1m[92m    Checking[0m objc2-core-foundation v0.3.2
2026-10-07T13:36:00.5451250Z [1m[92m   Compiling[0m syn v3.0.4
2026-10-07T13:36:02.0032980Z [1m[92m    Checking[0m cfg-if v1.0.4
2026-10-07T13:36:02.0537970Z [1m[92m    Checking[0m objc2-foundation v0.3.2
2026-10-07T13:36:03.1624620Z [1m[92m   Compiling[0m cfg_aliases v0.2.2
2026-10-07T13:36:03.2131340Z [1m[92m   Compiling[0m thiserror v2.0.20
2026-10-07T13:36:03.5414200Z [1m[92m    Checking[0m log v0.4.34
2026-10-07T13:36:03.6239240Z [1m[92m   Compiling[0m zerocopy v0.8.56
2026-10-07T13:36:03.7869230Z [1m[92m   Compiling[0m thiserror-impl v2.0.20
2026-10-07T13:36:03.8607750Z [1m[92m   Compiling[0m bytemuck_derive v1.12.0
2026-10-07T13:36:04.6506240Z [1m[92m    Checking[0m arrayvec v0.7.8
2026-10-07T13:36:04.7646670Z [1m[92m    Checking[0m bytemuck v1.25.2
2026-10-07T13:36:04.7847360Z [1m[92m   Compiling[0m zerocopy-derive v0.8.56
2026-10-07T13:36:04.9005510Z [1m[92m   Compiling[0m crossbeam-utils v0.8.22
2026-10-07T13:36:05.0515710Z [1m[92m    Checking[0m foldhash v0.2.0
2026-10-07T13:36:05.1026040Z [1m[92m   Compiling[0m crossbeam-epoch v0.9.20
2026-10-07T13:36:05.2306860Z [1m[92m    Checking[0m hashbrown v0.17.1
2026-10-07T13:36:06.0392970Z [1m[92m   Compiling[0m crossbeam-deque v0.8.7
2026-10-07T13:36:06.1744520Z [1m[92m    Checking[0m equivalent v1.0.2
2026-10-07T13:36:06.2142140Z [1m[92m    Checking[0m indexmap v2.14.1
2026-10-07T13:36:07.1853600Z [1m[92m   Compiling[0m profiling-procmacros v1.0.18
2026-10-07T13:36:07.3829410Z [1m[92m    Checking[0m rustc-hash v1.1.0
2026-10-07T13:36:07.4084830Z [1m[92m   Compiling[0m rayon-core v1.13.0
2026-10-07T13:36:07.4938420Z [1m[92m    Checking[0m simd-adler32 v0.3.10
2026-10-07T13:36:07.5561650Z [1m[92m    Checking[0m smallvec v1.15.2
2026-10-07T13:36:07.6564100Z [1m[92m    Checking[0m naga-types v30.0.1
2026-10-07T13:36:07.7137520Z [1m[92m    Checking[0m profiling v1.0.18
2026-10-07T13:36:07.8346410Z [1m[92m   Compiling[0m naga v30.0.1
2026-10-07T13:36:08.0448980Z [1m[92m   Compiling[0m equator-macro v0.4.2
2026-10-07T13:36:08.5020790Z [1m[92m   Compiling[0m parking_lot_core v0.9.12
2026-10-07T13:36:08.6467450Z [1m[92m    Checking[0m unicode-width v0.2.2
2026-10-07T13:36:08.7747870Z [1m[92m    Checking[0m bit-vec v0.9.1
2026-10-07T13:36:08.8601540Z [1m[92m    Checking[0m bit-set v0.10.0
2026-10-07T13:36:08.9184120Z [1m[92m    Checking[0m codespan-reporting v0.13.1
2026-10-07T13:36:09.0943780Z [1m[92m    Checking[0m half v2.7.1
2026-10-07T13:36:09.0990980Z [1m[92m    Checking[0m equator v0.4.2
2026-10-07T13:36:09.3124540Z [1m[92m    Checking[0m num-integer v0.1.47
2026-10-07T13:36:09.4067010Z [1m[92m   Compiling[0m paste v1.0.15
2026-10-07T13:36:09.4244890Z [1m[92m   Compiling[0m anyhow v1.0.104
2026-10-07T13:36:09.5365960Z [1m[92m    Checking[0m adler2 v2.0.1
2026-10-07T13:36:09.5780970Z [1m[92m    Checking[0m raw-window-handle v0.6.2
2026-10-07T13:36:09.5979720Z [1m[92m    Checking[0m once_cell v1.21.4
2026-10-07T13:36:09.6615540Z [1m[92m    Checking[0m memchr v2.8.3
2026-10-07T13:36:09.6996920Z [1m[92m    Checking[0m scopeguard v1.2.0
2026-10-07T13:36:09.7340720Z [1m[92m    Checking[0m static_assertions v1.1.0
2026-10-07T13:36:09.7533450Z [1m[92m    Checking[0m either v1.18.0
2026-10-07T13:36:09.8448450Z [1m[92m    Checking[0m wgpu-types v30.0.1
2026-10-07T13:36:09.8636670Z [1m[92m    Checking[0m lock_api v0.4.14
2026-10-07T13:36:11.4520520Z [1m[92m    Checking[0m num-bigint v0.4.8
2026-10-07T13:36:12.0754820Z [1m[92m    Checking[0m aligned-vec v0.6.4
2026-10-07T13:36:12.2067670Z [1m[92m    Checking[0m objc2-io-surface v0.3.2
2026-10-07T13:36:12.3349550Z [1m[92m   Compiling[0m wgpu-hal v30.0.1
2026-10-07T13:36:12.3953940Z [1m[92m    Checking[0m objc2-metal v0.3.2
2026-10-07T13:36:12.9081040Z [1m[92m   Compiling[0m crc32fast v1.5.1
2026-10-07T13:36:13.1581670Z [1m[92m   Compiling[0m khronos_api v3.1.0
2026-10-07T13:36:13.3845010Z [1m[92m    Checking[0m stable_deref_trait v1.2.1
2026-10-07T13:36:13.4167190Z [1m[92m    Checking[0m as-slice v0.2.1
2026-10-07T13:36:13.4871340Z [1m[92m    Checking[0m parking_lot v0.12.5
2026-10-07T13:36:13.5880130Z [1m[92m    Checking[0m v_frame v0.3.9
2026-10-07T13:36:13.6906360Z [1m[92m    Checking[0m num-rational v0.4.2
2026-10-07T13:36:14.2944940Z [1m[92m    Checking[0m rayon v1.12.0
2026-10-07T13:36:14.5284870Z [1m[92m    Checking[0m wgpu-naga-bridge v30.0.1
2026-10-07T13:36:14.6026480Z [1m[92m    Checking[0m libloading v0.8.9
2026-10-07T13:36:14.7271130Z [1m[92m   Compiling[0m built v0.8.1
2026-10-07T13:36:15.4315050Z [1m[92m   Compiling[0m av-scenechange v0.14.1
2026-10-07T13:36:15.7784530Z [1m[92m   Compiling[0m version_check v0.9.5
2026-10-07T13:36:15.9473160Z [1m[92m   Compiling[0m pulp v0.22.3
2026-10-07T13:36:16.0514860Z [1m[92m   Compiling[0m rav1e v0.8.1
2026-10-07T13:36:16.2256770Z [1m[92m    Checking[0m aligned v0.4.3
2026-10-07T13:36:16.2674930Z [1m[92m    Checking[0m no_std_io2 v0.9.4
2026-10-07T13:36:16.2902790Z [1m[92m    Checking[0m nom v8.0.0
2026-10-07T13:36:16.2959120Z [1m[92m    Checking[0m miniz_oxide v0.9.1
2026-10-07T13:36:16.5802520Z [1m[92m   Compiling[0m wgpu-core v30.0.1
2026-10-07T13:36:16.8064850Z [1m[92m   Compiling[0m arg_enum_proc_macro v0.3.4
2026-10-07T13:36:17.1323600Z [1m[92m    Checking[0m quick-error v2.0.1
2026-10-07T13:36:17.1635980Z [1m[92m   Compiling[0m xml-rs v0.8.29
2026-10-07T13:36:17.3151910Z [1m[92m    Checking[0m objc2-core-graphics v0.3.2
2026-10-07T13:36:17.8333880Z [1m[92m    Checking[0m y4m v0.8.0
2026-10-07T13:36:17.9045230Z [1m[92m   Compiling[0m litrs v1.0.0
2026-10-07T13:36:18.1626540Z [1m[92m   Compiling[0m pastey v0.1.1
2026-10-07T13:36:18.2000660Z [1m[92m    Checking[0m objc2-quartz-core v0.3.2
2026-10-07T13:36:18.3347790Z [1m[92m    Checking[0m objc2-core-video v0.3.2
2026-10-07T13:36:18.7062640Z [1m[92m   Compiling[0m gl_generator v0.14.0
2026-10-07T13:36:18.7161380Z [1m[92m    Checking[0m raw-window-metal v1.1.0
2026-10-07T13:36:19.1595580Z [1m[92m   Compiling[0m document-features v0.2.12
2026-10-07T13:36:19.2429370Z [1m[92m    Checking[0m av1-grain v0.2.5
2026-10-07T13:36:19.6475380Z [1m[92m    Checking[0m flate2 v1.1.10
2026-10-07T13:36:19.6553930Z [1m[92m    Checking[0m bitstream-io v4.10.0
2026-10-07T13:36:19.9924400Z [1m[92m    Checking[0m maybe-rayon v0.1.1
2026-10-07T13:36:20.0248960Z [1m[92m    Checking[0m itertools v0.14.0
2026-10-07T13:36:20.1315690Z [1m[92m    Checking[0m miniz_oxide v0.8.9
2026-10-07T13:36:20.3782390Z [1m[92m    Checking[0m wgpu-core-deps-apple v30.0.1
2026-10-07T13:36:20.4054540Z [1m[92m    Checking[0m num-complex v0.4.6
2026-10-07T13:36:20.4963960Z [1m[92m   Compiling[0m wgpu v30.0.1
2026-10-07T13:36:20.7550570Z [1m[92m   Compiling[0m num-derive v0.4.2
2026-10-07T13:36:20.9704880Z [1m[92m   Compiling[0m simd_helpers v0.1.0
2026-10-07T13:36:21.1734210Z [1m[92m   Compiling[0m noop_proc_macro v0.3.0
2026-10-07T13:36:21.2040960Z [1m[92m    Checking[0m imgref v1.12.3
2026-10-07T13:36:21.3446560Z [1m[92m    Checking[0m pulp-wasm-simd-flag v0.1.1
2026-10-07T13:36:21.3603270Z [1m[92m    Checking[0m new_debug_unreachable v1.0.6
2026-10-07T13:36:21.3707830Z [1m[92m    Checking[0m weezl v0.1.12
2026-10-07T13:36:21.3951490Z [1m[92m    Checking[0m zune-core v0.5.3
2026-10-07T13:36:21.4790090Z [1m[92m    Checking[0m reborrow v0.5.5
2026-10-07T13:36:21.6196320Z [1m[92m    Checking[0m zune-jpeg v0.5.15
2026-10-07T13:36:22.2088230Z [1m[92m    Checking[0m loop9 v0.1.5
2026-10-07T13:36:25.8480600Z [1m[92m   Compiling[0m grafting v0.6.0
2026-10-07T13:36:26.2143030Z [1m[92m    Checking[0m objc2-cloud-kit v0.3.2
2026-10-07T13:36:26.4214520Z [1m[92m    Checking[0m objc2-core-data v0.3.2
2026-10-07T13:36:26.5026550Z [1m[92m    Checking[0m objc2-core-image v0.3.2
2026-10-07T13:36:26.7502930Z [1m[92m    Checking[0m zune-inflate v0.2.54
2026-10-07T13:36:26.7709330Z [1m[92m    Checking[0m fdeflate v0.3.7
2026-10-07T13:36:26.8844320Z [1m[92m    Checking[0m avif-serialize v0.8.9
2026-10-07T13:36:26.9739460Z [1m[92m    Checking[0m objc2-core-text v0.3.2
2026-10-07T13:36:27.0430500Z [1m[92m    Checking[0m objc2-core-audio v0.3.2
2026-10-07T13:36:27.1811750Z [1m[92m    Checking[0m objc2-core-audio-types v0.3.2
2026-10-07T13:36:27.1816420Z [1m[92m    Checking[0m rgb v0.8.53
2026-10-07T13:36:27.2368000Z [1m[92m   Compiling[0m pkg-config v0.3.34
2026-10-07T13:36:27.4785900Z [1m[92m    Checking[0m bit_field v0.10.3
2026-10-07T13:36:27.5009960Z [1m[92m    Checking[0m color_quant v1.1.0
2026-10-07T13:36:27.5579650Z [1m[92m   Compiling[0m by_address v1.2.1
2026-10-07T13:36:27.5689900Z [1m[92m    Checking[0m fax v0.2.7
2026-10-07T13:36:27.6165520Z [1m[92m    Checking[0m pxfm v0.1.30
2026-10-07T13:36:27.6995440Z [1m[92m    Checking[0m byteorder-lite v0.1.0
2026-10-07T13:36:27.7725140Z [1m[92m    Checking[0m lebe v0.5.3
2026-10-07T13:36:27.8852900Z [1m[92m    Checking[0m exr v1.74.2
2026-10-07T13:36:27.9013850Z [1m[92m    Checking[0m image-webp v0.2.4
2026-10-07T13:36:28.7819000Z [1m[92m    Checking[0m tiff v0.11.3
2026-10-07T13:36:29.8347430Z [1m[92m   Compiling[0m scrying v0.7.2 (/Users/runner/work/wgpu-scry/wgpu-scry/scrying)
2026-10-07T13:36:29.9195640Z [1m[92m    Checking[0m moxcms v0.8.1
2026-10-07T13:36:30.1417330Z [1m[92m   Compiling[0m palette_derive v0.7.7
2026-10-07T13:36:30.9059340Z [1m[92m    Checking[0m gif v0.14.2
2026-10-07T13:36:31.2858150Z [1m[92m    Checking[0m objc2-core-media v0.3.2
2026-10-07T13:36:31.3411790Z [1m[92m    Checking[0m ravif v0.13.0
2026-10-07T13:36:31.5668740Z [1m[92m    Checking[0m objc2-app-kit v0.3.2
2026-10-07T13:36:33.5665740Z [1m[92m    Checking[0m png v0.18.1
2026-10-07T13:36:34.5240860Z [1m[92m    Checking[0m objc2-av-foundation v0.3.2
2026-10-07T13:36:34.6231050Z [1m[92m    Checking[0m objc2-uniform-type-identifiers v0.3.2
2026-10-07T13:36:34.6453920Z [1m[92m    Checking[0m qoi v0.4.1
2026-10-07T13:36:34.8289590Z [1m[92m    Checking[0m objc2-security v0.3.2
2026-10-07T13:36:34.8694520Z [1m[92m    Checking[0m objc2-javascript-core v0.3.2
2026-10-07T13:36:35.0077150Z [1m[92m    Checking[0m palette_math v0.7.7
2026-10-07T13:36:35.1388600Z [1m[92m    Checking[0m dpi v0.1.2
2026-10-07T13:36:35.1494950Z [1m[92m    Checking[0m palette v0.7.7
2026-10-07T13:36:35.6232300Z [1m[92m    Checking[0m image v0.25.10
2026-10-07T13:36:39.9444230Z [1m[92m    Checking[0m objc2-screen-capture-kit v0.3.2
2026-10-07T13:37:08.1160480Z [1m[92m    Checking[0m objc2-web-kit v0.3.2
2026-10-07T13:37:16.6504180Z [1m[92m    Finished[0m `dev` profile [unoptimized + debuginfo] target(s) in 1m 28s
2026-10-07T13:37:16.8729890Z Post job cleanup.
2026-10-07T13:37:17.4301390Z [command]/opt/homebrew/bin/git version
2026-10-07T13:37:17.4632200Z git version 2.55.0
2026-10-07T13:37:17.4675360Z Copying '/Users/runner/.gitconfig' to '/Users/runner/work/_temp/9e2a7bf0-9143-4b21-b728-a850d62740eb/.gitconfig'
2026-10-07T13:37:17.4689520Z Temporarily overriding HOME='/Users/runner/work/_temp/9e2a7bf0-9143-4b21-b728-a850d62740eb' before making global git config changes
2026-10-07T13:37:17.4691760Z Adding repository directory to the temporary git global config as a safe directory
2026-10-07T13:37:17.4697650Z [command]/opt/homebrew/bin/git config --global --add safe.directory /Users/runner/work/wgpu-scry/wgpu-scry
2026-10-07T13:37:17.4862240Z [command]/opt/homebrew/bin/git config --local --name-only --get-regexp core\.sshCommand
2026-10-07T13:37:17.4959130Z [command]/opt/homebrew/bin/git submodule foreach --recursive sh -c "git config --local --name-only --get-regexp 'core\.sshCommand' && git config --local --unset-all 'core.sshCommand' || :"
2026-10-07T13:37:17.6945690Z [command]/opt/homebrew/bin/git config --local --name-only --get-regexp http\.https\:\/\/github\.com\/\.extraheader
2026-10-07T13:37:17.7021350Z http.https://github.com/.extraheader
2026-10-07T13:37:17.7029650Z [command]/opt/homebrew/bin/git config --local --unset-all http.https://github.com/.extraheader
2026-10-07T13:37:17.7166280Z [command]/opt/homebrew/bin/git submodule foreach --recursive sh -c "git config --local --name-only --get-regexp 'http\.https\:\/\/github\.com\/\.extraheader' && git config --local --unset-all 'http.https://github.com/.extraheader' || :"
2026-10-07T13:37:17.8930780Z [command]/opt/homebrew/bin/git config --local --name-only --get-regexp ^includeIf\.gitdir:
2026-10-07T13:37:17.9028890Z [command]/opt/homebrew/bin/git submodule foreach --recursive git config --local --show-origin --name-only --get-regexp remote.origin.url
2026-10-07T13:37:18.0900350Z Cleaning up orphan processes
2026-10-07T13:37:19.2294550Z ##[warning]Node.js 20 is deprecated. The following actions target Node.js 20 but are being forced to run on Node.js 24: actions/checkout@v4. For more information see: https://github.blog/changelog/2025-09-19-deprecation-of-node-20-on-github-actions-runners/
