   Compiling unicode-ident v1.0.26
   Compiling proc-macro2 v1.0.107
   Compiling quote v1.0.47
   Compiling syn v2.0.119
   Compiling syn v3.0.6
   Compiling cfg-if v1.0.5
   Compiling thiserror v2.0.21
   Compiling thiserror-impl v2.0.21
   Compiling bitflags v2.13.2
   Compiling bytemuck_derive v1.12.1
   Compiling windows-interface v0.59.3
   Compiling windows-implement v0.60.2
   Compiling zerocopy v0.8.61
   Compiling windows-core v0.62.2
   Compiling bytemuck v1.25.2
   Compiling zerocopy-derive v0.8.61
   Compiling crossbeam-utils v0.8.23
   Compiling libc v0.2.190
   Compiling half v2.7.1
   Compiling crossbeam-epoch v0.9.21
   Compiling windows-future v0.3.2
   Compiling indexmap v2.14.2
   Compiling windows-numerics v0.3.1
   Compiling windows-collections v0.3.2
   Compiling profiling-procmacros v1.0.18
   Compiling smallvec v1.16.2
   Compiling crossbeam-deque v0.8.8
   Compiling naga-types v30.0.1
   Compiling profiling v1.0.18
   Compiling windows v0.62.2
   Compiling spirv v0.4.0+sdk-1.4.341.0
   Compiling equator-macro v0.4.2
   Compiling naga v30.0.1
   Compiling wgpu-types v30.0.1
   Compiling equator v0.4.2
   Compiling rayon-core v1.13.0
   Compiling parking_lot_core v0.9.12
   Compiling either v1.19.0
   Compiling gpu-allocator v0.28.0
   Compiling parking_lot v0.12.5
   Compiling aligned-vec v0.6.4
   Compiling wgpu-naga-bridge v30.0.1
   Compiling khronos-egl v6.0.0
   Compiling crc32fast v1.5.2
   Compiling wgpu-hal v30.0.1
   Compiling v_frame v0.3.9
   Compiling rayon v1.12.0
   Compiling wgpu-core-deps-windows-linux-android v30.0.1
   Compiling arg_enum_proc_macro v0.3.4
   Compiling av-scenechange v0.14.1
   Compiling av1-grain v0.2.5
   Compiling flate2 v1.1.10
   Compiling wgpu-core v30.0.1
   Compiling maybe-rayon v0.1.1
   Compiling itertools v0.14.0
   Compiling num-complex v0.4.6
   Compiling raw-cpuid v11.6.0
   Compiling webview2-com-sys v0.39.1
   Compiling num-derive v0.4.2
   Compiling simd_helpers v0.1.0
   Compiling pulp v0.22.3
   Compiling rav1e v0.8.1
   Compiling wgpu v30.0.1
   Compiling exr v1.74.2
   Compiling palette_derive v0.7.7
   Compiling tiff v0.11.3
   Compiling scrying v0.7.2
   Compiling ravif v0.13.0
   Compiling png v0.18.1
   Compiling grafting v0.6.0
   Compiling qoi v0.4.1
   Compiling webview2-com-macros v0.8.1
   Compiling welding v0.14.1
   Compiling palette v0.7.7
   Compiling webview2-com v0.39.1
   Compiling image v0.25.10
   Compiling winit v0.30.13
   Compiling registry-triplet-scry-win v0.1.0 (C:\Users\mark_\Code\worktrees\wgpu-scry-release\registry-consumer-scry)
    Finished `dev` profile [unoptimized + debuginfo] target(s) in 2m 52s
