2026-10-07T13:36:01.1852358Z Current runner version: '2.337.0'
2026-10-07T13:36:01.1877418Z ##[group]Runner Image Provisioner
2026-10-07T13:36:01.1878528Z Hosted Compute Agent
2026-10-07T13:36:01.1879115Z Version: 20261002.596
2026-10-07T13:36:01.1879843Z Commit: c3d12f3313a95f25162a1503be624f3b0617f8c0
2026-10-07T13:36:01.1880612Z Build Date: 2026-10-02T22:28:27Z
2026-10-07T13:36:01.1881398Z Worker ID: {4e1faf59-9a6e-4e4e-a202-837d8997b245}
2026-10-07T13:36:01.1882112Z Region: westus
2026-10-07T13:36:01.1882636Z Cloud: Azure
2026-10-07T13:36:01.1883247Z ##[endgroup]
2026-10-07T13:36:01.1884915Z ##[group]Operating System
2026-10-07T13:36:01.1885630Z Ubuntu
2026-10-07T13:36:01.1886179Z 24.04.5
2026-10-07T13:36:01.1886692Z LTS
2026-10-07T13:36:01.1887244Z ##[endgroup]
2026-10-07T13:36:01.1888169Z ##[group]Runner Image
2026-10-07T13:36:01.1888861Z Image: ubuntu-24.04
2026-10-07T13:36:01.1889451Z Version: 20261004.327.1
2026-10-07T13:36:01.1890743Z Included Software: https://github.com/actions/runner-images/blob/ubuntu24/20261004.327/images/ubuntu/Ubuntu2404-Readme.md
2026-10-07T13:36:01.1892380Z Image Release: https://github.com/actions/runner-images/releases/tag/ubuntu24%2F20261004.327
2026-10-07T13:36:01.1893742Z ##[endgroup]
2026-10-07T13:36:01.1894873Z ##[group]GITHUB_TOKEN Permissions
2026-10-07T13:36:01.1896855Z Contents: read
2026-10-07T13:36:01.1897530Z Metadata: read
2026-10-07T13:36:01.1898334Z ##[endgroup]
2026-10-07T13:36:01.1900474Z Secret source: Actions
2026-10-07T13:36:01.1901448Z Cache mode: write
2026-10-07T13:36:01.1902253Z Prepare workflow directory
2026-10-07T13:36:01.2491263Z Prepare all required actions
2026-10-07T13:36:01.2539485Z Getting action download info
2026-10-07T13:36:01.6177025Z Download action repository 'actions/checkout@v4' (SHA:11d5960a326750d5838078e36cf38b85af677262)
2026-10-07T13:36:01.7080619Z Download action repository 'dtolnay/rust-toolchain@master' (SHA:7e38f4b43b4db5c8dd498af069a4f6196df1d067)
2026-10-07T13:36:02.0547000Z Uses: merely-made/.github/.github/workflows/wgpu-msrv.yml@refs/heads/main (0ecf5ddd3a74095590b62a3be5a895a13cb17e93)
2026-10-07T13:36:02.0552275Z ##[group] Inputs
2026-10-07T13:36:02.0552813Z   crate: scrying
2026-10-07T13:36:02.0553265Z   toolchain: 1.92.0
2026-10-07T13:36:02.0553817Z   os: ["ubuntu-latest", "macos-latest", "windows-latest"]
2026-10-07T13:36:02.0554542Z   wgpu-versions: ["wgpu-28", "wgpu-29", "wgpu-30"]
2026-10-07T13:36:02.0555600Z   run-library: true
2026-10-07T13:36:02.0556176Z   lib-args: --lib --no-default-features
2026-10-07T13:36:02.0556766Z   test-row: 
2026-10-07T13:36:02.0557187Z   rustflags: 
2026-10-07T13:36:02.0557826Z   extra-check: 
2026-10-07T13:36:02.0558309Z   extra-check-name: extra graph
2026-10-07T13:36:02.0558838Z   linux-apt-packages: 
2026-10-07T13:36:02.0559965Z   timeout-minutes: 45
2026-10-07T13:36:02.0560495Z ##[endgroup]
2026-10-07T13:36:02.0561123Z Complete job name: platform-api / Rust 1.92.0 / ubuntu-latest / wgpu-28
2026-10-07T13:36:02.1312867Z ##[group]Run actions/checkout@v4
2026-10-07T13:36:02.1313788Z with:
2026-10-07T13:36:02.1314278Z   repository: merely-made/wgpu-scry
2026-10-07T13:36:02.1318299Z   token: ***
2026-10-07T13:36:02.1318747Z   ssh-strict: true
2026-10-07T13:36:02.1319194Z   ssh-user: git
2026-10-07T13:36:02.1319640Z   persist-credentials: true
2026-10-07T13:36:02.1320128Z   clean: true
2026-10-07T13:36:02.1320573Z   sparse-checkout-cone-mode: true
2026-10-07T13:36:02.1321089Z   fetch-depth: 1
2026-10-07T13:36:02.1321518Z   fetch-tags: false
2026-10-07T13:36:02.1321954Z   show-progress: true
2026-10-07T13:36:02.1322407Z   lfs: false
2026-10-07T13:36:02.1322822Z   submodules: false
2026-10-07T13:36:02.1323286Z   set-safe-directory: true
2026-10-07T13:36:02.1323794Z   allow-unsafe-pr-checkout: false
2026-10-07T13:36:02.1324574Z env:
2026-10-07T13:36:02.1325124Z   CARGO_TERM_COLOR: always
2026-10-07T13:36:02.1325682Z   CARGO_NET_GIT_FETCH_WITH_CLI: true
2026-10-07T13:36:02.1326249Z   RUSTFLAGS: 
2026-10-07T13:36:02.1326714Z   RUSTUP_TOOLCHAIN: 1.92.0
2026-10-07T13:36:02.1327188Z ##[endgroup]
2026-10-07T13:36:02.2360249Z Syncing repository: merely-made/wgpu-scry
2026-10-07T13:36:02.2363324Z ##[group]Getting Git version info
2026-10-07T13:36:02.2364475Z Working directory is '/home/runner/work/wgpu-scry/wgpu-scry'
2026-10-07T13:36:02.2366102Z [command]/usr/bin/git version
2026-10-07T13:36:02.2461710Z git version 2.55.0
2026-10-07T13:36:02.2487508Z ##[endgroup]
2026-10-07T13:36:02.2506029Z Temporarily overriding HOME='/home/runner/work/_temp/484a8905-2a70-4194-b665-b716cb75a013' before making global git config changes
2026-10-07T13:36:02.2509264Z Adding repository directory to the temporary git global config as a safe directory
2026-10-07T13:36:02.2513696Z [command]/usr/bin/git config --global --add safe.directory /home/runner/work/wgpu-scry/wgpu-scry
2026-10-07T13:36:02.2576448Z Deleting the contents of '/home/runner/work/wgpu-scry/wgpu-scry'
2026-10-07T13:36:02.2581811Z ##[group]Initializing the repository
2026-10-07T13:36:02.2587292Z [command]/usr/bin/git init /home/runner/work/wgpu-scry/wgpu-scry
2026-10-07T13:36:02.2722459Z hint: Using 'master' as the name for the initial branch. This default branch name
2026-10-07T13:36:02.2724594Z hint: will change to "main" in Git 3.0. To configure the initial branch name
2026-10-07T13:36:02.2726376Z hint: to use in all of your new repositories, which will suppress this warning,
2026-10-07T13:36:02.2728418Z hint: call:
2026-10-07T13:36:02.2729470Z hint:
2026-10-07T13:36:02.2730408Z hint: 	git config --global init.defaultBranch <name>
2026-10-07T13:36:02.2731602Z hint:
2026-10-07T13:36:02.2733523Z hint: Names commonly chosen instead of 'master' are 'main', 'trunk' and
2026-10-07T13:36:02.2736190Z hint: 'development'. The just-created branch can be renamed via this command:
2026-10-07T13:36:02.2737903Z hint:
2026-10-07T13:36:02.2738756Z hint: 	git branch -m <name>
2026-10-07T13:36:02.2739634Z hint:
2026-10-07T13:36:02.2740804Z hint: Disable this message with "git config set advice.defaultBranchName false"
2026-10-07T13:36:02.2742892Z Initialized empty Git repository in /home/runner/work/wgpu-scry/wgpu-scry/.git/
2026-10-07T13:36:02.2748040Z [command]/usr/bin/git remote add origin https://github.com/merely-made/wgpu-scry
2026-10-07T13:36:02.2818796Z ##[endgroup]
2026-10-07T13:36:02.2820151Z ##[group]Disabling automatic garbage collection
2026-10-07T13:36:02.2825157Z [command]/usr/bin/git config --local gc.auto 0
2026-10-07T13:36:02.2874094Z ##[endgroup]
2026-10-07T13:36:02.2875688Z ##[group]Setting up auth
2026-10-07T13:36:02.2881994Z [command]/usr/bin/git config --local --name-only --get-regexp core\.sshCommand
2026-10-07T13:36:02.2926707Z [command]/usr/bin/git submodule foreach --recursive sh -c "git config --local --name-only --get-regexp 'core\.sshCommand' && git config --local --unset-all 'core.sshCommand' || :"
2026-10-07T13:36:02.3394413Z [command]/usr/bin/git config --local --name-only --get-regexp http\.https\:\/\/github\.com\/\.extraheader
2026-10-07T13:36:02.3453576Z [command]/usr/bin/git submodule foreach --recursive sh -c "git config --local --name-only --get-regexp 'http\.https\:\/\/github\.com\/\.extraheader' && git config --local --unset-all 'http.https://github.com/.extraheader' || :"
2026-10-07T13:36:02.3693874Z [command]/usr/bin/git config --local --name-only --get-regexp ^includeIf\.gitdir:
2026-10-07T13:36:02.3733401Z [command]/usr/bin/git submodule foreach --recursive git config --local --show-origin --name-only --get-regexp remote.origin.url
2026-10-07T13:36:02.3964353Z [command]/usr/bin/git config --local http.https://github.com/.extraheader AUTHORIZATION: basic ***
2026-10-07T13:36:02.4007862Z ##[endgroup]
2026-10-07T13:36:02.4008953Z ##[group]Fetching the repository
2026-10-07T13:36:02.4018315Z [command]/usr/bin/git -c protocol.version=2 fetch --no-tags --prune --no-recurse-submodules --depth=1 origin +4d8d1d3f8dd450b712960c90b74263a45b46e35b:refs/remotes/origin/main
2026-10-07T13:36:03.9712245Z From https://github.com/merely-made/wgpu-scry
2026-10-07T13:36:03.9713817Z  * [new ref]         4d8d1d3f8dd450b712960c90b74263a45b46e35b -> origin/main
2026-10-07T13:36:03.9717222Z ##[endgroup]
2026-10-07T13:36:03.9719566Z ##[group]Determining the checkout info
2026-10-07T13:36:03.9721147Z ##[endgroup]
2026-10-07T13:36:03.9724876Z [command]/usr/bin/git sparse-checkout disable
2026-10-07T13:36:03.9780174Z [command]/usr/bin/git config --local --unset-all extensions.worktreeConfig
2026-10-07T13:36:03.9814228Z ##[group]Checking out the ref
2026-10-07T13:36:03.9825857Z [command]/usr/bin/git checkout --progress --force -B main refs/remotes/origin/main
2026-10-07T13:36:04.0401971Z Switched to a new branch 'main'
2026-10-07T13:36:04.0407173Z branch 'main' set up to track 'origin/main'.
2026-10-07T13:36:04.0419662Z ##[endgroup]
2026-10-07T13:36:04.0501820Z [command]/usr/bin/git log -1 --format=%H
2026-10-07T13:36:04.0530617Z 4d8d1d3f8dd450b712960c90b74263a45b46e35b
2026-10-07T13:36:04.1234242Z ##[group]Run dtolnay/rust-toolchain@master
2026-10-07T13:36:04.1235532Z with:
2026-10-07T13:36:04.1236410Z   toolchain: 1.92.0
2026-10-07T13:36:04.1237332Z env:
2026-10-07T13:36:04.1305124Z   CARGO_TERM_COLOR: always
2026-10-07T13:36:04.1307157Z   CARGO_NET_GIT_FETCH_WITH_CLI: true
2026-10-07T13:36:04.1309264Z   RUSTFLAGS: 
2026-10-07T13:36:04.1310913Z   RUSTUP_TOOLCHAIN: 1.92.0
2026-10-07T13:36:04.1312659Z ##[endgroup]
2026-10-07T13:36:04.1404525Z ##[start-action display=Parse toolchain version;id=__dtolnay_rust-toolchain.parse]
2026-10-07T13:36:04.1485743Z ##[group]Run if [[ -z $toolchain ]]; then
2026-10-07T13:36:04.1487095Z [36;1mif [[ -z $toolchain ]]; then[0m
2026-10-07T13:36:04.1489349Z [36;1m  # GitHub does not enforce `required: true` inputs itself. https://github.com/actions/runner/issues/1070[0m
2026-10-07T13:36:04.1491532Z [36;1m  echo "'toolchain' is a required input" >&2[0m
2026-10-07T13:36:04.1492818Z [36;1m  exit 1[0m
2026-10-07T13:36:04.1494263Z [36;1melif [[ $toolchain =~ ^stable' '[0-9]+' '(year|month|week|day)s?' 'ago$ ]]; then[0m
2026-10-07T13:36:04.1495964Z [36;1m  if [[ Linux == macOS ]]; then[0m
2026-10-07T13:36:04.1498180Z [36;1m    echo "toolchain=1.$((($(date -v-$(sed 's/stable \([0-9]*\) \(.\).*/\1\2/' <<< $toolchain) +%s)/60/60/24-16569)/7/6))" >> $GITHUB_OUTPUT[0m
2026-10-07T13:36:04.1500261Z [36;1m  else[0m
2026-10-07T13:36:04.1501891Z [36;1m    echo "toolchain=1.$((($(date --date "${toolchain#stable }" +%s)/60/60/24-16569)/7/6))" >> $GITHUB_OUTPUT[0m
2026-10-07T13:36:04.1503754Z [36;1m  fi[0m
2026-10-07T13:36:04.1505007Z [36;1melif [[ $toolchain =~ ^stable' 'minus' '[0-9]+' 'releases?$ ]]; then[0m
2026-10-07T13:36:04.1507133Z [36;1m  echo "toolchain=1.$((($(date +%s)/60/60/24-16569)/7/6-${toolchain//[^0-9]/}))" >> $GITHUB_OUTPUT[0m
2026-10-07T13:36:04.1509126Z [36;1melif [[ $toolchain =~ ^1\.[0-9]+$ ]]; then[0m
2026-10-07T13:36:04.1511256Z [36;1m  echo "toolchain=1.$((i=${toolchain#1.}, c=($(date +%s)/60/60/24-16569)/7/6, i+9*i*(10*i<=c)+90*i*(100*i<=c)))" >> $GITHUB_OUTPUT[0m
2026-10-07T13:36:04.1513258Z [36;1melse[0m
2026-10-07T13:36:04.1514312Z [36;1m  echo "toolchain=$toolchain" >> $GITHUB_OUTPUT[0m
2026-10-07T13:36:04.1515614Z [36;1mfi[0m
2026-10-07T13:36:04.1806697Z shell: /usr/bin/bash --noprofile --norc -e -o pipefail {0}
2026-10-07T13:36:04.1808400Z env:
2026-10-07T13:36:04.1809327Z   CARGO_TERM_COLOR: always
2026-10-07T13:36:04.1810457Z   CARGO_NET_GIT_FETCH_WITH_CLI: true
2026-10-07T13:36:04.1811607Z   RUSTFLAGS: 
2026-10-07T13:36:04.1812510Z   RUSTUP_TOOLCHAIN: 1.92.0
2026-10-07T13:36:04.1813523Z   toolchain: 1.92.0
2026-10-07T13:36:04.1814433Z ##[endgroup]
2026-10-07T13:36:04.1971457Z ##[end-action id=__dtolnay_rust-toolchain.parse;outcome=success;conclusion=success;duration_ms=56]
2026-10-07T13:36:04.1988824Z ##[start-action display=Construct rustup command line;id=__dtolnay_rust-toolchain.flags]
2026-10-07T13:36:04.2033289Z ##[group]Run echo "targets=$(for t in ${targets//,/ }; do echo -n ' --target' $t; done)" >> $GITHUB_OUTPUT
2026-10-07T13:36:04.2035754Z [36;1mecho "targets=$(for t in ${targets//,/ }; do echo -n ' --target' $t; done)" >> $GITHUB_OUTPUT[0m
2026-10-07T13:36:04.2038567Z [36;1mecho "components=$(for c in ${components//,/ }; do echo -n ' --component' $c; done)" >> $GITHUB_OUTPUT[0m
2026-10-07T13:36:04.2040762Z [36;1mecho "downgrade=" >> $GITHUB_OUTPUT[0m
2026-10-07T13:36:04.2100711Z shell: /usr/bin/bash --noprofile --norc -e -o pipefail {0}
2026-10-07T13:36:04.2102085Z env:
2026-10-07T13:36:04.2102933Z   CARGO_TERM_COLOR: always
2026-10-07T13:36:04.2103999Z   CARGO_NET_GIT_FETCH_WITH_CLI: true
2026-10-07T13:36:04.2105115Z   RUSTFLAGS: 
2026-10-07T13:36:04.2106009Z   RUSTUP_TOOLCHAIN: 1.92.0
2026-10-07T13:36:04.2106989Z   targets: 
2026-10-07T13:36:04.2108019Z   components: 
2026-10-07T13:36:04.2108909Z ##[endgroup]
2026-10-07T13:36:04.2225377Z ##[end-action id=__dtolnay_rust-toolchain.flags;outcome=success;conclusion=success;duration_ms=23]
2026-10-07T13:36:04.2232585Z ##[start-action display=Set $CARGO_HOME;id=__dtolnay_rust-toolchain.__run]
2026-10-07T13:36:04.2275627Z ##[group]Run echo CARGO_HOME=${CARGO_HOME:-"$HOME/.cargo"} >> $GITHUB_ENV
2026-10-07T13:36:04.2277491Z [36;1mecho CARGO_HOME=${CARGO_HOME:-"$HOME/.cargo"} >> $GITHUB_ENV[0m
2026-10-07T13:36:04.2337437Z shell: /usr/bin/bash --noprofile --norc -e -o pipefail {0}
2026-10-07T13:36:04.2338959Z env:
2026-10-07T13:36:04.2339797Z   CARGO_TERM_COLOR: always
2026-10-07T13:36:04.2340855Z   CARGO_NET_GIT_FETCH_WITH_CLI: true
2026-10-07T13:36:04.2341967Z   RUSTFLAGS: 
2026-10-07T13:36:04.2342959Z   RUSTUP_TOOLCHAIN: 1.92.0
2026-10-07T13:36:04.2343962Z ##[endgroup]
2026-10-07T13:36:04.2450389Z ##[end-action id=__dtolnay_rust-toolchain.__run;outcome=success;conclusion=success;duration_ms=21]
2026-10-07T13:36:04.2457039Z ##[start-action display=Install rustup if needed;id=__dtolnay_rust-toolchain.__run_2]
2026-10-07T13:36:04.2510065Z ##[group]Run if ! command -v rustup &>/dev/null; then
2026-10-07T13:36:04.2511469Z [36;1mif ! command -v rustup &>/dev/null; then[0m
2026-10-07T13:36:04.2514239Z [36;1m  curl --proto '=https' --tlsv1.2 --retry 10 --retry-connrefused --location --silent --show-error --fail https://sh.rustup.rs | sh -s -- --default-toolchain none -y[0m
2026-10-07T13:36:04.2516970Z [36;1m  echo "$CARGO_HOME/bin" >> $GITHUB_PATH[0m
2026-10-07T13:36:04.2518462Z [36;1mfi[0m
2026-10-07T13:36:04.2577157Z shell: /usr/bin/bash --noprofile --norc -e -o pipefail {0}
2026-10-07T13:36:04.2578715Z env:
2026-10-07T13:36:04.2579516Z   CARGO_TERM_COLOR: always
2026-10-07T13:36:04.2580514Z   CARGO_NET_GIT_FETCH_WITH_CLI: true
2026-10-07T13:36:04.2581579Z   RUSTFLAGS: 
2026-10-07T13:36:04.2582426Z   RUSTUP_TOOLCHAIN: 1.92.0
2026-10-07T13:36:04.2583406Z   CARGO_HOME: /home/runner/.cargo
2026-10-07T13:36:04.2584410Z ##[endgroup]
2026-10-07T13:36:04.2688596Z ##[end-action id=__dtolnay_rust-toolchain.__run_2;outcome=success;conclusion=success;duration_ms=22]
2026-10-07T13:36:04.2695551Z ##[start-action display=Install rustup if needed on windows;id=__dtolnay_rust-toolchain.__run_3]
2026-10-07T13:36:04.2708948Z ##[end-action id=__dtolnay_rust-toolchain.__run_3;outcome=skipped;conclusion=skipped;duration_ms=0]
2026-10-07T13:36:04.2725011Z ##[start-action display=rustup toolchain install 1.92.0;id=__dtolnay_rust-toolchain.__run_4]
2026-10-07T13:36:04.2768175Z ##[group]Run log=$(mktemp)
2026-10-07T13:36:04.2769219Z [36;1mlog=$(mktemp)[0m
2026-10-07T13:36:04.2770193Z [36;1mtrap 'rm -f "$log"' EXIT[0m
2026-10-07T13:36:04.2771269Z [36;1mfor attempt in 1 2 3 4 5; do[0m
2026-10-07T13:36:04.2773314Z [36;1m  if rustup toolchain install 1.92.0 --profile minimal --no-self-update --force-non-host 2>&1 | tee "$log"; then[0m
2026-10-07T13:36:04.2775326Z [36;1m    break[0m
2026-10-07T13:36:04.2776197Z [36;1m  else[0m
2026-10-07T13:36:04.2777040Z [36;1m    status=$?[0m
2026-10-07T13:36:04.2778449Z [36;1m  fi[0m
2026-10-07T13:36:04.2779645Z [36;1m  if [[ $attempt == 5 ]] || ! grep -Fq 'checksum failed for ' "$log" \[0m
2026-10-07T13:36:04.2781847Z [36;1m      || ! grep -Fq 'this is likely due to an ongoing update of the official release server' "$log"; then[0m
2026-10-07T13:36:04.2783689Z [36;1m    exit "$status"[0m
2026-10-07T13:36:04.2784661Z [36;1m  fi[0m
2026-10-07T13:36:04.2786287Z [36;1m  echo "Retrying rustup toolchain install in 30 seconds (retry $attempt of 4)" >&2[0m
2026-10-07T13:36:04.2788569Z [36;1m  sleep 30[0m
2026-10-07T13:36:04.2789481Z [36;1mdone[0m
2026-10-07T13:36:04.2849200Z shell: /usr/bin/bash --noprofile --norc -e -o pipefail {0}
2026-10-07T13:36:04.2850508Z env:
2026-10-07T13:36:04.2851311Z   CARGO_TERM_COLOR: always
2026-10-07T13:36:04.2852318Z   CARGO_NET_GIT_FETCH_WITH_CLI: true
2026-10-07T13:36:04.2853384Z   RUSTFLAGS: 
2026-10-07T13:36:04.2854239Z   RUSTUP_TOOLCHAIN: 1.92.0
2026-10-07T13:36:04.2855237Z   CARGO_HOME: /home/runner/.cargo
2026-10-07T13:36:04.2856297Z   RUSTUP_PERMIT_COPY_RENAME: 1
2026-10-07T13:36:04.2857292Z ##[endgroup]
2026-10-07T13:36:04.4013741Z info: syncing channel updates for 1.92.0-x86_64-unknown-linux-gnu
2026-10-07T13:36:04.6580175Z info: latest update on 2025-12-11 for version 1.92.0 (ded5c06cf 2025-12-08)
2026-10-07T13:36:04.6581129Z info: downloading 3 components
2026-10-07T13:36:11.8186179Z 
2026-10-07T13:36:11.8263401Z   1.92.0-x86_64-unknown-linux-gnu installed - rustc 1.92.0 (ded5c06cf 2025-12-08)
2026-10-07T13:36:11.8264570Z 
2026-10-07T13:36:11.8369067Z ##[end-action id=__dtolnay_rust-toolchain.__run_4;outcome=success;conclusion=success;duration_ms=7564]
2026-10-07T13:36:11.8380425Z ##[start-action display=rustup default 1.92.0;id=__dtolnay_rust-toolchain.__run_5]
2026-10-07T13:36:11.8415967Z ##[group]Run rustup default 1.92.0 --force-non-host
2026-10-07T13:36:11.8416665Z [36;1mrustup default 1.92.0 --force-non-host[0m
2026-10-07T13:36:11.8493787Z shell: /usr/bin/bash --noprofile --norc -e -o pipefail {0}
2026-10-07T13:36:11.8494213Z env:
2026-10-07T13:36:11.8494469Z   CARGO_TERM_COLOR: always
2026-10-07T13:36:11.8494782Z   CARGO_NET_GIT_FETCH_WITH_CLI: true
2026-10-07T13:36:11.8495114Z   RUSTFLAGS: 
2026-10-07T13:36:11.8495371Z   RUSTUP_TOOLCHAIN: 1.92.0
2026-10-07T13:36:11.8495677Z   CARGO_HOME: /home/runner/.cargo
2026-10-07T13:36:11.8496007Z ##[endgroup]
2026-10-07T13:36:11.8622694Z info: using existing install for 1.92.0-x86_64-unknown-linux-gnu
2026-10-07T13:36:11.8632117Z info: default toolchain set to 1.92.0-x86_64-unknown-linux-gnu
2026-10-07T13:36:11.8632648Z 
2026-10-07T13:36:11.8718887Z info: note that the toolchain '1.92.0-x86_64-unknown-linux-gnu' is currently in use (overridden by environment variable RUSTUP_TOOLCHAIN)
2026-10-07T13:36:11.8720246Z   1.92.0-x86_64-unknown-linux-gnu unchanged - rustc 1.92.0 (ded5c06cf 2025-12-08)
2026-10-07T13:36:11.8721094Z 
2026-10-07T13:36:11.8737028Z ##[end-action id=__dtolnay_rust-toolchain.__run_5;outcome=success;conclusion=success;duration_ms=35]
2026-10-07T13:36:11.8740463Z ##[start-action display=Create cachekey;id=__dtolnay_rust-toolchain.rustc-version]
2026-10-07T13:36:11.8765714Z ##[group]Run DATE=$(rustc +1.92.0 --version --verbose | sed -ne 's/^commit-date: \(20[0-9][0-9]\)-\([01][0-9]\)-\([0-3][0-9]\)$/\1\2\3/p')
2026-10-07T13:36:11.8766574Z [36;1mDATE=$(rustc +1.92.0 --version --verbose | sed -ne 's/^commit-date: \(20[0-9][0-9]\)-\([01][0-9]\)-\([0-3][0-9]\)$/\1\2\3/p')[0m
2026-10-07T13:36:11.8767289Z [36;1mHASH=$(rustc +1.92.0 --version --verbose | sed -ne 's/^commit-hash: //p')[0m
2026-10-07T13:36:11.8768168Z [36;1mecho "cachekey=$(echo $DATE$HASH | head -c12)" >> $GITHUB_OUTPUT[0m
2026-10-07T13:36:11.8834628Z shell: /usr/bin/bash --noprofile --norc -e -o pipefail {0}
2026-10-07T13:36:11.8835027Z env:
2026-10-07T13:36:11.8835298Z   CARGO_TERM_COLOR: always
2026-10-07T13:36:11.8835630Z   CARGO_NET_GIT_FETCH_WITH_CLI: true
2026-10-07T13:36:11.8835931Z   RUSTFLAGS: 
2026-10-07T13:36:11.8836180Z   RUSTUP_TOOLCHAIN: 1.92.0
2026-10-07T13:36:11.8836475Z   CARGO_HOME: /home/runner/.cargo
2026-10-07T13:36:11.8836797Z ##[endgroup]
2026-10-07T13:36:11.9198313Z ##[end-action id=__dtolnay_rust-toolchain.rustc-version;outcome=success;conclusion=success;duration_ms=45]
2026-10-07T13:36:11.9202928Z ##[start-action display=Disable incremental compilation;id=__dtolnay_rust-toolchain.__run_6]
2026-10-07T13:36:11.9236220Z ##[group]Run if [ -z "${CARGO_INCREMENTAL+set}" ]; then
2026-10-07T13:36:11.9237222Z [36;1mif [ -z "${CARGO_INCREMENTAL+set}" ]; then[0m
2026-10-07T13:36:11.9238166Z [36;1m  echo CARGO_INCREMENTAL=0 >> $GITHUB_ENV[0m
2026-10-07T13:36:11.9238742Z [36;1mfi[0m
2026-10-07T13:36:11.9330156Z shell: /usr/bin/bash --noprofile --norc -e -o pipefail {0}
2026-10-07T13:36:11.9330808Z env:
2026-10-07T13:36:11.9331204Z   CARGO_TERM_COLOR: always
2026-10-07T13:36:11.9331693Z   CARGO_NET_GIT_FETCH_WITH_CLI: true
2026-10-07T13:36:11.9332201Z   RUSTFLAGS: 
2026-10-07T13:36:11.9332618Z   RUSTUP_TOOLCHAIN: 1.92.0
2026-10-07T13:36:11.9333100Z   CARGO_HOME: /home/runner/.cargo
2026-10-07T13:36:11.9333593Z ##[endgroup]
2026-10-07T13:36:11.9489174Z ##[end-action id=__dtolnay_rust-toolchain.__run_6;outcome=success;conclusion=success;duration_ms=28]
2026-10-07T13:36:11.9491986Z ##[start-action display=Enable colors in Cargo output;id=__dtolnay_rust-toolchain.__run_7]
2026-10-07T13:36:11.9515150Z ##[group]Run if [ -z "${CARGO_TERM_COLOR+set}" ]; then
2026-10-07T13:36:11.9515589Z [36;1mif [ -z "${CARGO_TERM_COLOR+set}" ]; then[0m
2026-10-07T13:36:11.9515987Z [36;1m  echo CARGO_TERM_COLOR=always >> $GITHUB_ENV[0m
2026-10-07T13:36:11.9516340Z [36;1mfi[0m
2026-10-07T13:36:11.9582359Z shell: /usr/bin/bash --noprofile --norc -e -o pipefail {0}
2026-10-07T13:36:11.9582767Z env:
2026-10-07T13:36:11.9583015Z   CARGO_TERM_COLOR: always
2026-10-07T13:36:11.9583325Z   CARGO_NET_GIT_FETCH_WITH_CLI: true
2026-10-07T13:36:11.9583637Z   RUSTFLAGS: 
2026-10-07T13:36:11.9583894Z   RUSTUP_TOOLCHAIN: 1.92.0
2026-10-07T13:36:11.9584184Z   CARGO_HOME: /home/runner/.cargo
2026-10-07T13:36:11.9584480Z   CARGO_INCREMENTAL: 0
2026-10-07T13:36:11.9584745Z ##[endgroup]
2026-10-07T13:36:11.9676812Z ##[end-action id=__dtolnay_rust-toolchain.__run_7;outcome=success;conclusion=success;duration_ms=18]
2026-10-07T13:36:11.9680825Z ##[start-action display=Enable Cargo sparse registry;id=__dtolnay_rust-toolchain.__run_8]
2026-10-07T13:36:11.9714844Z ##[group]Run # implemented in 1.66, stabilized in 1.68, made default in 1.70
2026-10-07T13:36:11.9715807Z [36;1m# implemented in 1.66, stabilized in 1.68, made default in 1.70[0m
2026-10-07T13:36:11.9717166Z [36;1mif [ -z "${CARGO_REGISTRIES_CRATES_IO_PROTOCOL+set}" -o -f "/home/runner/work/_temp"/.implicit_cargo_registries_crates_io_protocol ]; then[0m
2026-10-07T13:36:11.9718778Z [36;1m  if rustc +1.92.0 --version --verbose | grep -q '^release: 1\.6[89]\.'; then[0m
2026-10-07T13:36:11.9719862Z [36;1m    touch "/home/runner/work/_temp"/.implicit_cargo_registries_crates_io_protocol || true[0m
2026-10-07T13:36:11.9720909Z [36;1m    echo CARGO_REGISTRIES_CRATES_IO_PROTOCOL=sparse >> $GITHUB_ENV[0m
2026-10-07T13:36:11.9721858Z [36;1m  elif rustc +1.92.0 --version --verbose | grep -q '^release: 1\.6[67]\.'; then[0m
2026-10-07T13:36:11.9722948Z [36;1m    touch "/home/runner/work/_temp"/.implicit_cargo_registries_crates_io_protocol || true[0m
2026-10-07T13:36:11.9723969Z [36;1m    echo CARGO_REGISTRIES_CRATES_IO_PROTOCOL=git >> $GITHUB_ENV[0m
2026-10-07T13:36:11.9724664Z [36;1m  fi[0m
2026-10-07T13:36:11.9725063Z [36;1mfi[0m
2026-10-07T13:36:11.9805443Z shell: /usr/bin/bash --noprofile --norc -e -o pipefail {0}
2026-10-07T13:36:11.9805949Z env:
2026-10-07T13:36:11.9806277Z   CARGO_TERM_COLOR: always
2026-10-07T13:36:11.9806653Z   CARGO_NET_GIT_FETCH_WITH_CLI: true
2026-10-07T13:36:11.9807043Z   RUSTFLAGS: 
2026-10-07T13:36:11.9807364Z   RUSTUP_TOOLCHAIN: 1.92.0
2026-10-07T13:36:11.9808020Z   CARGO_HOME: /home/runner/.cargo
2026-10-07T13:36:11.9808416Z   CARGO_INCREMENTAL: 0
2026-10-07T13:36:11.9808751Z ##[endgroup]
2026-10-07T13:36:12.0140470Z ##[end-action id=__dtolnay_rust-toolchain.__run_8;outcome=success;conclusion=success;duration_ms=45]
2026-10-07T13:36:12.0143664Z ##[start-action display=Work around spurious network errors in curl 8.0;id=__dtolnay_rust-toolchain.__run_9]
2026-10-07T13:36:12.0170090Z ##[group]Run # https://rust-lang.zulipchat.com/#narrow/stream/246057-t-cargo/topic/timeout.20investigation
2026-10-07T13:36:12.0170962Z [36;1m# https://rust-lang.zulipchat.com/#narrow/stream/246057-t-cargo/topic/timeout.20investigation[0m
2026-10-07T13:36:12.0171824Z [36;1mif rustc +1.92.0 --version --verbose | grep -q '^release: 1\.7[01]\.'; then[0m
2026-10-07T13:36:12.0172343Z [36;1m  echo CARGO_HTTP_MULTIPLEXING=false >> $GITHUB_ENV[0m
2026-10-07T13:36:12.0172721Z [36;1mfi[0m
2026-10-07T13:36:12.0246193Z shell: /usr/bin/bash --noprofile --norc -e -o pipefail {0}
2026-10-07T13:36:12.0246614Z env:
2026-10-07T13:36:12.0246868Z   CARGO_TERM_COLOR: always
2026-10-07T13:36:12.0247166Z   CARGO_NET_GIT_FETCH_WITH_CLI: true
2026-10-07T13:36:12.0247474Z   RUSTFLAGS: 
2026-10-07T13:36:12.0248033Z   RUSTUP_TOOLCHAIN: 1.92.0
2026-10-07T13:36:12.0248336Z   CARGO_HOME: /home/runner/.cargo
2026-10-07T13:36:12.0248849Z   CARGO_INCREMENTAL: 0
2026-10-07T13:36:12.0249125Z ##[endgroup]
2026-10-07T13:36:12.0496925Z ##[end-action id=__dtolnay_rust-toolchain.__run_9;outcome=success;conclusion=success;duration_ms=35]
2026-10-07T13:36:12.0503259Z ##[start-action display=rustc +1.92.0 --version --verbose;id=__dtolnay_rust-toolchain.__run_10]
2026-10-07T13:36:12.0553221Z ##[group]Run rustc +1.92.0 --version --verbose
2026-10-07T13:36:12.0553735Z [36;1mrustc +1.92.0 --version --verbose[0m
2026-10-07T13:36:12.0621006Z shell: /usr/bin/bash --noprofile --norc -e -o pipefail {0}
2026-10-07T13:36:12.0621432Z env:
2026-10-07T13:36:12.0621687Z   CARGO_TERM_COLOR: always
2026-10-07T13:36:12.0622001Z   CARGO_NET_GIT_FETCH_WITH_CLI: true
2026-10-07T13:36:12.0622318Z   RUSTFLAGS: 
2026-10-07T13:36:12.0622578Z   RUSTUP_TOOLCHAIN: 1.92.0
2026-10-07T13:36:12.0622885Z   CARGO_HOME: /home/runner/.cargo
2026-10-07T13:36:12.0623197Z   CARGO_INCREMENTAL: 0
2026-10-07T13:36:12.0623468Z ##[endgroup]
2026-10-07T13:36:12.0857133Z rustc 1.92.0 (ded5c06cf 2025-12-08)
2026-10-07T13:36:12.0857904Z binary: rustc
2026-10-07T13:36:12.0858433Z commit-hash: ded5c06cf21d2b93bffd5d884aa6e96934ee4234
2026-10-07T13:36:12.0859058Z commit-date: 2025-12-08
2026-10-07T13:36:12.0859336Z host: x86_64-unknown-linux-gnu
2026-10-07T13:36:12.0859622Z release: 1.92.0
2026-10-07T13:36:12.0860120Z LLVM version: 21.1.3
2026-10-07T13:36:12.0876464Z ##[end-action id=__dtolnay_rust-toolchain.__run_10;outcome=success;conclusion=success;duration_ms=37]
2026-10-07T13:36:12.0944352Z ##[group]Run rustc --version
2026-10-07T13:36:12.0944680Z [36;1mrustc --version[0m
2026-10-07T13:36:12.0944964Z [36;1mrustc --version | grep -q "1.92.0" || {[0m
2026-10-07T13:36:12.0945427Z [36;1m  echo "::error::Expected rustc 1.92.0; rust-toolchain.toml appears to have won."[0m
2026-10-07T13:36:12.0945852Z [36;1m  exit 1[0m
2026-10-07T13:36:12.0946054Z [36;1m}[0m
2026-10-07T13:36:12.1016618Z shell: /usr/bin/bash -e {0}
2026-10-07T13:36:12.1016890Z env:
2026-10-07T13:36:12.1017095Z   CARGO_TERM_COLOR: always
2026-10-07T13:36:12.1017360Z   CARGO_NET_GIT_FETCH_WITH_CLI: true
2026-10-07T13:36:12.1017864Z   RUSTFLAGS: 
2026-10-07T13:36:12.1018095Z   RUSTUP_TOOLCHAIN: 1.92.0
2026-10-07T13:36:12.1018351Z   CARGO_HOME: /home/runner/.cargo
2026-10-07T13:36:12.1018614Z   CARGO_INCREMENTAL: 0
2026-10-07T13:36:12.1018850Z ##[endgroup]
2026-10-07T13:36:12.1214436Z rustc 1.92.0 (ded5c06cf 2025-12-08)
2026-10-07T13:36:12.1372073Z ##[group]Run cargo check --locked -p scrying --lib --no-default-features --features wgpu-28
2026-10-07T13:36:12.1372764Z [36;1mcargo check --locked -p scrying --lib --no-default-features --features wgpu-28[0m
2026-10-07T13:36:12.1441274Z shell: /usr/bin/bash -e {0}
2026-10-07T13:36:12.1441543Z env:
2026-10-07T13:36:12.1441748Z   CARGO_TERM_COLOR: always
2026-10-07T13:36:12.1442012Z   CARGO_NET_GIT_FETCH_WITH_CLI: true
2026-10-07T13:36:12.1442292Z   RUSTFLAGS: 
2026-10-07T13:36:12.1442511Z   RUSTUP_TOOLCHAIN: 1.92.0
2026-10-07T13:36:12.1442765Z   CARGO_HOME: /home/runner/.cargo
2026-10-07T13:36:12.1443027Z   CARGO_INCREMENTAL: 0
2026-10-07T13:36:12.1443257Z ##[endgroup]
2026-10-07T13:36:12.1943718Z [1m[92m    Updating[0m crates.io index
2026-10-07T13:36:12.8944805Z [1m[92m Downloading[0m crates ...
2026-10-07T13:36:12.9528309Z [1m[92m  Downloaded[0m profiling v1.0.18
2026-10-07T13:36:12.9550125Z [1m[92m  Downloaded[0m renderdoc-sys v1.1.0
2026-10-07T13:36:12.9566477Z [1m[92m  Downloaded[0m pulp-wasm-simd-flag v0.1.1
2026-10-07T13:36:12.9579306Z [1m[92m  Downloaded[0m equator-macro v0.4.2
2026-10-07T13:36:12.9593780Z [1m[92m  Downloaded[0m cfg_aliases v0.2.2
2026-10-07T13:36:12.9608450Z [1m[92m  Downloaded[0m version_check v0.9.5
2026-10-07T13:36:12.9633410Z [1m[92m  Downloaded[0m zune-inflate v0.2.54
2026-10-07T13:36:12.9656746Z [1m[92m  Downloaded[0m wgpu-core-deps-windows-linux-android v28.0.0
2026-10-07T13:36:12.9673922Z [1m[92m  Downloaded[0m thiserror v2.0.20
2026-10-07T13:36:12.9750252Z [1m[92m  Downloaded[0m rustversion v1.0.23
2026-10-07T13:36:12.9788158Z [1m[92m  Downloaded[0m xml-rs v0.8.29
2026-10-07T13:36:12.9827204Z [1m[92m  Downloaded[0m gpu-descriptor-types v0.2.0
2026-10-07T13:36:12.9840457Z [1m[92m  Downloaded[0m noop_proc_macro v0.3.0
2026-10-07T13:36:12.9857242Z [1m[92m  Downloaded[0m fax v0.2.7
2026-10-07T13:36:12.9885575Z [1m[92m  Downloaded[0m profiling-procmacros v1.0.18
2026-10-07T13:36:12.9899064Z [1m[92m  Downloaded[0m wasm-bindgen-shared v0.2.127
2026-10-07T13:36:12.9918027Z [1m[92m  Downloaded[0m zerocopy-derive v0.8.56
2026-10-07T13:36:13.0020884Z [1m[92m  Downloaded[0m paste v1.0.15
2026-10-07T13:36:13.0059473Z [1m[92m  Downloaded[0m foldhash v0.1.5
2026-10-07T13:36:13.0079644Z [1m[92m  Downloaded[0m stable_deref_trait v1.2.1
2026-10-07T13:36:13.0094810Z [1m[92m  Downloaded[0m rgb v0.8.53
2026-10-07T13:36:13.0127294Z [1m[92m  Downloaded[0m y4m v0.8.0
2026-10-07T13:36:13.0145580Z [1m[92m  Downloaded[0m quick-error v2.0.1
2026-10-07T13:36:13.0164368Z [1m[92m  Downloaded[0m v_frame v0.3.9
2026-10-07T13:36:13.0188611Z [1m[92m  Downloaded[0m parking_lot v0.12.5
2026-10-07T13:36:13.0220394Z [1m[92m  Downloaded[0m zune-core v0.5.3
2026-10-07T13:36:13.0252090Z [1m[92m  Downloaded[0m raw-window-handle v0.6.2
2026-10-07T13:36:13.0275339Z [1m[92m  Downloaded[0m quote v1.0.47
2026-10-07T13:36:13.0309503Z [1m[92m  Downloaded[0m serde_derive v1.0.229
2026-10-07T13:36:13.0353330Z [1m[92m  Downloaded[0m palette_derive v0.7.7
2026-10-07T13:36:13.0376984Z [1m[92m  Downloaded[0m num-traits v0.2.19
2026-10-07T13:36:13.0411367Z [1m[92m  Downloaded[0m smallvec v1.15.2
2026-10-07T13:36:13.0432630Z [1m[92m  Downloaded[0m raw-cpuid v11.6.0
2026-10-07T13:36:13.0475144Z [1m[92m  Downloaded[0m serde_core v1.0.229
2026-10-07T13:36:13.0509272Z [1m[92m  Downloaded[0m rayon-core v1.13.0
2026-10-07T13:36:13.0552264Z [1m[92m  Downloaded[0m qoi v0.4.1
2026-10-07T13:36:13.0585708Z [1m[92m  Downloaded[0m bumpalo v3.20.3
2026-10-07T13:36:13.0617636Z [1m[92m  Downloaded[0m wasm-bindgen v0.2.127
2026-10-07T13:36:13.0649280Z [1m[92m  Downloaded[0m syn v2.0.119
2026-10-07T13:36:13.0760089Z [1m[92m  Downloaded[0m wasm-bindgen-macro-support v0.2.127
2026-10-07T13:36:13.0785399Z [1m[92m  Downloaded[0m zune-jpeg v0.5.15
2026-10-07T13:36:13.0827234Z [1m[92m  Downloaded[0m wgpu-types v28.0.0
2026-10-07T13:36:13.0869851Z [1m[92m  Downloaded[0m num-bigint v0.4.8
2026-10-07T13:36:13.0924858Z [1m[92m  Downloaded[0m png v0.18.1
2026-10-07T13:36:13.0972413Z [1m[92m  Downloaded[0m nom v8.0.0
2026-10-07T13:36:13.1031217Z [1m[92m  Downloaded[0m pulp v0.22.3
2026-10-07T13:36:13.1086426Z [1m[92m  Downloaded[0m hashbrown v0.16.1
2026-10-07T13:36:13.1141963Z [1m[92m  Downloaded[0m moxcms v0.8.1
2026-10-07T13:36:13.1250160Z [1m[92m  Downloaded[0m hashbrown v0.15.5
2026-10-07T13:36:13.1306185Z [1m[92m  Downloaded[0m wgpu v28.0.0
2026-10-07T13:36:13.1458246Z [1m[92m  Downloaded[0m glow v0.16.0
2026-10-07T13:36:13.1507763Z [1m[92m  Downloaded[0m zlib-rs v0.6.7
2026-10-07T13:36:13.1570500Z [1m[92m  Downloaded[0m palette v0.7.7
2026-10-07T13:36:13.1700680Z [1m[92m  Downloaded[0m libm v0.2.16
2026-10-07T13:36:13.1817510Z [1m[92m  Downloaded[0m exr v1.74.2
2026-10-07T13:36:13.1931158Z [1m[92m  Downloaded[0m image v0.25.10
2026-10-07T13:36:13.2029425Z [1m[92m  Downloaded[0m itertools v0.14.0
2026-10-07T13:36:13.2104530Z [1m[92m  Downloaded[0m zerocopy v0.8.56
2026-10-07T13:36:13.2327632Z [1m[92m  Downloaded[0m unicode-width v0.2.2
2026-10-07T13:36:13.2385366Z [1m[92m  Downloaded[0m hashbrown v0.17.1
2026-10-07T13:36:13.2441667Z [1m[92m  Downloaded[0m syn v3.0.4
2026-10-07T13:36:13.2551673Z [1m[92m  Downloaded[0m wgpu-core v28.0.1
2026-10-07T13:36:13.2645203Z [1m[92m  Downloaded[0m av-scenechange v0.14.1
2026-10-07T13:36:13.2757481Z [1m[92m  Downloaded[0m ash v0.38.0+1.3.281
2026-10-07T13:36:13.2916830Z [1m[92m  Downloaded[0m indexmap v2.14.1
2026-10-07T13:36:13.2963452Z [1m[92m  Downloaded[0m tiff v0.11.3
2026-10-07T13:36:13.3012525Z [1m[92m  Downloaded[0m wgpu-hal v28.0.1
2026-10-07T13:36:13.3118839Z [1m[92m  Downloaded[0m memchr v2.8.3
2026-10-07T13:36:13.3176343Z [1m[92m  Downloaded[0m miniz_oxide v0.8.9
2026-10-07T13:36:13.3202429Z [1m[92m  Downloaded[0m bitstream-io v4.10.0
2026-10-07T13:36:13.3234210Z [1m[92m  Downloaded[0m khronos_api v3.1.0
2026-10-07T13:36:13.3420967Z [1m[92m  Downloaded[0m grafting v0.6.0
2026-10-07T13:36:13.3454056Z [1m[92m  Downloaded[0m image-webp v0.2.4
2026-10-07T13:36:13.3478260Z [1m[92m  Downloaded[0m miniz_oxide v0.9.1
2026-10-07T13:36:13.3504030Z [1m[92m  Downloaded[0m half v2.7.1
2026-10-07T13:36:13.3533341Z [1m[92m  Downloaded[0m flate2 v1.1.10
2026-10-07T13:36:13.3584247Z [1m[92m  Downloaded[0m bytemuck v1.25.2
2026-10-07T13:36:13.3618666Z [1m[92m  Downloaded[0m log v0.4.34
2026-10-07T13:36:13.3644511Z [1m[92m  Downloaded[0m gpu-allocator v0.28.0
2026-10-07T13:36:13.3675029Z [1m[92m  Downloaded[0m gif v0.14.2
2026-10-07T13:36:13.3693412Z [1m[92m  Downloaded[0m libc v0.2.189
2026-10-07T13:36:13.4139788Z [1m[92m  Downloaded[0m codespan-reporting v0.12.0
2026-10-07T13:36:13.4216975Z [1m[92m  Downloaded[0m naga v28.0.0
2026-10-07T13:36:13.4415947Z [1m[92m  Downloaded[0m presser v0.3.1
2026-10-07T13:36:13.4433949Z [1m[92m  Downloaded[0m ordered-float v5.5.0
2026-10-07T13:36:13.4452170Z [1m[92m  Downloaded[0m pxfm v0.1.30
2026-10-07T13:36:13.4703257Z [1m[92m  Downloaded[0m once_cell v1.21.4
2026-10-07T13:36:13.4729674Z [1m[92m  Downloaded[0m no_std_io2 v0.9.4
2026-10-07T13:36:13.4748898Z [1m[92m  Downloaded[0m allocator-api2 v0.2.21
2026-10-07T13:36:13.4775230Z [1m[92m  Downloaded[0m num-rational v0.4.2
2026-10-07T13:36:13.4787310Z [1m[92m  Downloaded[0m litrs v1.0.0
2026-10-07T13:36:13.4818798Z [1m[92m  Downloaded[0m khronos-egl v6.0.0
2026-10-07T13:36:13.4837725Z [1m[92m  Downloaded[0m bitflags v2.13.1
2026-10-07T13:36:13.4883805Z [1m[92m  Downloaded[0m parking_lot_core v0.9.12
2026-10-07T13:36:13.4905862Z [1m[92m  Downloaded[0m av1-grain v0.2.5
2026-10-07T13:36:13.4931082Z [1m[92m  Downloaded[0m thiserror-impl v2.0.20
2026-10-07T13:36:13.4945503Z [1m[92m  Downloaded[0m foldhash v0.2.0
2026-10-07T13:36:13.4958205Z [1m[92m  Downloaded[0m built v0.8.1
2026-10-07T13:36:13.4978655Z [1m[92m  Downloaded[0m num-complex v0.4.6
2026-10-07T13:36:13.4993709Z [1m[92m  Downloaded[0m crossbeam-epoch v0.9.20
2026-10-07T13:36:13.5019014Z [1m[92m  Downloaded[0m termcolor v1.4.1
2026-10-07T13:36:13.5031644Z [1m[92m  Downloaded[0m static_assertions v1.1.0
2026-10-07T13:36:13.5046260Z [1m[92m  Downloaded[0m libloading v0.8.9
2026-10-07T13:36:13.5070630Z [1m[92m  Downloaded[0m pkg-config v0.3.34
2026-10-07T13:36:13.5085776Z [1m[92m  Downloaded[0m num-integer v0.1.47
2026-10-07T13:36:13.5102374Z [1m[92m  Downloaded[0m lock_api v0.4.14
2026-10-07T13:36:13.5115504Z [1m[92m  Downloaded[0m imgref v1.12.3
2026-10-07T13:36:13.5127328Z [1m[92m  Downloaded[0m anyhow v1.0.104
2026-10-07T13:36:13.5169299Z [1m[92m  Downloaded[0m reborrow v0.5.5
2026-10-07T13:36:13.5176441Z [1m[92m  Downloaded[0m pastey v0.1.1
2026-10-07T13:36:13.5194636Z [1m[92m  Downloaded[0m crossbeam-utils v0.8.22
2026-10-07T13:36:13.5223625Z [1m[92m  Downloaded[0m arrayvec v0.7.8
2026-10-07T13:36:13.5244888Z [1m[92m  Downloaded[0m gl_generator v0.14.0
2026-10-07T13:36:13.5262462Z [1m[92m  Downloaded[0m either v1.18.0
2026-10-07T13:36:13.5282015Z [1m[92m  Downloaded[0m crc32fast v1.5.1
2026-10-07T13:36:13.5303347Z [1m[92m  Downloaded[0m simd_helpers v0.1.0
2026-10-07T13:36:13.5311696Z [1m[92m  Downloaded[0m fdeflate v0.3.7
2026-10-07T13:36:13.5328274Z [1m[92m  Downloaded[0m crossbeam-deque v0.8.7
2026-10-07T13:36:13.5343806Z [1m[92m  Downloaded[0m cfg-if v1.0.4
2026-10-07T13:36:13.5357157Z [1m[92m  Downloaded[0m byteorder-lite v0.1.0
2026-10-07T13:36:13.5367495Z [1m[92m  Downloaded[0m aligned v0.4.3
2026-10-07T13:36:13.5379331Z [1m[92m  Downloaded[0m num-derive v0.4.2
2026-10-07T13:36:13.5397690Z [1m[92m  Downloaded[0m gpu-descriptor v0.3.2
2026-10-07T13:36:13.5406151Z [1m[92m  Downloaded[0m rav1e v0.8.1
2026-10-07T13:36:13.5755928Z [1m[92m  Downloaded[0m avif-serialize v0.8.9
2026-10-07T13:36:13.5766256Z [1m[92m  Downloaded[0m autocfg v1.5.1
2026-10-07T13:36:13.5784941Z [1m[92m  Downloaded[0m ravif v0.13.0
2026-10-07T13:36:13.5796120Z [1m[92m  Downloaded[0m scopeguard v1.2.0
2026-10-07T13:36:13.5808790Z [1m[92m  Downloaded[0m rustc-hash v1.1.0
2026-10-07T13:36:13.5817854Z [1m[92m  Downloaded[0m maybe-rayon v0.1.1
2026-10-07T13:36:13.5825552Z [1m[92m  Downloaded[0m loop9 v0.1.5
2026-10-07T13:36:13.5832704Z [1m[92m  Downloaded[0m proc-macro2 v1.0.107
2026-10-07T13:36:13.5862749Z [1m[92m  Downloaded[0m palette_math v0.7.7
2026-10-07T13:36:13.5876416Z [1m[92m  Downloaded[0m hexf-parse v0.2.1
2026-10-07T13:36:13.5882610Z [1m[92m  Downloaded[0m bytemuck_derive v1.12.0
2026-10-07T13:36:13.5904888Z [1m[92m  Downloaded[0m document-features v0.2.12
2026-10-07T13:36:13.5918406Z [1m[92m  Downloaded[0m bit-vec v0.8.0
2026-10-07T13:36:13.5934702Z [1m[92m  Downloaded[0m as-slice v0.2.1
2026-10-07T13:36:13.5948557Z [1m[92m  Downloaded[0m lebe v0.5.3
2026-10-07T13:36:13.5965329Z [1m[92m  Downloaded[0m equivalent v1.0.2
2026-10-07T13:36:13.5975588Z [1m[92m  Downloaded[0m equator v0.4.2
2026-10-07T13:36:13.5989572Z [1m[92m  Downloaded[0m approx v0.5.1
2026-10-07T13:36:13.6007202Z [1m[92m  Downloaded[0m adler2 v2.0.1
2026-10-07T13:36:13.6019870Z [1m[92m  Downloaded[0m dpi v0.1.2
2026-10-07T13:36:13.6030402Z [1m[92m  Downloaded[0m by_address v1.2.1
2026-10-07T13:36:13.6039010Z [1m[92m  Downloaded[0m bit_field v0.10.3
2026-10-07T13:36:13.6051177Z [1m[92m  Downloaded[0m arg_enum_proc_macro v0.3.4
2026-10-07T13:36:13.6063149Z [1m[92m  Downloaded[0m aligned-vec v0.6.4
2026-10-07T13:36:13.6072822Z [1m[92m  Downloaded[0m spirv v0.3.0+sdk-1.3.268.0
2026-10-07T13:36:13.6083227Z [1m[92m  Downloaded[0m simd-adler32 v0.3.10
2026-10-07T13:36:13.6102622Z [1m[92m  Downloaded[0m new_debug_unreachable v1.0.6
2026-10-07T13:36:13.6113205Z [1m[92m  Downloaded[0m color_quant v1.1.0
2026-10-07T13:36:13.6123593Z [1m[92m  Downloaded[0m wasm-bindgen-macro v0.2.127
2026-10-07T13:36:13.6132892Z [1m[92m  Downloaded[0m bit-set v0.8.0
2026-10-07T13:36:13.6145956Z [1m[92m  Downloaded[0m weezl v0.1.12
2026-10-07T13:36:13.6171021Z [1m[92m  Downloaded[0m unicode-ident v1.0.24
2026-10-07T13:36:13.6199762Z [1m[92m  Downloaded[0m serde v1.0.229
2026-10-07T13:36:13.6234358Z [1m[92m  Downloaded[0m rayon v1.12.0
2026-10-07T13:36:13.6823553Z [1m[92m   Compiling[0m proc-macro2 v1.0.107
2026-10-07T13:36:13.6843221Z [1m[92m   Compiling[0m unicode-ident v1.0.24
2026-10-07T13:36:13.6844097Z [1m[92m   Compiling[0m quote v1.0.47
2026-10-07T13:36:13.6844920Z [1m[92m   Compiling[0m libm v0.2.16
2026-10-07T13:36:13.7429320Z [1m[92m   Compiling[0m autocfg v1.5.1
2026-10-07T13:36:13.9279654Z [1m[92m    Checking[0m cfg-if v1.0.4
2026-10-07T13:36:13.9578069Z [1m[92m    Checking[0m bitflags v2.13.1
2026-10-07T13:36:14.0476470Z [1m[92m   Compiling[0m cfg_aliases v0.2.2
2026-10-07T13:36:14.0538906Z [1m[92m   Compiling[0m num-traits v0.2.19
2026-10-07T13:36:14.0799643Z [1m[92m    Checking[0m log v0.4.34
2026-10-07T13:36:14.1842255Z [1m[92m   Compiling[0m thiserror v2.0.20
2026-10-07T13:36:14.2010434Z [1m[92m   Compiling[0m libc v0.2.189
2026-10-07T13:36:14.4759136Z [1m[92m   Compiling[0m zerocopy v0.8.56
2026-10-07T13:36:14.6209571Z [1m[92m   Compiling[0m syn v2.0.119
2026-10-07T13:36:14.6417517Z [1m[92m   Compiling[0m syn v3.0.4
2026-10-07T13:36:14.7199113Z [1m[92m    Checking[0m arrayvec v0.7.8
2026-10-07T13:36:14.8539325Z [1m[92m   Compiling[0m crossbeam-utils v0.8.22
2026-10-07T13:36:15.4409206Z [1m[92m   Compiling[0m crossbeam-epoch v0.9.20
2026-10-07T13:36:15.8859048Z [1m[92m   Compiling[0m crossbeam-deque v0.8.7
2026-10-07T13:36:16.0599217Z [1m[92m    Checking[0m simd-adler32 v0.3.10
2026-10-07T13:36:16.1549214Z [1m[92m    Checking[0m smallvec v1.15.2
2026-10-07T13:36:16.1932383Z [1m[92m    Checking[0m equivalent v1.0.2
2026-10-07T13:36:16.2231023Z [1m[92m   Compiling[0m rayon-core v1.13.0
2026-10-07T13:36:16.3229184Z [1m[92m    Checking[0m libloading v0.8.9
2026-10-07T13:36:16.3979190Z [1m[92m    Checking[0m foldhash v0.2.0
2026-10-07T13:36:16.4330417Z [1m[92m   Compiling[0m parking_lot_core v0.9.12
2026-10-07T13:36:16.4708663Z [1m[92m   Compiling[0m ash v0.38.0+1.3.281
2026-10-07T13:36:16.5479299Z [1m[92m    Checking[0m allocator-api2 v0.2.21
2026-10-07T13:36:16.7959278Z [1m[92m    Checking[0m hashbrown v0.16.1
2026-10-07T13:36:16.8600919Z [1m[92m    Checking[0m num-integer v0.1.47
2026-10-07T13:36:17.0566249Z [1m[92m   Compiling[0m naga v28.0.0
2026-10-07T13:36:17.2317115Z [1m[92m    Checking[0m memchr v2.8.3
2026-10-07T13:36:17.3065273Z [1m[92m   Compiling[0m thiserror-impl v2.0.20
2026-10-07T13:36:17.3242296Z [1m[92m   Compiling[0m bytemuck_derive v1.12.0
2026-10-07T13:36:17.6108964Z [1m[92m    Checking[0m either v1.18.0
2026-10-07T13:36:17.7659609Z [1m[92m   Compiling[0m khronos-egl v6.0.0
2026-10-07T13:36:17.8519295Z [1m[92m    Checking[0m hashbrown v0.17.1
2026-10-07T13:36:18.3289701Z [1m[92m    Checking[0m unicode-width v0.2.2
2026-10-07T13:36:18.4328293Z [1m[92m    Checking[0m bytemuck v1.25.2
2026-10-07T13:36:18.5059232Z [1m[92m    Checking[0m adler2 v2.0.1
2026-10-07T13:36:18.5128765Z [1m[92m    Checking[0m foldhash v0.1.5
2026-10-07T13:36:18.5514801Z [1m[92m    Checking[0m bit-vec v0.8.0
2026-10-07T13:36:18.5939331Z [1m[92m    Checking[0m scopeguard v1.2.0
2026-10-07T13:36:18.6079231Z [1m[92m   Compiling[0m paste v1.0.15
2026-10-07T13:36:18.6329184Z [1m[92m   Compiling[0m anyhow v1.0.104
2026-10-07T13:36:18.6927954Z [1m[92m    Checking[0m bit-set v0.8.0
2026-10-07T13:36:18.7576572Z [1m[92m    Checking[0m lock_api v0.4.14
2026-10-07T13:36:18.7819815Z [1m[92m    Checking[0m hashbrown v0.15.5
2026-10-07T13:36:18.8666574Z [1m[92m    Checking[0m codespan-reporting v0.12.0
2026-10-07T13:36:18.9229396Z [1m[92m    Checking[0m indexmap v2.14.1
2026-10-07T13:36:19.1029437Z [1m[92m    Checking[0m num-bigint v0.4.8
2026-10-07T13:36:19.3509173Z [1m[92m   Compiling[0m zerocopy-derive v0.8.56
2026-10-07T13:36:19.4999586Z [1m[92m   Compiling[0m profiling-procmacros v1.0.18
2026-10-07T13:36:19.6989632Z [1m[92m    Checking[0m profiling v1.0.18
2026-10-07T13:36:19.7289315Z [1m[92m   Compiling[0m equator-macro v0.4.2
2026-10-07T13:36:20.2149441Z [1m[92m   Compiling[0m wgpu-hal v28.0.1
2026-10-07T13:36:20.2709501Z [1m[92m    Checking[0m equator v0.4.2
2026-10-07T13:36:20.4200809Z [1m[92m    Checking[0m aligned-vec v0.6.4
2026-10-07T13:36:20.4509205Z [1m[92m    Checking[0m spirv v0.3.0+sdk-1.3.268.0
2026-10-07T13:36:20.5563236Z [1m[92m    Checking[0m gpu-descriptor-types v0.2.0
2026-10-07T13:36:20.6279481Z [1m[92m    Checking[0m rustc-hash v1.1.0
2026-10-07T13:36:20.7119632Z [1m[92m    Checking[0m once_cell v1.21.4
2026-10-07T13:36:20.8138814Z [1m[92m    Checking[0m hexf-parse v0.2.1
2026-10-07T13:36:20.8769004Z [1m[92m   Compiling[0m khronos_api v3.1.0
2026-10-07T13:36:21.0089299Z [1m[92m   Compiling[0m crc32fast v1.5.1
2026-10-07T13:36:21.1519435Z [1m[92m    Checking[0m stable_deref_trait v1.2.1
2026-10-07T13:36:21.1766818Z [1m[92m    Checking[0m presser v0.3.1
2026-10-07T13:36:21.2249175Z [1m[92m    Checking[0m as-slice v0.2.1
2026-10-07T13:36:21.2839081Z [1m[92m    Checking[0m gpu-descriptor v0.3.2
2026-10-07T13:36:21.3548473Z [1m[92m    Checking[0m v_frame v0.3.9
2026-10-07T13:36:21.4058935Z [1m[92m    Checking[0m parking_lot v0.12.5
2026-10-07T13:36:21.5040518Z [1m[92m    Checking[0m num-rational v0.4.2
2026-10-07T13:36:21.9148994Z [1m[92m    Checking[0m wgpu-types v28.0.0
2026-10-07T13:36:22.1995970Z [1m[92m    Checking[0m rayon v1.12.0
2026-10-07T13:36:23.5629199Z [1m[92m    Checking[0m ordered-float v5.5.0
2026-10-07T13:36:23.8119683Z [1m[92m   Compiling[0m av-scenechange v0.14.1
2026-10-07T13:36:23.9329120Z [1m[92m   Compiling[0m built v0.8.1
2026-10-07T13:36:23.9789408Z [1m[92m    Checking[0m raw-window-handle v0.6.2
2026-10-07T13:36:24.1195527Z [1m[92m   Compiling[0m version_check v0.9.5
2026-10-07T13:36:24.3571458Z [1m[92m    Checking[0m renderdoc-sys v1.1.0
2026-10-07T13:36:24.4022281Z [1m[92m    Checking[0m glow v0.16.0
2026-10-07T13:36:24.4083125Z [1m[92m   Compiling[0m rav1e v0.8.1
2026-10-07T13:36:24.5279168Z [1m[92m   Compiling[0m pulp v0.22.3
2026-10-07T13:36:24.6109076Z [1m[92m    Checking[0m half v2.7.1
2026-10-07T13:36:24.8889060Z [1m[92m    Checking[0m aligned v0.4.3
2026-10-07T13:36:24.9456006Z [1m[92m   Compiling[0m arg_enum_proc_macro v0.3.4
2026-10-07T13:36:25.3598611Z [1m[92m    Checking[0m miniz_oxide v0.9.1
2026-10-07T13:36:25.6541909Z [1m[92m    Checking[0m no_std_io2 v0.9.4
2026-10-07T13:36:25.6859129Z [1m[92m    Checking[0m nom v8.0.0
2026-10-07T13:36:25.6979615Z [1m[92m   Compiling[0m wgpu-core v28.0.1
2026-10-07T13:36:25.9440129Z [1m[92m   Compiling[0m pastey v0.1.1
2026-10-07T13:36:26.3118966Z [1m[92m   Compiling[0m xml-rs v0.8.29
2026-10-07T13:36:27.2109110Z [1m[92m    Checking[0m quick-error v2.0.1
2026-10-07T13:36:27.2519519Z [1m[92m   Compiling[0m litrs v1.0.0
2026-10-07T13:36:27.8199053Z [1m[92m    Checking[0m y4m v0.8.0
2026-10-07T13:36:28.2379133Z [1m[92m    Checking[0m av1-grain v0.2.5
2026-10-07T13:36:28.3569400Z [1m[92m   Compiling[0m gl_generator v0.14.0
2026-10-07T13:36:28.5978883Z [1m[92m   Compiling[0m document-features v0.2.12
2026-10-07T13:36:28.8731724Z [1m[92m    Checking[0m flate2 v1.1.10
2026-10-07T13:36:28.9759165Z [1m[92m    Checking[0m bitstream-io v4.10.0
2026-10-07T13:36:29.1629580Z [1m[92m    Checking[0m maybe-rayon v0.1.1
2026-10-07T13:36:29.1899230Z [1m[92m   Compiling[0m num-derive v0.4.2
2026-10-07T13:36:29.4859182Z [1m[92m    Checking[0m num-complex v0.4.6
2026-10-07T13:36:29.5035992Z [1m[92m    Checking[0m gpu-allocator v0.28.0
2026-10-07T13:36:29.6949130Z [1m[92m    Checking[0m miniz_oxide v0.8.9
2026-10-07T13:36:29.8349088Z [1m[92m    Checking[0m itertools v0.14.0
2026-10-07T13:36:30.0039256Z [1m[92m   Compiling[0m simd_helpers v0.1.0
2026-10-07T13:36:30.0239298Z [1m[92m   Compiling[0m wgpu v28.0.0
2026-10-07T13:36:30.1757346Z [1m[92m    Checking[0m raw-cpuid v11.6.0
2026-10-07T13:36:30.4678653Z [1m[92m    Checking[0m new_debug_unreachable v1.0.6
2026-10-07T13:36:30.5019340Z [1m[92m    Checking[0m reborrow v0.5.5
2026-10-07T13:36:30.5399653Z [1m[92m    Checking[0m zune-core v0.5.3
2026-10-07T13:36:30.6899552Z [1m[92m   Compiling[0m noop_proc_macro v0.3.0
2026-10-07T13:36:30.8259015Z [1m[92m    Checking[0m weezl v0.1.12
2026-10-07T13:36:31.0109398Z [1m[92m    Checking[0m pulp-wasm-simd-flag v0.1.1
2026-10-07T13:36:31.0410018Z [1m[92m    Checking[0m imgref v1.12.3
2026-10-07T13:36:31.1689332Z [1m[92m    Checking[0m loop9 v0.1.5
2026-10-07T13:36:31.2199474Z [1m[92m    Checking[0m zune-jpeg v0.5.15
2026-10-07T13:36:31.7849183Z [1m[92m   Compiling[0m grafting v0.6.0
2026-10-07T13:36:32.3539635Z [1m[92m    Checking[0m zune-inflate v0.2.54
2026-10-07T13:36:32.4929293Z [1m[92m    Checking[0m fdeflate v0.3.7
2026-10-07T13:36:32.7059182Z [1m[92m    Checking[0m avif-serialize v0.8.9
2026-10-07T13:36:32.8957375Z [1m[92m    Checking[0m color_quant v1.1.0
2026-10-07T13:36:32.9679939Z [1m[92m   Compiling[0m by_address v1.2.1
2026-10-07T13:36:33.0249392Z [1m[92m    Checking[0m lebe v0.5.3
2026-10-07T13:36:33.1369532Z [1m[92m    Checking[0m static_assertions v1.1.0
2026-10-07T13:36:33.1649625Z [1m[92m    Checking[0m fax v0.2.7
2026-10-07T13:36:33.3369027Z [1m[92m   Compiling[0m pkg-config v0.3.34
2026-10-07T13:36:33.8159591Z [1m[92m    Checking[0m rgb v0.8.53
2026-10-07T13:36:34.1029102Z [1m[92m    Checking[0m pxfm v0.1.30
2026-10-07T13:36:34.2739361Z [1m[92m    Checking[0m wgpu-core-deps-windows-linux-android v28.0.0
2026-10-07T13:36:34.9399425Z [1m[92m    Checking[0m byteorder-lite v0.1.0
2026-10-07T13:36:35.0549043Z [1m[92m    Checking[0m bit_field v0.10.3
2026-10-07T13:36:35.1239218Z [1m[92m    Checking[0m image-webp v0.2.4
2026-10-07T13:36:35.1430338Z [1m[92m    Checking[0m exr v1.74.2
2026-10-07T13:36:35.9477145Z [1m[92m    Checking[0m ravif v0.13.0
2026-10-07T13:36:36.1079206Z [1m[92m   Compiling[0m scrying v0.7.2 (/home/runner/work/wgpu-scry/wgpu-scry/scrying)
2026-10-07T13:36:36.1808996Z [1m[92m    Checking[0m moxcms v0.8.1
2026-10-07T13:36:36.2219201Z [1m[92m    Checking[0m tiff v0.11.3
2026-10-07T13:36:37.2349118Z [1m[92m   Compiling[0m palette_derive v0.7.7
2026-10-07T13:36:37.6929697Z [1m[92m    Checking[0m gif v0.14.2
2026-10-07T13:36:37.9499239Z [1m[92m    Checking[0m png v0.18.1
2026-10-07T13:36:38.0449099Z [1m[92m    Checking[0m qoi v0.4.1
2026-10-07T13:36:38.1829277Z [1m[92m    Checking[0m palette_math v0.7.7
2026-10-07T13:36:38.2709805Z [1m[92m    Checking[0m dpi v0.1.2
2026-10-07T13:36:38.3898686Z [1m[92m    Checking[0m palette v0.7.7
2026-10-07T13:36:39.4790756Z [1m[92m    Checking[0m image v0.25.10
2026-10-07T13:36:42.0684896Z [1m[92m    Finished[0m `dev` profile [unoptimized + debuginfo] target(s) in 29.90s
2026-10-07T13:36:42.1495421Z Post job cleanup.
2026-10-07T13:36:42.2391544Z [command]/usr/bin/git version
2026-10-07T13:36:42.2439029Z git version 2.55.0
2026-10-07T13:36:42.2478114Z Temporarily overriding HOME='/home/runner/work/_temp/1e1da688-bcdf-45ec-b343-16352e384b39' before making global git config changes
2026-10-07T13:36:42.2479599Z Adding repository directory to the temporary git global config as a safe directory
2026-10-07T13:36:42.2483498Z [command]/usr/bin/git config --global --add safe.directory /home/runner/work/wgpu-scry/wgpu-scry
2026-10-07T13:36:42.2522962Z [command]/usr/bin/git config --local --name-only --get-regexp core\.sshCommand
2026-10-07T13:36:42.2560415Z [command]/usr/bin/git submodule foreach --recursive sh -c "git config --local --name-only --get-regexp 'core\.sshCommand' && git config --local --unset-all 'core.sshCommand' || :"
2026-10-07T13:36:42.2810528Z [command]/usr/bin/git config --local --name-only --get-regexp http\.https\:\/\/github\.com\/\.extraheader
2026-10-07T13:36:42.2879165Z http.https://github.com/.extraheader
2026-10-07T13:36:42.2880735Z [command]/usr/bin/git config --local --unset-all http.https://github.com/.extraheader
2026-10-07T13:36:42.2920617Z [command]/usr/bin/git submodule foreach --recursive sh -c "git config --local --name-only --get-regexp 'http\.https\:\/\/github\.com\/\.extraheader' && git config --local --unset-all 'http.https://github.com/.extraheader' || :"
2026-10-07T13:36:42.3178734Z [command]/usr/bin/git config --local --name-only --get-regexp ^includeIf\.gitdir:
2026-10-07T13:36:42.3220636Z [command]/usr/bin/git submodule foreach --recursive git config --local --show-origin --name-only --get-regexp remote.origin.url
2026-10-07T13:36:42.3630545Z Cleaning up orphan processes
2026-10-07T13:36:42.3926887Z ##[warning]Node.js 20 is deprecated. The following actions target Node.js 20 but are being forced to run on Node.js 24: actions/checkout@v4. For more information see: https://github.blog/changelog/2025-09-19-deprecation-of-node-20-on-github-actions-runners/
