2026-10-07T00:51:13.0350175Z Current runner version: '2.337.0'
2026-10-07T00:51:13.0359746Z Runner name: 'wgpu-thinkpad-radv'
2026-10-07T00:51:13.0360950Z Runner group name: 'wgpu-hardware'
2026-10-07T00:51:13.0362082Z Machine name: 'thinkpad-l14-f'
2026-10-07T00:51:13.0365838Z ##[group]GITHUB_TOKEN Permissions
2026-10-07T00:51:13.0370609Z Contents: read
2026-10-07T00:51:13.0371527Z Metadata: read
2026-10-07T00:51:13.0372609Z ##[endgroup]
2026-10-07T00:51:13.0376489Z Secret source: Actions
2026-10-07T00:51:13.0378100Z Cache mode: write
2026-10-07T00:51:13.0379446Z Prepare workflow directory
2026-10-07T00:51:13.1206936Z Prepare all required actions
2026-10-07T00:51:13.1263977Z Getting action download info
2026-10-07T00:51:13.4631076Z Download action repository 'actions/checkout@v7' (SHA:3d3c42e5aac5ba805825da76410c181273ba90b1)
2026-10-07T00:51:14.0334587Z Download action repository 'dtolnay/rust-toolchain@1.97.1' (SHA:9ca9f0b320e19763058bc9531663c225d20db487)
2026-10-07T00:51:14.4320354Z Complete job name: RADV WPE to Vulkan pixel gate
2026-10-07T00:51:14.5844696Z ##[group]Run actions/checkout@v7
2026-10-07T00:51:14.5846089Z with:
2026-10-07T00:51:14.5846919Z   repository: merely-made/wgpu-scry
2026-10-07T00:51:14.5856559Z   token: ***
2026-10-07T00:51:14.5857372Z   ssh-strict: true
2026-10-07T00:51:14.5858210Z   ssh-user: git
2026-10-07T00:51:14.5859073Z   persist-credentials: true
2026-10-07T00:51:14.5860127Z   clean: true
2026-10-07T00:51:14.5860988Z   sparse-checkout-cone-mode: true
2026-10-07T00:51:14.5861996Z   fetch-depth: 1
2026-10-07T00:51:14.5862837Z   fetch-tags: false
2026-10-07T00:51:14.5863704Z   show-progress: true
2026-10-07T00:51:14.5864573Z   lfs: false
2026-10-07T00:51:14.5865381Z   submodules: false
2026-10-07T00:51:14.5866252Z   set-safe-directory: true
2026-10-07T00:51:14.5867238Z   allow-unsafe-pr-checkout: false
2026-10-07T00:51:14.5868571Z env:
2026-10-07T00:51:14.5869388Z   CARGO_NET_GIT_FETCH_WITH_CLI: true
2026-10-07T00:51:14.5870555Z   RUSTFLAGS: -D warnings
2026-10-07T00:51:14.5871817Z   CARGO_TARGET_DIR: /home/markik/Code/targets/wgpu-scry-hardware
2026-10-07T00:51:14.5873185Z   XDG_RUNTIME_DIR: /run/user/1000
2026-10-07T00:51:14.5874237Z   WAYLAND_DISPLAY: wayland-0
2026-10-07T00:51:14.5875174Z   DISPLAY: 
2026-10-07T00:51:14.5876141Z   DBUS_SESSION_BUS_ADDRESS: unix:path=/run/user/1000/bus
2026-10-07T00:51:14.5877371Z   XDG_SESSION_TYPE: wayland
2026-10-07T00:51:14.5878320Z   XDG_CURRENT_DESKTOP: GNOME
2026-10-07T00:51:14.5879297Z   WGPU_BACKEND: vulkan
2026-10-07T00:51:14.5880303Z ##[endgroup]
2026-10-07T00:51:14.7183823Z Syncing repository: merely-made/wgpu-scry
2026-10-07T00:51:14.7189235Z ##[group]Getting Git version info
2026-10-07T00:51:14.7191469Z Working directory is '/home/markik/actions-runner-wgpu/_work/wgpu-scry/wgpu-scry'
2026-10-07T00:51:14.7194112Z [command]/usr/bin/git version
2026-10-07T00:51:14.7195292Z git version 2.55.0
2026-10-07T00:51:14.7199319Z ##[endgroup]
2026-10-07T00:51:14.7206523Z Copying '/home/markik/.gitconfig' to '/home/markik/actions-runner-wgpu/_work/_temp/0c8d2306-b230-4024-8da1-89ee2882eb68/.gitconfig'
2026-10-07T00:51:14.7210257Z Temporarily overriding HOME='/home/markik/actions-runner-wgpu/_work/_temp/0c8d2306-b230-4024-8da1-89ee2882eb68' before making global git config changes
2026-10-07T00:51:14.7213174Z Adding repository directory to the temporary git global config as a safe directory
2026-10-07T00:51:14.7215718Z [command]/usr/bin/git config --global --add safe.directory /home/markik/actions-runner-wgpu/_work/wgpu-scry/wgpu-scry
2026-10-07T00:51:14.7254810Z [command]/usr/bin/git config --local --get remote.origin.url
2026-10-07T00:51:14.7291721Z https://github.com/merely-made/wgpu-scry
2026-10-07T00:51:14.7307556Z ##[group]Removing previously created refs, to avoid conflicts
2026-10-07T00:51:14.7309986Z [command]/usr/bin/git rev-parse --symbolic-full-name --verify --quiet HEAD
2026-10-07T00:51:14.7344679Z refs/heads/main
2026-10-07T00:51:14.7354933Z [command]/usr/bin/git checkout --detach
2026-10-07T00:51:14.7416260Z HEAD is now at f952abc Preserve pending ScreenCaptureKit images across status callbacks
2026-10-07T00:51:14.7482929Z [command]/usr/bin/git branch --delete --force main
2026-10-07T00:51:14.7520023Z Deleted branch main (was f952abc).
2026-10-07T00:51:14.7638243Z ##[endgroup]
2026-10-07T00:51:14.7639675Z [command]/usr/bin/git submodule status
2026-10-07T00:51:14.8008654Z ##[group]Cleaning the repository
2026-10-07T00:51:14.8010023Z [command]/usr/bin/git clean -ffdx
2026-10-07T00:51:14.8071164Z Removing .host-hardware-lock/
2026-10-07T00:51:14.8082518Z [command]/usr/bin/git reset --hard HEAD
2026-10-07T00:51:14.8142414Z HEAD is now at f952abc Preserve pending ScreenCaptureKit images across status callbacks
2026-10-07T00:51:14.8146924Z ##[endgroup]
2026-10-07T00:51:14.8148637Z ##[group]Disabling automatic garbage collection
2026-10-07T00:51:14.8153093Z [command]/usr/bin/git config --local gc.auto 0
2026-10-07T00:51:14.8198284Z ##[endgroup]
2026-10-07T00:51:14.8199891Z ##[group]Setting up auth
2026-10-07T00:51:14.8200938Z Removing SSH command configuration
2026-10-07T00:51:14.8206481Z [command]/usr/bin/git config --local --name-only --get-regexp core\.sshCommand
2026-10-07T00:51:14.8274339Z [command]/usr/bin/git submodule foreach --recursive sh -c "git config --local --name-only --get-regexp 'core\.sshCommand' && git config --local --unset-all 'core.sshCommand' || :"
2026-10-07T00:51:14.8647516Z Removing HTTP extra header
2026-10-07T00:51:14.8650235Z [command]/usr/bin/git config --local --name-only --get-regexp http\.https\:\/\/github\.com\/\.extraheader
2026-10-07T00:51:14.8691787Z [command]/usr/bin/git submodule foreach --recursive sh -c "git config --local --name-only --get-regexp 'http\.https\:\/\/github\.com\/\.extraheader' && git config --local --unset-all 'http.https://github.com/.extraheader' || :"
2026-10-07T00:51:14.9115956Z Removing includeIf entries pointing to credentials config files
2026-10-07T00:51:14.9120551Z [command]/usr/bin/git config --local --name-only --get-regexp ^includeIf\.gitdir:
2026-10-07T00:51:14.9167194Z [command]/usr/bin/git submodule foreach --recursive git config --local --show-origin --name-only --get-regexp remote.origin.url
2026-10-07T00:51:14.9558768Z [command]/usr/bin/git config --file /home/markik/actions-runner-wgpu/_work/_temp/git-credentials-f52c9976-f248-48b0-adac-56f0c2c4224d.config http.https://github.com/.extraheader AUTHORIZATION: basic ***
2026-10-07T00:51:14.9620679Z [command]/usr/bin/git config --local includeIf.gitdir:/home/markik/actions-runner-wgpu/_work/wgpu-scry/wgpu-scry/.git.path /home/markik/actions-runner-wgpu/_work/_temp/git-credentials-f52c9976-f248-48b0-adac-56f0c2c4224d.config
2026-10-07T00:51:14.9663295Z [command]/usr/bin/git config --local includeIf.gitdir:/home/markik/actions-runner-wgpu/_work/wgpu-scry/wgpu-scry/.git/worktrees/*.path /home/markik/actions-runner-wgpu/_work/_temp/git-credentials-f52c9976-f248-48b0-adac-56f0c2c4224d.config
2026-10-07T00:51:14.9720304Z [command]/usr/bin/git config --local includeIf.gitdir:/github/workspace/.git.path /github/runner_temp/git-credentials-f52c9976-f248-48b0-adac-56f0c2c4224d.config
2026-10-07T00:51:14.9759953Z [command]/usr/bin/git config --local includeIf.gitdir:/github/workspace/.git/worktrees/*.path /github/runner_temp/git-credentials-f52c9976-f248-48b0-adac-56f0c2c4224d.config
2026-10-07T00:51:14.9820427Z ##[endgroup]
2026-10-07T00:51:14.9822333Z ##[group]Fetching the repository
2026-10-07T00:51:14.9829051Z [command]/usr/bin/git -c protocol.version=2 fetch --no-tags --prune --no-recurse-submodules --depth=1 origin +550b9fb86c272f6ad9949734023288dd0eb1b90b:refs/remotes/origin/main
2026-10-07T00:51:15.4338277Z From https://github.com/merely-made/wgpu-scry
2026-10-07T00:51:15.4343488Z  + f952abc...550b9fb 550b9fb86c272f6ad9949734023288dd0eb1b90b -> origin/main  (forced update)
2026-10-07T00:51:15.4352086Z [command]/usr/bin/git branch --list --remote origin/main
2026-10-07T00:51:15.4391840Z   origin/main
2026-10-07T00:51:15.4403977Z [command]/usr/bin/git rev-parse refs/remotes/origin/main
2026-10-07T00:51:15.4440113Z 550b9fb86c272f6ad9949734023288dd0eb1b90b
2026-10-07T00:51:15.4446759Z ##[endgroup]
2026-10-07T00:51:15.4449048Z ##[group]Determining the checkout info
2026-10-07T00:51:15.4451663Z ##[endgroup]
2026-10-07T00:51:15.4453265Z [command]/usr/bin/git sparse-checkout disable
2026-10-07T00:51:15.4518415Z [command]/usr/bin/git config --local --unset-all extensions.worktreeConfig
2026-10-07T00:51:15.4568696Z ##[group]Checking out the ref
2026-10-07T00:51:15.4573013Z [command]/usr/bin/git checkout --progress --force -B main refs/remotes/origin/main
2026-10-07T00:51:15.4652719Z Warning: you are leaving 1 commit behind, not connected to
2026-10-07T00:51:15.4655865Z any of your branches:
2026-10-07T00:51:15.4657249Z 
2026-10-07T00:51:15.4659089Z   f952abc Preserve pending ScreenCaptureKit images across status callbacks
2026-10-07T00:51:15.4661142Z 
2026-10-07T00:51:15.4661891Z If you want to keep it by creating a new branch, this may be a good time
2026-10-07T00:51:15.4663519Z to do so with:
2026-10-07T00:51:15.4664017Z 
2026-10-07T00:51:15.4664976Z  git branch <new-branch-name> f952abc
2026-10-07T00:51:15.4665727Z 
2026-10-07T00:51:15.4666201Z Switched to a new branch 'main'
2026-10-07T00:51:15.4667330Z branch 'main' set up to track 'origin/main'.
2026-10-07T00:51:15.4671981Z ##[endgroup]
2026-10-07T00:51:15.4725143Z [command]/usr/bin/git log -1 --format=%H
2026-10-07T00:51:15.4762147Z 550b9fb86c272f6ad9949734023288dd0eb1b90b
2026-10-07T00:51:15.5219649Z ##[group]Run actions/checkout@v7
2026-10-07T00:51:15.5220773Z with:
2026-10-07T00:51:15.5221648Z   repository: merely-made/wgpu-graft
2026-10-07T00:51:15.5222806Z   ref: 781aa6aad3f63b83ad48b192a6a5d078be1d71b8
2026-10-07T00:51:15.5223981Z   path: .host-hardware-lock
2026-10-07T00:51:15.5225109Z   sparse-checkout: .github/actions/host-hardware-lock
2026-10-07T00:51:15.5226392Z   sparse-checkout-cone-mode: false
2026-10-07T00:51:15.5236371Z   token: ***
2026-10-07T00:51:15.5237360Z   ssh-strict: true
2026-10-07T00:51:15.5238226Z   ssh-user: git
2026-10-07T00:51:15.5239104Z   persist-credentials: true
2026-10-07T00:51:15.5240198Z   clean: true
2026-10-07T00:51:15.5241099Z   fetch-depth: 1
2026-10-07T00:51:15.5241962Z   fetch-tags: false
2026-10-07T00:51:15.5242842Z   show-progress: true
2026-10-07T00:51:15.5243729Z   lfs: false
2026-10-07T00:51:15.5244559Z   submodules: false
2026-10-07T00:51:15.5245472Z   set-safe-directory: true
2026-10-07T00:51:15.5246547Z   allow-unsafe-pr-checkout: false
2026-10-07T00:51:15.5247572Z env:
2026-10-07T00:51:15.5248407Z   CARGO_NET_GIT_FETCH_WITH_CLI: true
2026-10-07T00:51:15.5249568Z   RUSTFLAGS: -D warnings
2026-10-07T00:51:15.5250792Z   CARGO_TARGET_DIR: /home/markik/Code/targets/wgpu-scry-hardware
2026-10-07T00:51:15.5252169Z   XDG_RUNTIME_DIR: /run/user/1000
2026-10-07T00:51:15.5253212Z   WAYLAND_DISPLAY: wayland-0
2026-10-07T00:51:15.5254179Z   DISPLAY: 
2026-10-07T00:51:15.5255179Z   DBUS_SESSION_BUS_ADDRESS: unix:path=/run/user/1000/bus
2026-10-07T00:51:15.5256466Z   XDG_SESSION_TYPE: wayland
2026-10-07T00:51:15.5257450Z   XDG_CURRENT_DESKTOP: GNOME
2026-10-07T00:51:15.5258435Z   WGPU_BACKEND: vulkan
2026-10-07T00:51:15.5259352Z ##[endgroup]
2026-10-07T00:51:15.6227031Z Syncing repository: merely-made/wgpu-graft
2026-10-07T00:51:15.6228925Z ##[group]Getting Git version info
2026-10-07T00:51:15.6230883Z Working directory is '/home/markik/actions-runner-wgpu/_work/wgpu-scry/wgpu-scry/.host-hardware-lock'
2026-10-07T00:51:15.6244836Z [command]/usr/bin/git version
2026-10-07T00:51:15.6296277Z git version 2.55.0
2026-10-07T00:51:15.6319357Z ##[endgroup]
2026-10-07T00:51:15.6325469Z Copying '/home/markik/.gitconfig' to '/home/markik/actions-runner-wgpu/_work/_temp/f3ed84de-2952-4d26-b609-ca2812c17ec0/.gitconfig'
2026-10-07T00:51:15.6340293Z Temporarily overriding HOME='/home/markik/actions-runner-wgpu/_work/_temp/f3ed84de-2952-4d26-b609-ca2812c17ec0' before making global git config changes
2026-10-07T00:51:15.6343230Z Adding repository directory to the temporary git global config as a safe directory
2026-10-07T00:51:15.6357420Z [command]/usr/bin/git config --global --add safe.directory /home/markik/actions-runner-wgpu/_work/wgpu-scry/wgpu-scry/.host-hardware-lock
2026-10-07T00:51:15.6414113Z ##[group]Determining repository object format
2026-10-07T00:51:15.6415841Z ##[endgroup]
2026-10-07T00:51:15.6417328Z ##[group]Initializing the repository
2026-10-07T00:51:15.6423251Z [command]/usr/bin/git init /home/markik/actions-runner-wgpu/_work/wgpu-scry/wgpu-scry/.host-hardware-lock
2026-10-07T00:51:15.6489365Z hint: Using 'master' as the name for the initial branch. This default branch name
2026-10-07T00:51:15.6496118Z hint: will change to "main" in Git 3.0. To configure the initial branch name
2026-10-07T00:51:15.6502439Z hint: to use in all of your new repositories, which will suppress this warning,
2026-10-07T00:51:15.6505134Z hint: call:
2026-10-07T00:51:15.6506183Z hint:
2026-10-07T00:51:15.6507481Z hint: 	git config --global init.defaultBranch <name>
2026-10-07T00:51:15.6509156Z hint:
2026-10-07T00:51:15.6510817Z hint: Names commonly chosen instead of 'master' are 'main', 'trunk' and
2026-10-07T00:51:15.6513068Z hint: 'development'. The just-created branch can be renamed via this command:
2026-10-07T00:51:15.6514919Z hint:
2026-10-07T00:51:15.6515949Z hint: 	git branch -m <name>
2026-10-07T00:51:15.6517107Z hint:
2026-10-07T00:51:15.6518622Z hint: Disable this message with "git config set advice.defaultBranchName false"
2026-10-07T00:51:15.6522524Z Initialized empty Git repository in /home/markik/actions-runner-wgpu/_work/wgpu-scry/wgpu-scry/.host-hardware-lock/.git/
2026-10-07T00:51:15.6526373Z [command]/usr/bin/git remote add origin https://github.com/merely-made/wgpu-graft
2026-10-07T00:51:15.6567930Z ##[endgroup]
2026-10-07T00:51:15.6573074Z ##[group]Disabling automatic garbage collection
2026-10-07T00:51:15.6575515Z [command]/usr/bin/git config --local gc.auto 0
2026-10-07T00:51:15.6625394Z ##[endgroup]
2026-10-07T00:51:15.6627511Z ##[group]Setting up auth
2026-10-07T00:51:15.6629045Z Removing SSH command configuration
2026-10-07T00:51:15.6641857Z [command]/usr/bin/git config --local --name-only --get-regexp core\.sshCommand
2026-10-07T00:51:15.6690229Z [command]/usr/bin/git submodule foreach --recursive sh -c "git config --local --name-only --get-regexp 'core\.sshCommand' && git config --local --unset-all 'core.sshCommand' || :"
2026-10-07T00:51:15.7074605Z Removing HTTP extra header
2026-10-07T00:51:15.7078891Z [command]/usr/bin/git config --local --name-only --get-regexp http\.https\:\/\/github\.com\/\.extraheader
2026-10-07T00:51:15.7132549Z [command]/usr/bin/git submodule foreach --recursive sh -c "git config --local --name-only --get-regexp 'http\.https\:\/\/github\.com\/\.extraheader' && git config --local --unset-all 'http.https://github.com/.extraheader' || :"
2026-10-07T00:51:15.7515011Z Removing includeIf entries pointing to credentials config files
2026-10-07T00:51:15.7517524Z [command]/usr/bin/git config --local --name-only --get-regexp ^includeIf\.gitdir:
2026-10-07T00:51:15.7563505Z [command]/usr/bin/git submodule foreach --recursive git config --local --show-origin --name-only --get-regexp remote.origin.url
2026-10-07T00:51:15.7944419Z [command]/usr/bin/git config --file /home/markik/actions-runner-wgpu/_work/_temp/git-credentials-649f4e51-66bf-430a-a048-8ae2aaf9251c.config http.https://github.com/.extraheader AUTHORIZATION: basic ***
2026-10-07T00:51:15.8014048Z [command]/usr/bin/git config --local includeIf.gitdir:/home/markik/actions-runner-wgpu/_work/wgpu-scry/wgpu-scry/.host-hardware-lock/.git.path /home/markik/actions-runner-wgpu/_work/_temp/git-credentials-649f4e51-66bf-430a-a048-8ae2aaf9251c.config
2026-10-07T00:51:15.8073642Z [command]/usr/bin/git config --local includeIf.gitdir:/home/markik/actions-runner-wgpu/_work/wgpu-scry/wgpu-scry/.host-hardware-lock/.git/worktrees/*.path /home/markik/actions-runner-wgpu/_work/_temp/git-credentials-649f4e51-66bf-430a-a048-8ae2aaf9251c.config
2026-10-07T00:51:15.8122843Z [command]/usr/bin/git config --local includeIf.gitdir:/github/workspace/.host-hardware-lock/.git.path /github/runner_temp/git-credentials-649f4e51-66bf-430a-a048-8ae2aaf9251c.config
2026-10-07T00:51:15.8174802Z [command]/usr/bin/git config --local includeIf.gitdir:/github/workspace/.host-hardware-lock/.git/worktrees/*.path /github/runner_temp/git-credentials-649f4e51-66bf-430a-a048-8ae2aaf9251c.config
2026-10-07T00:51:15.8221993Z ##[endgroup]
2026-10-07T00:51:15.8226629Z ##[group]Fetching the repository
2026-10-07T00:51:15.8230766Z [command]/usr/bin/git -c protocol.version=2 fetch --no-tags --prune --no-recurse-submodules --filter=blob:none --depth=1 origin 781aa6aad3f63b83ad48b192a6a5d078be1d71b8
2026-10-07T00:51:16.2178602Z From https://github.com/merely-made/wgpu-graft
2026-10-07T00:51:16.2179276Z  * branch            781aa6aad3f63b83ad48b192a6a5d078be1d71b8 -> FETCH_HEAD
2026-10-07T00:51:16.2194622Z [command]/usr/bin/git rev-parse --verify --quiet 781aa6aad3f63b83ad48b192a6a5d078be1d71b8^{object}
2026-10-07T00:51:16.2233685Z 781aa6aad3f63b83ad48b192a6a5d078be1d71b8
2026-10-07T00:51:16.2238345Z ##[endgroup]
2026-10-07T00:51:16.2240092Z ##[group]Determining the checkout info
2026-10-07T00:51:16.2241616Z ##[endgroup]
2026-10-07T00:51:16.2242985Z ##[group]Setting up sparse checkout
2026-10-07T00:51:16.2244283Z [command]/usr/bin/git config core.sparseCheckout true
2026-10-07T00:51:16.2291330Z [command]/usr/bin/git rev-parse --git-path info/sparse-checkout
2026-10-07T00:51:16.2332251Z .git/info/sparse-checkout
2026-10-07T00:51:16.2342448Z ##[endgroup]
2026-10-07T00:51:16.2343933Z ##[group]Checking out the ref
2026-10-07T00:51:16.2345370Z [command]/usr/bin/git checkout --progress --force 781aa6aad3f63b83ad48b192a6a5d078be1d71b8
2026-10-07T00:51:16.8924064Z Note: switching to '781aa6aad3f63b83ad48b192a6a5d078be1d71b8'.
2026-10-07T00:51:16.8925053Z 
2026-10-07T00:51:16.8925804Z You are in 'detached HEAD' state. You can look around, make experimental
2026-10-07T00:51:16.8926952Z changes and commit them, and you can discard any commits you make in this
2026-10-07T00:51:16.8928085Z state without impacting any branches by switching back to a branch.
2026-10-07T00:51:16.8928726Z 
2026-10-07T00:51:16.8929250Z If you want to create a new branch to retain commits you create, you may
2026-10-07T00:51:16.8930659Z do so (now or later) by using -c with the switch command. Example:
2026-10-07T00:51:16.8931252Z 
2026-10-07T00:51:16.8931533Z   git switch -c <new-branch-name>
2026-10-07T00:51:16.8931942Z 
2026-10-07T00:51:16.8932195Z Or undo this operation with:
2026-10-07T00:51:16.8932609Z 
2026-10-07T00:51:16.8932825Z   git switch -
2026-10-07T00:51:16.8933114Z 
2026-10-07T00:51:16.8933683Z Turn off this advice by setting config variable advice.detachedHead to false
2026-10-07T00:51:16.8934572Z 
2026-10-07T00:51:16.8935054Z HEAD is now at 781aa6a Document-node24-host-lock
2026-10-07T00:51:16.8955146Z ##[endgroup]
2026-10-07T00:51:16.8995681Z [command]/usr/bin/git log -1 --format=%H
2026-10-07T00:51:16.9039990Z 781aa6aad3f63b83ad48b192a6a5d078be1d71b8
2026-10-07T00:51:16.9279463Z ##[group]Run ./.host-hardware-lock/.github/actions/host-hardware-lock
2026-10-07T00:51:16.9279996Z with:
2026-10-07T00:51:16.9280244Z   timeout_seconds: 7200
2026-10-07T00:51:16.9280504Z   stale_seconds: 14400
2026-10-07T00:51:16.9280730Z   poll_seconds: 5
2026-10-07T00:51:16.9280942Z env:
2026-10-07T00:51:16.9281159Z   CARGO_NET_GIT_FETCH_WITH_CLI: true
2026-10-07T00:51:16.9281453Z   RUSTFLAGS: -D warnings
2026-10-07T00:51:16.9281776Z   CARGO_TARGET_DIR: /home/markik/Code/targets/wgpu-scry-hardware
2026-10-07T00:51:16.9282149Z   XDG_RUNTIME_DIR: /run/user/1000
2026-10-07T00:51:16.9282429Z   WAYLAND_DISPLAY: wayland-0
2026-10-07T00:51:16.9290375Z   DISPLAY: 
2026-10-07T00:51:16.9290680Z   DBUS_SESSION_BUS_ADDRESS: unix:path=/run/user/1000/bus
2026-10-07T00:51:16.9291037Z   XDG_SESSION_TYPE: wayland
2026-10-07T00:51:16.9291304Z   XDG_CURRENT_DESKTOP: GNOME
2026-10-07T00:51:16.9291568Z   WGPU_BACKEND: vulkan
2026-10-07T00:51:16.9291812Z ##[endgroup]
2026-10-07T00:51:16.9647530Z Acquired host hardware lock at /tmp/merely-wgpu-hardware-lock/host.lock
2026-10-07T00:51:16.9920498Z ##[group]Run dtolnay/rust-toolchain@1.97.1
2026-10-07T00:51:16.9921012Z with:
2026-10-07T00:51:16.9921643Z env:
2026-10-07T00:51:16.9921971Z   CARGO_NET_GIT_FETCH_WITH_CLI: true
2026-10-07T00:51:16.9922406Z   RUSTFLAGS: -D warnings
2026-10-07T00:51:16.9922908Z   CARGO_TARGET_DIR: /home/markik/Code/targets/wgpu-scry-hardware
2026-10-07T00:51:16.9923493Z   XDG_RUNTIME_DIR: /run/user/1000
2026-10-07T00:51:16.9923915Z   WAYLAND_DISPLAY: wayland-0
2026-10-07T00:51:16.9924307Z   DISPLAY: 
2026-10-07T00:51:16.9924720Z   DBUS_SESSION_BUS_ADDRESS: unix:path=/run/user/1000/bus
2026-10-07T00:51:16.9925189Z   XDG_SESSION_TYPE: wayland
2026-10-07T00:51:16.9925532Z   XDG_CURRENT_DESKTOP: GNOME
2026-10-07T00:51:16.9925921Z   WGPU_BACKEND: vulkan
2026-10-07T00:51:16.9926257Z ##[endgroup]
2026-10-07T00:51:17.0013267Z ##[start-action display=Parse toolchain version;id=__dtolnay_rust-toolchain.parse]
2026-10-07T00:51:17.0086990Z ##[group]Run if [[ -z $toolchain ]]; then
2026-10-07T00:51:17.0087501Z [36;1mif [[ -z $toolchain ]]; then[0m
2026-10-07T00:51:17.0088050Z [36;1m  # GitHub does not enforce `required: true` inputs itself. https://github.com/actions/runner/issues/1070[0m
2026-10-07T00:51:17.0088618Z [36;1m  echo "'toolchain' is a required input" >&2[0m
2026-10-07T00:51:17.0088927Z [36;1m  exit 1[0m
2026-10-07T00:51:17.0089269Z [36;1melif [[ $toolchain =~ ^stable' '[0-9]+' '(year|month|week|day)s?' 'ago$ ]]; then[0m
2026-10-07T00:51:17.0089804Z [36;1m  if [[ Linux == macOS ]]; then[0m
2026-10-07T00:51:17.0090333Z [36;1m    echo "toolchain=1.$((($(date -v-$(sed 's/stable \([0-9]*\) \(.\).*/\1\2/' <<< $toolchain) +%s)/60/60/24-16569)/7/6))" >> $GITHUB_OUTPUT[0m
2026-10-07T00:51:17.0090864Z [36;1m  else[0m
2026-10-07T00:51:17.0091274Z [36;1m    echo "toolchain=1.$((($(date --date "${toolchain#stable }" +%s)/60/60/24-16569)/7/6))" >> $GITHUB_OUTPUT[0m
2026-10-07T00:51:17.0091742Z [36;1m  fi[0m
2026-10-07T00:51:17.0092058Z [36;1melif [[ $toolchain =~ ^stable' 'minus' '[0-9]+' 'releases?$ ]]; then[0m
2026-10-07T00:51:17.0092598Z [36;1m  echo "toolchain=1.$((($(date +%s)/60/60/24-16569)/7/6-${toolchain//[^0-9]/}))" >> $GITHUB_OUTPUT[0m
2026-10-07T00:51:17.0093082Z [36;1melif [[ $toolchain =~ ^1\.[0-9]+$ ]]; then[0m
2026-10-07T00:51:17.0093617Z [36;1m  echo "toolchain=1.$((i=${toolchain#1.}, c=($(date +%s)/60/60/24-16569)/7/6, i+9*i*(10*i<=c)+90*i*(100*i<=c)))" >> $GITHUB_OUTPUT[0m
2026-10-07T00:51:17.0094132Z [36;1melse[0m
2026-10-07T00:51:17.0094398Z [36;1m  echo "toolchain=$toolchain" >> $GITHUB_OUTPUT[0m
2026-10-07T00:51:17.0094711Z [36;1mfi[0m
2026-10-07T00:51:17.0121819Z shell: /usr/bin/bash --noprofile --norc -e -o pipefail {0}
2026-10-07T00:51:17.0122229Z env:
2026-10-07T00:51:17.0122452Z   CARGO_NET_GIT_FETCH_WITH_CLI: true
2026-10-07T00:51:17.0122741Z   RUSTFLAGS: -D warnings
2026-10-07T00:51:17.0123068Z   CARGO_TARGET_DIR: /home/markik/Code/targets/wgpu-scry-hardware
2026-10-07T00:51:17.0123434Z   XDG_RUNTIME_DIR: /run/user/1000
2026-10-07T00:51:17.0123724Z   WAYLAND_DISPLAY: wayland-0
2026-10-07T00:51:17.0123971Z   DISPLAY: 
2026-10-07T00:51:17.0124234Z   DBUS_SESSION_BUS_ADDRESS: unix:path=/run/user/1000/bus
2026-10-07T00:51:17.0124596Z   XDG_SESSION_TYPE: wayland
2026-10-07T00:51:17.0124850Z   XDG_CURRENT_DESKTOP: GNOME
2026-10-07T00:51:17.0125099Z   WGPU_BACKEND: vulkan
2026-10-07T00:51:17.0125330Z   toolchain: 1.97.1
2026-10-07T00:51:17.0125548Z ##[endgroup]
2026-10-07T00:51:17.0248816Z ##[end-action id=__dtolnay_rust-toolchain.parse;outcome=success;conclusion=success;duration_ms=23]
2026-10-07T00:51:17.0268317Z ##[start-action display=Construct rustup command line;id=__dtolnay_rust-toolchain.flags]
2026-10-07T00:51:17.0325883Z ##[group]Run echo "targets=$(for t in ${targets//,/ }; do echo -n ' --target' $t; done)" >> $GITHUB_OUTPUT
2026-10-07T00:51:17.0326587Z [36;1mecho "targets=$(for t in ${targets//,/ }; do echo -n ' --target' $t; done)" >> $GITHUB_OUTPUT[0m
2026-10-07T00:51:17.0327566Z [36;1mecho "components=$(for c in ${components//,/ }; do echo -n ' --component' $c; done)" >> $GITHUB_OUTPUT[0m
2026-10-07T00:51:17.0328077Z [36;1mecho "downgrade=" >> $GITHUB_OUTPUT[0m
2026-10-07T00:51:17.0348679Z shell: /usr/bin/bash --noprofile --norc -e -o pipefail {0}
2026-10-07T00:51:17.0349078Z env:
2026-10-07T00:51:17.0349305Z   CARGO_NET_GIT_FETCH_WITH_CLI: true
2026-10-07T00:51:17.0349688Z   RUSTFLAGS: -D warnings
2026-10-07T00:51:17.0350016Z   CARGO_TARGET_DIR: /home/markik/Code/targets/wgpu-scry-hardware
2026-10-07T00:51:17.0350410Z   XDG_RUNTIME_DIR: /run/user/1000
2026-10-07T00:51:17.0350700Z   WAYLAND_DISPLAY: wayland-0
2026-10-07T00:51:17.0350959Z   DISPLAY: 
2026-10-07T00:51:17.0351228Z   DBUS_SESSION_BUS_ADDRESS: unix:path=/run/user/1000/bus
2026-10-07T00:51:17.0351563Z   XDG_SESSION_TYPE: wayland
2026-10-07T00:51:17.0351824Z   XDG_CURRENT_DESKTOP: GNOME
2026-10-07T00:51:17.0352083Z   WGPU_BACKEND: vulkan
2026-10-07T00:51:17.0352308Z   targets: 
2026-10-07T00:51:17.0352514Z   components: 
2026-10-07T00:51:17.0352727Z ##[endgroup]
2026-10-07T00:51:17.0429045Z ##[end-action id=__dtolnay_rust-toolchain.flags;outcome=success;conclusion=success;duration_ms=15]
2026-10-07T00:51:17.0432271Z ##[start-action display=Set $CARGO_HOME;id=__dtolnay_rust-toolchain.__run]
2026-10-07T00:51:17.0489072Z ##[group]Run echo CARGO_HOME=${CARGO_HOME:-"$HOME/.cargo"} >> $GITHUB_ENV
2026-10-07T00:51:17.0489776Z [36;1mecho CARGO_HOME=${CARGO_HOME:-"$HOME/.cargo"} >> $GITHUB_ENV[0m
2026-10-07T00:51:17.0511261Z shell: /usr/bin/bash --noprofile --norc -e -o pipefail {0}
2026-10-07T00:51:17.0511638Z env:
2026-10-07T00:51:17.0511908Z   CARGO_NET_GIT_FETCH_WITH_CLI: true
2026-10-07T00:51:17.0512297Z   RUSTFLAGS: -D warnings
2026-10-07T00:51:17.0512797Z   CARGO_TARGET_DIR: /home/markik/Code/targets/wgpu-scry-hardware
2026-10-07T00:51:17.0513251Z   XDG_RUNTIME_DIR: /run/user/1000
2026-10-07T00:51:17.0513612Z   WAYLAND_DISPLAY: wayland-0
2026-10-07T00:51:17.0513916Z   DISPLAY: 
2026-10-07T00:51:17.0514189Z   DBUS_SESSION_BUS_ADDRESS: unix:path=/run/user/1000/bus
2026-10-07T00:51:17.0514610Z   XDG_SESSION_TYPE: wayland
2026-10-07T00:51:17.0514985Z   XDG_CURRENT_DESKTOP: GNOME
2026-10-07T00:51:17.0515364Z   WGPU_BACKEND: vulkan
2026-10-07T00:51:17.0515605Z ##[endgroup]
2026-10-07T00:51:17.0584511Z ##[end-action id=__dtolnay_rust-toolchain.__run;outcome=success;conclusion=success;duration_ms=15]
2026-10-07T00:51:17.0588341Z ##[start-action display=Install rustup if needed;id=__dtolnay_rust-toolchain.__run_2]
2026-10-07T00:51:17.0674767Z ##[group]Run if ! command -v rustup &>/dev/null; then
2026-10-07T00:51:17.0675203Z [36;1mif ! command -v rustup &>/dev/null; then[0m
2026-10-07T00:51:17.0675986Z [36;1m  curl --proto '=https' --tlsv1.2 --retry 10 --retry-connrefused --location --silent --show-error --fail https://sh.rustup.rs | sh -s -- --default-toolchain none -y[0m
2026-10-07T00:51:17.0677028Z [36;1m  echo "$CARGO_HOME/bin" >> $GITHUB_PATH[0m
2026-10-07T00:51:17.0677332Z [36;1mfi[0m
2026-10-07T00:51:17.0699044Z shell: /usr/bin/bash --noprofile --norc -e -o pipefail {0}
2026-10-07T00:51:17.0699620Z env:
2026-10-07T00:51:17.0699861Z   CARGO_NET_GIT_FETCH_WITH_CLI: true
2026-10-07T00:51:17.0700231Z   RUSTFLAGS: -D warnings
2026-10-07T00:51:17.0700680Z   CARGO_TARGET_DIR: /home/markik/Code/targets/wgpu-scry-hardware
2026-10-07T00:51:17.0701090Z   XDG_RUNTIME_DIR: /run/user/1000
2026-10-07T00:51:17.0701380Z   WAYLAND_DISPLAY: wayland-0
2026-10-07T00:51:17.0701632Z   DISPLAY: 
2026-10-07T00:51:17.0701908Z   DBUS_SESSION_BUS_ADDRESS: unix:path=/run/user/1000/bus
2026-10-07T00:51:17.0702242Z   XDG_SESSION_TYPE: wayland
2026-10-07T00:51:17.0702498Z   XDG_CURRENT_DESKTOP: GNOME
2026-10-07T00:51:17.0702750Z   WGPU_BACKEND: vulkan
2026-10-07T00:51:17.0702989Z   CARGO_HOME: /home/markik/.cargo
2026-10-07T00:51:17.0703253Z ##[endgroup]
2026-10-07T00:51:17.5973618Z info: downloading installer
2026-10-07T00:51:18.6605012Z warn: it looks like you have an existing rustup settings file at:
2026-10-07T00:51:18.6606265Z warn: /home/markik/.rustup/settings.toml
2026-10-07T00:51:18.6607998Z warn: rustup will install the default toolchain as specified in the settings file,
2026-10-07T00:51:18.6609121Z warn: instead of the one inferred from the default host tuple.
2026-10-07T00:51:18.6816627Z info: profile set to default
2026-10-07T00:51:18.6817132Z info: default host tuple is x86_64-unknown-linux-gnu
2026-10-07T00:51:18.6817457Z 
2026-10-07T00:51:18.6817651Z info: skipping toolchain installation
2026-10-07T00:51:18.6817911Z 
2026-10-07T00:51:18.6818084Z Rust is installed now. Great!
2026-10-07T00:51:18.6818310Z 
2026-10-07T00:51:18.6818527Z To get started you may need to restart your current shell.
2026-10-07T00:51:18.6819062Z This would reload your PATH environment variable to include
2026-10-07T00:51:18.6819435Z Cargo's bin directory ($HOME/.cargo/bin).
2026-10-07T00:51:18.6819767Z 
2026-10-07T00:51:18.6819914Z To configure your current shell, you need to source the
2026-10-07T00:51:18.6820265Z corresponding env file under $HOME/.cargo.
2026-10-07T00:51:18.6820510Z 
2026-10-07T00:51:18.6820800Z Consider running the right command for your shell (note the leading DOT):
2026-10-07T00:51:18.6821246Z . "$HOME/.cargo/env" # For sh/ash/dash/pdksh/bash
2026-10-07T00:51:18.6821644Z cargo:rerun-if-env-changed=CC_x86_64-unknown-linux-gnu
2026-10-07T00:51:18.6822005Z CC_x86_64-unknown-linux-gnu = None
2026-10-07T00:51:18.6822376Z cargo:rerun-if-env-changed=CC_x86_64_unknown_linux_gnu
2026-10-07T00:51:18.6822730Z CC_x86_64_unknown_linux_gnu = None
2026-10-07T00:51:18.6823031Z cargo:rerun-if-env-changed=HOST_CC
2026-10-07T00:51:18.6823318Z HOST_CC = None
2026-10-07T00:51:18.6823560Z cargo:rerun-if-env-changed=CC
2026-10-07T00:51:18.6823840Z CC = None
2026-10-07T00:51:18.6824137Z cargo:rerun-if-env-changed=CC_ENABLE_DEBUG_OUTPUT
2026-10-07T00:51:18.6940057Z cargo:rerun-if-env-changed=CRATE_CC_NO_DEFAULTS
2026-10-07T00:51:18.6941187Z CRATE_CC_NO_DEFAULTS = None
2026-10-07T00:51:18.6942105Z cargo:rerun-if-env-changed=CFLAGS
2026-10-07T00:51:18.6942917Z CFLAGS = None
2026-10-07T00:51:18.6943637Z cargo:rerun-if-env-changed=HOST_CFLAGS
2026-10-07T00:51:18.6944458Z HOST_CFLAGS = None
2026-10-07T00:51:18.6945100Z cargo:rerun-if-env-changed=CFLAGS_x86_64_unknown_linux_gnu
2026-10-07T00:51:18.6945898Z CFLAGS_x86_64_unknown_linux_gnu = None
2026-10-07T00:51:18.6946673Z cargo:rerun-if-env-changed=CFLAGS_x86_64-unknown-linux-gnu
2026-10-07T00:51:18.6947461Z CFLAGS_x86_64-unknown-linux-gnu = None
2026-10-07T00:51:18.7065160Z ##[end-action id=__dtolnay_rust-toolchain.__run_2;outcome=success;conclusion=success;duration_ms=1647]
2026-10-07T00:51:18.7069426Z ##[start-action display=Install rustup if needed on windows;id=__dtolnay_rust-toolchain.__run_3]
2026-10-07T00:51:18.7084232Z ##[end-action id=__dtolnay_rust-toolchain.__run_3;outcome=skipped;conclusion=skipped;duration_ms=0]
2026-10-07T00:51:18.7102724Z ##[start-action display=rustup toolchain install 1.97.1;id=__dtolnay_rust-toolchain.__run_4]
2026-10-07T00:51:18.7148712Z ##[group]Run log=$(mktemp)
2026-10-07T00:51:18.7149176Z [36;1mlog=$(mktemp)[0m
2026-10-07T00:51:18.7150287Z [36;1mtrap 'rm -f "$log"' EXIT[0m
2026-10-07T00:51:18.7150736Z [36;1mfor attempt in 1 2 3 4 5; do[0m
2026-10-07T00:51:18.7151613Z [36;1m  if rustup toolchain install 1.97.1 --profile minimal --no-self-update --force-non-host 2>&1 | tee "$log"; then[0m
2026-10-07T00:51:18.7152430Z [36;1m    break[0m
2026-10-07T00:51:18.7152767Z [36;1m  else[0m
2026-10-07T00:51:18.7153102Z [36;1m    status=$?[0m
2026-10-07T00:51:18.7153450Z [36;1m  fi[0m
2026-10-07T00:51:18.7153897Z [36;1m  if [[ $attempt == 5 ]] || ! grep -Fq 'checksum failed for ' "$log" \[0m
2026-10-07T00:51:18.7154671Z [36;1m      || ! grep -Fq 'this is likely due to an ongoing update of the official release server' "$log"; then[0m
2026-10-07T00:51:18.7155364Z [36;1m    exit "$status"[0m
2026-10-07T00:51:18.7155739Z [36;1m  fi[0m
2026-10-07T00:51:18.7156311Z [36;1m  echo "Retrying rustup toolchain install in 30 seconds (retry $attempt of 4)" >&2[0m
2026-10-07T00:51:18.7157014Z [36;1m  sleep 30[0m
2026-10-07T00:51:18.7157338Z [36;1mdone[0m
2026-10-07T00:51:18.7190620Z shell: /usr/bin/bash --noprofile --norc -e -o pipefail {0}
2026-10-07T00:51:18.7191119Z env:
2026-10-07T00:51:18.7191652Z   CARGO_NET_GIT_FETCH_WITH_CLI: true
2026-10-07T00:51:18.7192060Z   RUSTFLAGS: -D warnings
2026-10-07T00:51:18.7192510Z   CARGO_TARGET_DIR: /home/markik/Code/targets/wgpu-scry-hardware
2026-10-07T00:51:18.7193024Z   XDG_RUNTIME_DIR: /run/user/1000
2026-10-07T00:51:18.7193404Z   WAYLAND_DISPLAY: wayland-0
2026-10-07T00:51:18.7193743Z   DISPLAY: 
2026-10-07T00:51:18.7194102Z   DBUS_SESSION_BUS_ADDRESS: unix:path=/run/user/1000/bus
2026-10-07T00:51:18.7194559Z   XDG_SESSION_TYPE: wayland
2026-10-07T00:51:18.7194907Z   XDG_CURRENT_DESKTOP: GNOME
2026-10-07T00:51:18.7195236Z   WGPU_BACKEND: vulkan
2026-10-07T00:51:18.7195563Z   CARGO_HOME: /home/markik/.cargo
2026-10-07T00:51:18.7195937Z   RUSTUP_PERMIT_COPY_RENAME: 1
2026-10-07T00:51:18.7196281Z ##[endgroup]
2026-10-07T00:51:18.8011109Z info: syncing channel updates for 1.97.1-x86_64-unknown-linux-gnu
2026-10-07T00:51:18.9570978Z 
2026-10-07T00:51:18.9694667Z   1.97.1-x86_64-unknown-linux-gnu unchanged - rustc 1.97.1 (8bab26f4f 2026-07-14)
2026-10-07T00:51:18.9695818Z 
2026-10-07T00:51:18.9757288Z ##[end-action id=__dtolnay_rust-toolchain.__run_4;outcome=success;conclusion=success;duration_ms=265]
2026-10-07T00:51:18.9762243Z ##[start-action display=rustup default 1.97.1;id=__dtolnay_rust-toolchain.__run_5]
2026-10-07T00:51:18.9802970Z ##[group]Run rustup default 1.97.1 --force-non-host
2026-10-07T00:51:18.9803384Z [36;1mrustup default 1.97.1 --force-non-host[0m
2026-10-07T00:51:18.9825959Z shell: /usr/bin/bash --noprofile --norc -e -o pipefail {0}
2026-10-07T00:51:18.9826299Z env:
2026-10-07T00:51:18.9826521Z   CARGO_NET_GIT_FETCH_WITH_CLI: true
2026-10-07T00:51:18.9826795Z   RUSTFLAGS: -D warnings
2026-10-07T00:51:18.9827111Z   CARGO_TARGET_DIR: /home/markik/Code/targets/wgpu-scry-hardware
2026-10-07T00:51:18.9827472Z   XDG_RUNTIME_DIR: /run/user/1000
2026-10-07T00:51:18.9827737Z   WAYLAND_DISPLAY: wayland-0
2026-10-07T00:51:18.9827999Z   DISPLAY: 
2026-10-07T00:51:18.9828342Z   DBUS_SESSION_BUS_ADDRESS: unix:path=/run/user/1000/bus
2026-10-07T00:51:18.9828677Z   XDG_SESSION_TYPE: wayland
2026-10-07T00:51:18.9828937Z   XDG_CURRENT_DESKTOP: GNOME
2026-10-07T00:51:18.9829183Z   WGPU_BACKEND: vulkan
2026-10-07T00:51:18.9829419Z   CARGO_HOME: /home/markik/.cargo
2026-10-07T00:51:18.9829837Z ##[endgroup]
2026-10-07T00:51:18.9944033Z info: using existing install for 1.97.1-x86_64-unknown-linux-gnu
2026-10-07T00:51:18.9953860Z info: default toolchain set to 1.97.1-x86_64-unknown-linux-gnu
2026-10-07T00:51:18.9954329Z 
2026-10-07T00:51:19.0088760Z   1.97.1-x86_64-unknown-linux-gnu unchanged - rustc 1.97.1 (8bab26f4f 2026-07-14)
2026-10-07T00:51:19.0089341Z 
2026-10-07T00:51:19.0090539Z info: note that the toolchain '1.97.1-x86_64-unknown-linux-gnu' is currently in use (overridden by '/home/markik/actions-runner-wgpu/_work/wgpu-scry/wgpu-scry/rust-toolchain.toml')
2026-10-07T00:51:19.0109974Z ##[end-action id=__dtolnay_rust-toolchain.__run_5;outcome=success;conclusion=success;duration_ms=34]
2026-10-07T00:51:19.0113767Z ##[start-action display=Create cachekey;id=__dtolnay_rust-toolchain.rustc-version]
2026-10-07T00:51:19.0161225Z ##[group]Run DATE=$(rustc +1.97.1 --version --verbose | sed -ne 's/^commit-date: \(20[0-9][0-9]\)-\([01][0-9]\)-\([0-3][0-9]\)$/\1\2\3/p')
2026-10-07T00:51:19.0162618Z [36;1mDATE=$(rustc +1.97.1 --version --verbose | sed -ne 's/^commit-date: \(20[0-9][0-9]\)-\([01][0-9]\)-\([0-3][0-9]\)$/\1\2\3/p')[0m
2026-10-07T00:51:19.0163689Z [36;1mHASH=$(rustc +1.97.1 --version --verbose | sed -ne 's/^commit-hash: //p')[0m
2026-10-07T00:51:19.0164480Z [36;1mecho "cachekey=$(echo $DATE$HASH | head -c12)" >> $GITHUB_OUTPUT[0m
2026-10-07T00:51:19.0191971Z shell: /usr/bin/bash --noprofile --norc -e -o pipefail {0}
2026-10-07T00:51:19.0192517Z env:
2026-10-07T00:51:19.0192836Z   CARGO_NET_GIT_FETCH_WITH_CLI: true
2026-10-07T00:51:19.0193250Z   RUSTFLAGS: -D warnings
2026-10-07T00:51:19.0194076Z   CARGO_TARGET_DIR: /home/markik/Code/targets/wgpu-scry-hardware
2026-10-07T00:51:19.0194647Z   XDG_RUNTIME_DIR: /run/user/1000
2026-10-07T00:51:19.0195260Z   WAYLAND_DISPLAY: wayland-0
2026-10-07T00:51:19.0195625Z   DISPLAY: 
2026-10-07T00:51:19.0196005Z   DBUS_SESSION_BUS_ADDRESS: unix:path=/run/user/1000/bus
2026-10-07T00:51:19.0196488Z   XDG_SESSION_TYPE: wayland
2026-10-07T00:51:19.0196850Z   XDG_CURRENT_DESKTOP: GNOME
2026-10-07T00:51:19.0197233Z   WGPU_BACKEND: vulkan
2026-10-07T00:51:19.0197591Z   CARGO_HOME: /home/markik/.cargo
2026-10-07T00:51:19.0197984Z ##[endgroup]
2026-10-07T00:51:19.0698462Z ##[end-action id=__dtolnay_rust-toolchain.rustc-version;outcome=success;conclusion=success;duration_ms=58]
2026-10-07T00:51:19.0702848Z ##[start-action display=Disable incremental compilation;id=__dtolnay_rust-toolchain.__run_6]
2026-10-07T00:51:19.0743471Z ##[group]Run if [ -z "${CARGO_INCREMENTAL+set}" ]; then
2026-10-07T00:51:19.0744068Z [36;1mif [ -z "${CARGO_INCREMENTAL+set}" ]; then[0m
2026-10-07T00:51:19.0744608Z [36;1m  echo CARGO_INCREMENTAL=0 >> $GITHUB_ENV[0m
2026-10-07T00:51:19.0744923Z [36;1mfi[0m
2026-10-07T00:51:19.0766639Z shell: /usr/bin/bash --noprofile --norc -e -o pipefail {0}
2026-10-07T00:51:19.0767035Z env:
2026-10-07T00:51:19.0767256Z   CARGO_NET_GIT_FETCH_WITH_CLI: true
2026-10-07T00:51:19.0767536Z   RUSTFLAGS: -D warnings
2026-10-07T00:51:19.0767873Z   CARGO_TARGET_DIR: /home/markik/Code/targets/wgpu-scry-hardware
2026-10-07T00:51:19.0768246Z   XDG_RUNTIME_DIR: /run/user/1000
2026-10-07T00:51:19.0768518Z   WAYLAND_DISPLAY: wayland-0
2026-10-07T00:51:19.0768769Z   DISPLAY: 
2026-10-07T00:51:19.0769026Z   DBUS_SESSION_BUS_ADDRESS: unix:path=/run/user/1000/bus
2026-10-07T00:51:19.0769358Z   XDG_SESSION_TYPE: wayland
2026-10-07T00:51:19.0769680Z   XDG_CURRENT_DESKTOP: GNOME
2026-10-07T00:51:19.0769932Z   WGPU_BACKEND: vulkan
2026-10-07T00:51:19.0770180Z   CARGO_HOME: /home/markik/.cargo
2026-10-07T00:51:19.0770447Z ##[endgroup]
2026-10-07T00:51:19.0832846Z ##[end-action id=__dtolnay_rust-toolchain.__run_6;outcome=success;conclusion=success;duration_ms=12]
2026-10-07T00:51:19.0835296Z ##[start-action display=Enable colors in Cargo output;id=__dtolnay_rust-toolchain.__run_7]
2026-10-07T00:51:19.0871092Z ##[group]Run if [ -z "${CARGO_TERM_COLOR+set}" ]; then
2026-10-07T00:51:19.0873764Z [36;1mif [ -z "${CARGO_TERM_COLOR+set}" ]; then[0m
2026-10-07T00:51:19.0874406Z [36;1m  echo CARGO_TERM_COLOR=always >> $GITHUB_ENV[0m
2026-10-07T00:51:19.0874880Z [36;1mfi[0m
2026-10-07T00:51:19.0900936Z shell: /usr/bin/bash --noprofile --norc -e -o pipefail {0}
2026-10-07T00:51:19.0901323Z env:
2026-10-07T00:51:19.0901554Z   CARGO_NET_GIT_FETCH_WITH_CLI: true
2026-10-07T00:51:19.0901844Z   RUSTFLAGS: -D warnings
2026-10-07T00:51:19.0902172Z   CARGO_TARGET_DIR: /home/markik/Code/targets/wgpu-scry-hardware
2026-10-07T00:51:19.0902538Z   XDG_RUNTIME_DIR: /run/user/1000
2026-10-07T00:51:19.0902812Z   WAYLAND_DISPLAY: wayland-0
2026-10-07T00:51:19.0903068Z   DISPLAY: 
2026-10-07T00:51:19.0903344Z   DBUS_SESSION_BUS_ADDRESS: unix:path=/run/user/1000/bus
2026-10-07T00:51:19.0903719Z   XDG_SESSION_TYPE: wayland
2026-10-07T00:51:19.0904053Z   XDG_CURRENT_DESKTOP: GNOME
2026-10-07T00:51:19.0904327Z   WGPU_BACKEND: vulkan
2026-10-07T00:51:19.0904566Z   CARGO_HOME: /home/markik/.cargo
2026-10-07T00:51:19.0904824Z   CARGO_INCREMENTAL: 0
2026-10-07T00:51:19.0905056Z ##[endgroup]
2026-10-07T00:51:19.0964333Z ##[end-action id=__dtolnay_rust-toolchain.__run_7;outcome=success;conclusion=success;duration_ms=12]
2026-10-07T00:51:19.0966899Z ##[start-action display=Enable Cargo sparse registry;id=__dtolnay_rust-toolchain.__run_8]
2026-10-07T00:51:19.0992661Z ##[group]Run # implemented in 1.66, stabilized in 1.68, made default in 1.70
2026-10-07T00:51:19.0993217Z [36;1m# implemented in 1.66, stabilized in 1.68, made default in 1.70[0m
2026-10-07T00:51:19.0994006Z [36;1mif [ -z "${CARGO_REGISTRIES_CRATES_IO_PROTOCOL+set}" -o -f "/home/markik/actions-runner-wgpu/_work/_temp"/.implicit_cargo_registries_crates_io_protocol ]; then[0m
2026-10-07T00:51:19.0995013Z [36;1m  if rustc +1.97.1 --version --verbose | grep -q '^release: 1\.6[89]\.'; then[0m
2026-10-07T00:51:19.0995834Z [36;1m    touch "/home/markik/actions-runner-wgpu/_work/_temp"/.implicit_cargo_registries_crates_io_protocol || true[0m
2026-10-07T00:51:19.0996489Z [36;1m    echo CARGO_REGISTRIES_CRATES_IO_PROTOCOL=sparse >> $GITHUB_ENV[0m
2026-10-07T00:51:19.0997003Z [36;1m  elif rustc +1.97.1 --version --verbose | grep -q '^release: 1\.6[67]\.'; then[0m
2026-10-07T00:51:19.0997666Z [36;1m    touch "/home/markik/actions-runner-wgpu/_work/_temp"/.implicit_cargo_registries_crates_io_protocol || true[0m
2026-10-07T00:51:19.0998304Z [36;1m    echo CARGO_REGISTRIES_CRATES_IO_PROTOCOL=git >> $GITHUB_ENV[0m
2026-10-07T00:51:19.0998717Z [36;1m  fi[0m
2026-10-07T00:51:19.0998986Z [36;1mfi[0m
2026-10-07T00:51:19.1021718Z shell: /usr/bin/bash --noprofile --norc -e -o pipefail {0}
2026-10-07T00:51:19.1022067Z env:
2026-10-07T00:51:19.1022288Z   CARGO_NET_GIT_FETCH_WITH_CLI: true
2026-10-07T00:51:19.1022588Z   RUSTFLAGS: -D warnings
2026-10-07T00:51:19.1022905Z   CARGO_TARGET_DIR: /home/markik/Code/targets/wgpu-scry-hardware
2026-10-07T00:51:19.1023285Z   XDG_RUNTIME_DIR: /run/user/1000
2026-10-07T00:51:19.1023550Z   WAYLAND_DISPLAY: wayland-0
2026-10-07T00:51:19.1023787Z   DISPLAY: 
2026-10-07T00:51:19.1031818Z   DBUS_SESSION_BUS_ADDRESS: unix:path=/run/user/1000/bus
2026-10-07T00:51:19.1032318Z   XDG_SESSION_TYPE: wayland
2026-10-07T00:51:19.1032622Z   XDG_CURRENT_DESKTOP: GNOME
2026-10-07T00:51:19.1032877Z   WGPU_BACKEND: vulkan
2026-10-07T00:51:19.1033120Z   CARGO_HOME: /home/markik/.cargo
2026-10-07T00:51:19.1033382Z   CARGO_INCREMENTAL: 0
2026-10-07T00:51:19.1033625Z   CARGO_TERM_COLOR: always
2026-10-07T00:51:19.1033876Z ##[endgroup]
2026-10-07T00:51:19.1450937Z ##[end-action id=__dtolnay_rust-toolchain.__run_8;outcome=success;conclusion=success;duration_ms=48]
2026-10-07T00:51:19.1453467Z ##[start-action display=Work around spurious network errors in curl 8.0;id=__dtolnay_rust-toolchain.__run_9]
2026-10-07T00:51:19.1490005Z ##[group]Run # https://rust-lang.zulipchat.com/#narrow/stream/246057-t-cargo/topic/timeout.20investigation
2026-10-07T00:51:19.1490895Z [36;1m# https://rust-lang.zulipchat.com/#narrow/stream/246057-t-cargo/topic/timeout.20investigation[0m
2026-10-07T00:51:19.1491526Z [36;1mif rustc +1.97.1 --version --verbose | grep -q '^release: 1\.7[01]\.'; then[0m
2026-10-07T00:51:19.1492003Z [36;1m  echo CARGO_HTTP_MULTIPLEXING=false >> $GITHUB_ENV[0m
2026-10-07T00:51:19.1492350Z [36;1mfi[0m
2026-10-07T00:51:19.1513565Z shell: /usr/bin/bash --noprofile --norc -e -o pipefail {0}
2026-10-07T00:51:19.1513920Z env:
2026-10-07T00:51:19.1514153Z   CARGO_NET_GIT_FETCH_WITH_CLI: true
2026-10-07T00:51:19.1514428Z   RUSTFLAGS: -D warnings
2026-10-07T00:51:19.1514752Z   CARGO_TARGET_DIR: /home/markik/Code/targets/wgpu-scry-hardware
2026-10-07T00:51:19.1515131Z   XDG_RUNTIME_DIR: /run/user/1000
2026-10-07T00:51:19.1515401Z   WAYLAND_DISPLAY: wayland-0
2026-10-07T00:51:19.1515648Z   DISPLAY: 
2026-10-07T00:51:19.1515933Z   DBUS_SESSION_BUS_ADDRESS: unix:path=/run/user/1000/bus
2026-10-07T00:51:19.1516275Z   XDG_SESSION_TYPE: wayland
2026-10-07T00:51:19.1516543Z   XDG_CURRENT_DESKTOP: GNOME
2026-10-07T00:51:19.1525804Z   WGPU_BACKEND: vulkan
2026-10-07T00:51:19.1526176Z   CARGO_HOME: /home/markik/.cargo
2026-10-07T00:51:19.1526455Z   CARGO_INCREMENTAL: 0
2026-10-07T00:51:19.1526697Z   CARGO_TERM_COLOR: always
2026-10-07T00:51:19.1526954Z ##[endgroup]
2026-10-07T00:51:19.1772985Z ##[end-action id=__dtolnay_rust-toolchain.__run_9;outcome=success;conclusion=success;duration_ms=31]
2026-10-07T00:51:19.1779871Z ##[start-action display=rustc +1.97.1 --version --verbose;id=__dtolnay_rust-toolchain.__run_10]
2026-10-07T00:51:19.1808549Z ##[group]Run rustc +1.97.1 --version --verbose
2026-10-07T00:51:19.1809055Z [36;1mrustc +1.97.1 --version --verbose[0m
2026-10-07T00:51:19.1833507Z shell: /usr/bin/bash --noprofile --norc -e -o pipefail {0}
2026-10-07T00:51:19.1833936Z env:
2026-10-07T00:51:19.1834638Z   CARGO_NET_GIT_FETCH_WITH_CLI: true
2026-10-07T00:51:19.1835035Z   RUSTFLAGS: -D warnings
2026-10-07T00:51:19.1835717Z   CARGO_TARGET_DIR: /home/markik/Code/targets/wgpu-scry-hardware
2026-10-07T00:51:19.1836094Z   XDG_RUNTIME_DIR: /run/user/1000
2026-10-07T00:51:19.1836425Z   WAYLAND_DISPLAY: wayland-0
2026-10-07T00:51:19.1836705Z   DISPLAY: 
2026-10-07T00:51:19.1836966Z   DBUS_SESSION_BUS_ADDRESS: unix:path=/run/user/1000/bus
2026-10-07T00:51:19.1837294Z   XDG_SESSION_TYPE: wayland
2026-10-07T00:51:19.1837545Z   XDG_CURRENT_DESKTOP: GNOME
2026-10-07T00:51:19.1837794Z   WGPU_BACKEND: vulkan
2026-10-07T00:51:19.1838037Z   CARGO_HOME: /home/markik/.cargo
2026-10-07T00:51:19.1838308Z   CARGO_INCREMENTAL: 0
2026-10-07T00:51:19.1838545Z   CARGO_TERM_COLOR: always
2026-10-07T00:51:19.1838782Z ##[endgroup]
2026-10-07T00:51:19.2031247Z rustc 1.97.1 (8bab26f4f 2026-07-14)
2026-10-07T00:51:19.2031797Z binary: rustc
2026-10-07T00:51:19.2032184Z commit-hash: 8bab26f4f68e0e26f0bb7960be334d5b520ea452
2026-10-07T00:51:19.2032675Z commit-date: 2026-07-14
2026-10-07T00:51:19.2033013Z host: x86_64-unknown-linux-gnu
2026-10-07T00:51:19.2033405Z release: 1.97.1
2026-10-07T00:51:19.2033734Z LLVM version: 22.1.6
2026-10-07T00:51:19.2074095Z ##[end-action id=__dtolnay_rust-toolchain.__run_10;outcome=success;conclusion=success;duration_ms=29]
2026-10-07T00:51:19.2149798Z ##[group]Run test -S "$XDG_RUNTIME_DIR/$WAYLAND_DISPLAY"
2026-10-07T00:51:19.2150365Z [36;1mtest -S "$XDG_RUNTIME_DIR/$WAYLAND_DISPLAY"[0m
2026-10-07T00:51:19.2150688Z [36;1mtest -z "${DISPLAY:-}"[0m
2026-10-07T00:51:19.2151023Z [36;1mpkg-config --atleast-version=2.52 wpe-webkit-2.0[0m
2026-10-07T00:51:19.2151418Z [36;1mbash scripts/test-active-wayland-session.sh[0m
2026-10-07T00:51:19.2151816Z [36;1mbash scripts/assert-active-wayland-session.sh[0m
2026-10-07T00:51:19.2175181Z shell: /usr/bin/bash -e {0}
2026-10-07T00:51:19.2175472Z env:
2026-10-07T00:51:19.2175880Z   CARGO_NET_GIT_FETCH_WITH_CLI: true
2026-10-07T00:51:19.2176160Z   RUSTFLAGS: -D warnings
2026-10-07T00:51:19.2185766Z   CARGO_TARGET_DIR: /home/markik/Code/targets/wgpu-scry-hardware
2026-10-07T00:51:19.2186202Z   XDG_RUNTIME_DIR: /run/user/1000
2026-10-07T00:51:19.2186471Z   WAYLAND_DISPLAY: wayland-0
2026-10-07T00:51:19.2186711Z   DISPLAY: 
2026-10-07T00:51:19.2187005Z   DBUS_SESSION_BUS_ADDRESS: unix:path=/run/user/1000/bus
2026-10-07T00:51:19.2187330Z   XDG_SESSION_TYPE: wayland
2026-10-07T00:51:19.2187579Z   XDG_CURRENT_DESKTOP: GNOME
2026-10-07T00:51:19.2187824Z   WGPU_BACKEND: vulkan
2026-10-07T00:51:19.2188062Z   CARGO_HOME: /home/markik/.cargo
2026-10-07T00:51:19.2188325Z   CARGO_INCREMENTAL: 0
2026-10-07T00:51:19.2188563Z   CARGO_TERM_COLOR: always
2026-10-07T00:51:19.2188813Z ##[endgroup]
2026-10-07T00:51:19.2641263Z PASS: rotated
2026-10-07T00:51:19.2750572Z PASS: inactive
2026-10-07T00:51:19.2865242Z PASS: x11
2026-10-07T00:51:19.2986243Z PASS: other_uid
2026-10-07T00:51:19.3061851Z PASS: no_sessions
2026-10-07T00:51:19.3139093Z PASS: user_lookup_failure
2026-10-07T00:51:19.3264361Z PASS: session_lookup_failure
2026-10-07T00:51:19.3385565Z PASS: missing_type
2026-10-07T00:51:19.3611524Z Verified active Wayland session 7 for runner UID 1000.
2026-10-07T00:51:19.3774898Z ##[group]Run cargo test --locked -p scrying --features wpe --lib worker_constructor_is_refused
2026-10-07T00:51:19.3775603Z [36;1mcargo test --locked -p scrying --features wpe --lib worker_constructor_is_refused[0m
2026-10-07T00:51:19.3795630Z shell: /usr/bin/bash -e {0}
2026-10-07T00:51:19.3795894Z env:
2026-10-07T00:51:19.3796121Z   CARGO_NET_GIT_FETCH_WITH_CLI: true
2026-10-07T00:51:19.3796402Z   RUSTFLAGS: -D warnings
2026-10-07T00:51:19.3796735Z   CARGO_TARGET_DIR: /home/markik/Code/targets/wgpu-scry-hardware
2026-10-07T00:51:19.3797107Z   XDG_RUNTIME_DIR: /run/user/1000
2026-10-07T00:51:19.3797382Z   WAYLAND_DISPLAY: wayland-0
2026-10-07T00:51:19.3797625Z   DISPLAY: 
2026-10-07T00:51:19.3797882Z   DBUS_SESSION_BUS_ADDRESS: unix:path=/run/user/1000/bus
2026-10-07T00:51:19.3798217Z   XDG_SESSION_TYPE: wayland
2026-10-07T00:51:19.3798473Z   XDG_CURRENT_DESKTOP: GNOME
2026-10-07T00:51:19.3798718Z   WGPU_BACKEND: vulkan
2026-10-07T00:51:19.3799241Z   CARGO_HOME: /home/markik/.cargo
2026-10-07T00:51:19.3799566Z   CARGO_INCREMENTAL: 0
2026-10-07T00:51:19.3799801Z   CARGO_TERM_COLOR: always
2026-10-07T00:51:19.3800048Z ##[endgroup]
2026-10-07T00:51:19.6021672Z [1m[92m    Finished[0m `test` profile [unoptimized + debuginfo] target(s) in 0.20s
2026-10-07T00:51:19.6118738Z [1m[92m     Running[0m unittests src/lib.rs (/home/markik/Code/targets/wgpu-scry-hardware/debug/deps/scrying-bc31b0e83a1a28cf)
2026-10-07T00:51:19.6463968Z 
2026-10-07T00:51:19.6464700Z running 1 test
2026-10-07T00:51:19.6474998Z test wpe_producer::producer::tests::worker_constructor_is_refused_before_webkit_initialization ... ok
2026-10-07T00:51:19.6475926Z 
2026-10-07T00:51:19.6476540Z test result: ok. 1 passed; 0 failed; 0 ignored; 0 measured; 58 filtered out; finished in 0.00s
2026-10-07T00:51:19.6477315Z 
2026-10-07T00:51:19.6657600Z ##[group]Run set -o pipefail
2026-10-07T00:51:19.6658078Z [36;1mset -o pipefail[0m
2026-10-07T00:51:19.6668082Z [36;1mlog_file="$(mktemp)"[0m
2026-10-07T00:51:19.6668515Z [36;1mtrap 'rm -f "$log_file"' EXIT[0m
2026-10-07T00:51:19.6668880Z [36;1mif ! cargo test --locked -p scrying --features wpe \[0m
2026-10-07T00:51:19.6669274Z [36;1m  --test wpe_to_vulkan_roundtrip -- \[0m
2026-10-07T00:51:19.6669766Z [36;1m  --ignored --nocapture --test-threads=1 \[0m
2026-10-07T00:51:19.6670094Z [36;1m  2>&1 | tee "$log_file"; then[0m
2026-10-07T00:51:19.6670370Z [36;1m  exit 1[0m
2026-10-07T00:51:19.6670580Z [36;1mfi[0m
2026-10-07T00:51:19.6670952Z [36;1mif ! grep -Fq 'NATIVE WPE GATE PASS: wpe_to_vulkan_roundtrip' "$log_file"; then[0m
2026-10-07T00:51:19.6671502Z [36;1m  echo 'Native WPE gate did not complete on the process main thread.'[0m
2026-10-07T00:51:19.6671892Z [36;1m  exit 1[0m
2026-10-07T00:51:19.6672105Z [36;1mfi[0m
2026-10-07T00:51:19.6672386Z [36;1mif grep -q 'SKIP:' "$log_file"; then[0m
2026-10-07T00:51:19.6672895Z [36;1m  echo 'WPE Vulkan pixel gate emitted SKIP; hardware prerequisites were expected to be present.'[0m
2026-10-07T00:51:19.6673381Z [36;1m  exit 1[0m
2026-10-07T00:51:19.6673593Z [36;1mfi[0m
2026-10-07T00:51:19.6694810Z shell: /usr/bin/bash -e {0}
2026-10-07T00:51:19.6695097Z env:
2026-10-07T00:51:19.6695322Z   CARGO_NET_GIT_FETCH_WITH_CLI: true
2026-10-07T00:51:19.6695604Z   RUSTFLAGS: -D warnings
2026-10-07T00:51:19.6695926Z   CARGO_TARGET_DIR: /home/markik/Code/targets/wgpu-scry-hardware
2026-10-07T00:51:19.6696292Z   XDG_RUNTIME_DIR: /run/user/1000
2026-10-07T00:51:19.6696557Z   WAYLAND_DISPLAY: wayland-0
2026-10-07T00:51:19.6696799Z   DISPLAY: 
2026-10-07T00:51:19.6697054Z   DBUS_SESSION_BUS_ADDRESS: unix:path=/run/user/1000/bus
2026-10-07T00:51:19.6697389Z   XDG_SESSION_TYPE: wayland
2026-10-07T00:51:19.6697639Z   XDG_CURRENT_DESKTOP: GNOME
2026-10-07T00:51:19.6697891Z   WGPU_BACKEND: vulkan
2026-10-07T00:51:19.6698159Z   CARGO_HOME: /home/markik/.cargo
2026-10-07T00:51:19.6698422Z   CARGO_INCREMENTAL: 0
2026-10-07T00:51:19.6698654Z   CARGO_TERM_COLOR: always
2026-10-07T00:51:19.6698892Z ##[endgroup]
2026-10-07T00:51:19.8832080Z [1m[92m    Finished[0m `test` profile [unoptimized + debuginfo] target(s) in 0.19s
2026-10-07T00:51:19.8932409Z [1m[92m     Running[0m tests/wpe_to_vulkan_roundtrip.rs (/home/markik/Code/targets/wgpu-scry-hardware/debug/deps/wpe_to_vulkan_roundtrip-8433a6e0fb9e5e98)
2026-10-07T00:51:20.1999902Z wpe→vk: 1024x768 fourcc=0x34325258 mod=0x020000044051ba01 planes=2
2026-10-07T00:51:20.2001080Z wpe→vk:   plane[0]: fd=34 st_ino=930 offset=0 stride=4096
2026-10-07T00:51:20.2002058Z wpe→vk:   plane[1]: fd=35 st_ino=930 offset=3145728 stride=1024
2026-10-07T00:51:20.2002613Z wgpu instance flags: InstanceFlags(DEBUG | VALIDATION) (VK_LAYER_KHRONOS_validation requested)
2026-10-07T00:51:20.2749640Z wpe→vk: wgpu Vulkan host up
2026-10-07T00:51:20.2761270Z wpe→vk: imported texture 1024x768 format=Bgra8UnormSrgb gen=2
2026-10-07T00:51:20.2966436Z wpe→vk: pixel-correctness OK (64×64 center sample all within ±8 of BGRA=[255, 144, 30, 255])
2026-10-07T00:51:20.3038524Z NATIVE WPE GATE PASS: wpe_to_vulkan_roundtrip
2026-10-07T00:51:20.3491306Z ##[group]Run set -o pipefail
2026-10-07T00:51:20.3491636Z [36;1mset -o pipefail[0m
2026-10-07T00:51:20.3491887Z [36;1mlog_file="$(mktemp)"[0m
2026-10-07T00:51:20.3492154Z [36;1mtrap 'rm -f "$log_file"' EXIT[0m
2026-10-07T00:51:20.3492507Z [36;1mif ! cargo test --locked -p scrying --features wpe \[0m
2026-10-07T00:51:20.3492968Z [36;1m  --test wpe_input -- --ignored --nocapture --test-threads=1 \[0m
2026-10-07T00:51:20.3493353Z [36;1m  2>&1 | tee "$log_file"; then[0m
2026-10-07T00:51:20.3493632Z [36;1m  exit 1[0m
2026-10-07T00:51:20.3493837Z [36;1mfi[0m
2026-10-07T00:51:20.3494139Z [36;1mif ! grep -Fq 'NATIVE WPE GATE PASS: wpe_input' "$log_file"; then[0m
2026-10-07T00:51:20.3494635Z [36;1m  echo 'Native WPE gate did not complete on the process main thread.'[0m
2026-10-07T00:51:20.3495051Z [36;1m  exit 1[0m
2026-10-07T00:51:20.3495262Z [36;1mfi[0m
2026-10-07T00:51:20.3495505Z [36;1mif grep -q 'SKIP:' "$log_file"; then[0m
2026-10-07T00:51:20.3496072Z [36;1m  echo 'WPE page-side input gate emitted SKIP; hardware prerequisites were expected to be present.'[0m
2026-10-07T00:51:20.3496564Z [36;1m  exit 1[0m
2026-10-07T00:51:20.3496775Z [36;1mfi[0m
2026-10-07T00:51:20.3516179Z shell: /usr/bin/bash -e {0}
2026-10-07T00:51:20.3516435Z env:
2026-10-07T00:51:20.3516657Z   CARGO_NET_GIT_FETCH_WITH_CLI: true
2026-10-07T00:51:20.3516938Z   RUSTFLAGS: -D warnings
2026-10-07T00:51:20.3517257Z   CARGO_TARGET_DIR: /home/markik/Code/targets/wgpu-scry-hardware
2026-10-07T00:51:20.3517634Z   XDG_RUNTIME_DIR: /run/user/1000
2026-10-07T00:51:20.3517904Z   WAYLAND_DISPLAY: wayland-0
2026-10-07T00:51:20.3518146Z   DISPLAY: 
2026-10-07T00:51:20.3518403Z   DBUS_SESSION_BUS_ADDRESS: unix:path=/run/user/1000/bus
2026-10-07T00:51:20.3518744Z   XDG_SESSION_TYPE: wayland
2026-10-07T00:51:20.3518996Z   XDG_CURRENT_DESKTOP: GNOME
2026-10-07T00:51:20.3519244Z   WGPU_BACKEND: vulkan
2026-10-07T00:51:20.3519559Z   CARGO_HOME: /home/markik/.cargo
2026-10-07T00:51:20.3519841Z   CARGO_INCREMENTAL: 0
2026-10-07T00:51:20.3520075Z   CARGO_TERM_COLOR: always
2026-10-07T00:51:20.3520313Z ##[endgroup]
2026-10-07T00:51:20.5625084Z [1m[92m    Finished[0m `test` profile [unoptimized + debuginfo] target(s) in 0.19s
2026-10-07T00:51:20.5715760Z [1m[92m     Running[0m tests/wpe_input.rs (/home/markik/Code/targets/wgpu-scry-hardware/debug/deps/wpe_input-827701bf2986d88f)
2026-10-07T00:51:20.8217881Z input smoke: page-side pointer listeners ready
2026-10-07T00:51:20.9239318Z input smoke: first frame 1024x768
2026-10-07T00:51:20.9351988Z input smoke: page received pointer move: wpe-input:move:512:384
2026-10-07T00:51:20.9353657Z input smoke: ignoring unrelated page message "wpe-input:move:512:384"
2026-10-07T00:51:20.9520328Z input smoke: page received button down: wpe-input:down:512:384
2026-10-07T00:51:20.9521745Z input smoke: ignoring unrelated page message "wpe-input:down:512:384"
2026-10-07T00:51:20.9625283Z input smoke: page received button up: wpe-input:up:512:384
2026-10-07T00:51:20.9626133Z input smoke: ignoring unrelated page message "wpe-input:up:512:384"
2026-10-07T00:51:20.9795679Z input smoke: page received scroll: wpe-input:scroll:512:384
2026-10-07T00:51:20.9889083Z input smoke: chrome.webview.postMessage round-trip = Some("hi from page")
2026-10-07T00:51:20.9976976Z input smoke: cookie round-trip OK (1 cookie(s) returned for example.test)
2026-10-07T00:51:21.0020046Z input smoke: post-input frame 1024x768
2026-10-07T00:51:21.0021439Z NATIVE WPE GATE PASS: wpe_input
2026-10-07T00:51:21.0536137Z Post job cleanup.
2026-10-07T00:51:21.0825584Z Released host hardware lock at /tmp/merely-wgpu-hardware-lock/host.lock
2026-10-07T00:51:21.0994507Z Post job cleanup.
2026-10-07T00:51:21.1952403Z [command]/usr/bin/git version
2026-10-07T00:51:21.1999766Z git version 2.55.0
2026-10-07T00:51:21.2029252Z Copying '/home/markik/.gitconfig' to '/home/markik/actions-runner-wgpu/_work/_temp/91727fd8-67f4-40dd-bf45-5e1e7d626ba0/.gitconfig'
2026-10-07T00:51:21.2041292Z Temporarily overriding HOME='/home/markik/actions-runner-wgpu/_work/_temp/91727fd8-67f4-40dd-bf45-5e1e7d626ba0' before making global git config changes
2026-10-07T00:51:21.2043158Z Adding repository directory to the temporary git global config as a safe directory
2026-10-07T00:51:21.2066517Z [command]/usr/bin/git config --global --add safe.directory /home/markik/actions-runner-wgpu/_work/wgpu-scry/wgpu-scry/.host-hardware-lock
2026-10-07T00:51:21.2107220Z Removing SSH command configuration
2026-10-07T00:51:21.2117081Z [command]/usr/bin/git config --local --name-only --get-regexp core\.sshCommand
2026-10-07T00:51:21.2170094Z [command]/usr/bin/git submodule foreach --recursive sh -c "git config --local --name-only --get-regexp 'core\.sshCommand' && git config --local --unset-all 'core.sshCommand' || :"
2026-10-07T00:51:21.2561019Z Removing HTTP extra header
2026-10-07T00:51:21.2565435Z [command]/usr/bin/git config --local --name-only --get-regexp http\.https\:\/\/github\.com\/\.extraheader
2026-10-07T00:51:21.2610783Z [command]/usr/bin/git submodule foreach --recursive sh -c "git config --local --name-only --get-regexp 'http\.https\:\/\/github\.com\/\.extraheader' && git config --local --unset-all 'http.https://github.com/.extraheader' || :"
2026-10-07T00:51:21.3013772Z Removing includeIf entries pointing to credentials config files
2026-10-07T00:51:21.3023750Z [command]/usr/bin/git config --local --name-only --get-regexp ^includeIf\.gitdir:
2026-10-07T00:51:21.3060182Z includeif.gitdir:/home/markik/actions-runner-wgpu/_work/wgpu-scry/wgpu-scry/.host-hardware-lock/.git.path
2026-10-07T00:51:21.3062017Z includeif.gitdir:/home/markik/actions-runner-wgpu/_work/wgpu-scry/wgpu-scry/.host-hardware-lock/.git/worktrees/*.path
2026-10-07T00:51:21.3063484Z includeif.gitdir:/github/workspace/.host-hardware-lock/.git.path
2026-10-07T00:51:21.3064604Z includeif.gitdir:/github/workspace/.host-hardware-lock/.git/worktrees/*.path
2026-10-07T00:51:21.3070447Z [command]/usr/bin/git config --local --get-all includeif.gitdir:/home/markik/actions-runner-wgpu/_work/wgpu-scry/wgpu-scry/.host-hardware-lock/.git.path
2026-10-07T00:51:21.3111503Z /home/markik/actions-runner-wgpu/_work/_temp/git-credentials-649f4e51-66bf-430a-a048-8ae2aaf9251c.config
2026-10-07T00:51:21.3123408Z [command]/usr/bin/git config --local --unset includeif.gitdir:/home/markik/actions-runner-wgpu/_work/wgpu-scry/wgpu-scry/.host-hardware-lock/.git.path \/home\/markik\/actions\-runner\-wgpu\/_work\/_temp\/git\-credentials\-649f4e51\-66bf\-430a\-a048\-8ae2aaf9251c\.config
2026-10-07T00:51:21.3174090Z [command]/usr/bin/git config --local --get-all includeif.gitdir:/home/markik/actions-runner-wgpu/_work/wgpu-scry/wgpu-scry/.host-hardware-lock/.git/worktrees/*.path
2026-10-07T00:51:21.3211904Z /home/markik/actions-runner-wgpu/_work/_temp/git-credentials-649f4e51-66bf-430a-a048-8ae2aaf9251c.config
2026-10-07T00:51:21.3222672Z [command]/usr/bin/git config --local --unset includeif.gitdir:/home/markik/actions-runner-wgpu/_work/wgpu-scry/wgpu-scry/.host-hardware-lock/.git/worktrees/*.path \/home\/markik\/actions\-runner\-wgpu\/_work\/_temp\/git\-credentials\-649f4e51\-66bf\-430a\-a048\-8ae2aaf9251c\.config
2026-10-07T00:51:21.3278653Z [command]/usr/bin/git config --local --get-all includeif.gitdir:/github/workspace/.host-hardware-lock/.git.path
2026-10-07T00:51:21.3317618Z /github/runner_temp/git-credentials-649f4e51-66bf-430a-a048-8ae2aaf9251c.config
2026-10-07T00:51:21.3339074Z [command]/usr/bin/git config --local --unset includeif.gitdir:/github/workspace/.host-hardware-lock/.git.path \/github\/runner_temp\/git\-credentials\-649f4e51\-66bf\-430a\-a048\-8ae2aaf9251c\.config
2026-10-07T00:51:21.3384935Z [command]/usr/bin/git config --local --get-all includeif.gitdir:/github/workspace/.host-hardware-lock/.git/worktrees/*.path
2026-10-07T00:51:21.3420489Z /github/runner_temp/git-credentials-649f4e51-66bf-430a-a048-8ae2aaf9251c.config
2026-10-07T00:51:21.3428892Z [command]/usr/bin/git config --local --unset includeif.gitdir:/github/workspace/.host-hardware-lock/.git/worktrees/*.path \/github\/runner_temp\/git\-credentials\-649f4e51\-66bf\-430a\-a048\-8ae2aaf9251c\.config
2026-10-07T00:51:21.3475680Z [command]/usr/bin/git submodule foreach --recursive git config --local --show-origin --name-only --get-regexp remote.origin.url
2026-10-07T00:51:21.3862581Z Removing credentials config '/home/markik/actions-runner-wgpu/_work/_temp/git-credentials-649f4e51-66bf-430a-a048-8ae2aaf9251c.config'
2026-10-07T00:51:21.4082507Z Post job cleanup.
2026-10-07T00:51:21.5154326Z [command]/usr/bin/git version
2026-10-07T00:51:21.5207571Z git version 2.55.0
2026-10-07T00:51:21.5239873Z Copying '/home/markik/.gitconfig' to '/home/markik/actions-runner-wgpu/_work/_temp/5c2a75ff-b6c7-44b9-8521-d2a9e36ced2f/.gitconfig'
2026-10-07T00:51:21.5253782Z Temporarily overriding HOME='/home/markik/actions-runner-wgpu/_work/_temp/5c2a75ff-b6c7-44b9-8521-d2a9e36ced2f' before making global git config changes
2026-10-07T00:51:21.5254644Z Adding repository directory to the temporary git global config as a safe directory
2026-10-07T00:51:21.5272485Z [command]/usr/bin/git config --global --add safe.directory /home/markik/actions-runner-wgpu/_work/wgpu-scry/wgpu-scry
2026-10-07T00:51:21.5328663Z Removing SSH command configuration
2026-10-07T00:51:21.5336900Z [command]/usr/bin/git config --local --name-only --get-regexp core\.sshCommand
2026-10-07T00:51:21.5392211Z [command]/usr/bin/git submodule foreach --recursive sh -c "git config --local --name-only --get-regexp 'core\.sshCommand' && git config --local --unset-all 'core.sshCommand' || :"
2026-10-07T00:51:21.5813356Z Removing HTTP extra header
2026-10-07T00:51:21.5819591Z [command]/usr/bin/git config --local --name-only --get-regexp http\.https\:\/\/github\.com\/\.extraheader
2026-10-07T00:51:21.5870748Z [command]/usr/bin/git submodule foreach --recursive sh -c "git config --local --name-only --get-regexp 'http\.https\:\/\/github\.com\/\.extraheader' && git config --local --unset-all 'http.https://github.com/.extraheader' || :"
2026-10-07T00:51:21.6281817Z Removing includeIf entries pointing to credentials config files
2026-10-07T00:51:21.6289177Z [command]/usr/bin/git config --local --name-only --get-regexp ^includeIf\.gitdir:
2026-10-07T00:51:21.6328335Z includeif.gitdir:/home/markik/actions-runner-wgpu/_work/wgpu-scry/wgpu-scry/.git.path
2026-10-07T00:51:21.6330045Z includeif.gitdir:/home/markik/actions-runner-wgpu/_work/wgpu-scry/wgpu-scry/.git/worktrees/*.path
2026-10-07T00:51:21.6331244Z includeif.gitdir:/github/workspace/.git.path
2026-10-07T00:51:21.6332071Z includeif.gitdir:/github/workspace/.git/worktrees/*.path
2026-10-07T00:51:21.6344261Z [command]/usr/bin/git config --local --get-all includeif.gitdir:/home/markik/actions-runner-wgpu/_work/wgpu-scry/wgpu-scry/.git.path
2026-10-07T00:51:21.6389087Z /home/markik/actions-runner-wgpu/_work/_temp/git-credentials-f52c9976-f248-48b0-adac-56f0c2c4224d.config
2026-10-07T00:51:21.6402101Z [command]/usr/bin/git config --local --unset includeif.gitdir:/home/markik/actions-runner-wgpu/_work/wgpu-scry/wgpu-scry/.git.path \/home\/markik\/actions\-runner\-wgpu\/_work\/_temp\/git\-credentials\-f52c9976\-f248\-48b0\-adac\-56f0c2c4224d\.config
2026-10-07T00:51:21.6453260Z [command]/usr/bin/git config --local --get-all includeif.gitdir:/home/markik/actions-runner-wgpu/_work/wgpu-scry/wgpu-scry/.git/worktrees/*.path
2026-10-07T00:51:21.6494669Z /home/markik/actions-runner-wgpu/_work/_temp/git-credentials-f52c9976-f248-48b0-adac-56f0c2c4224d.config
2026-10-07T00:51:21.6505099Z [command]/usr/bin/git config --local --unset includeif.gitdir:/home/markik/actions-runner-wgpu/_work/wgpu-scry/wgpu-scry/.git/worktrees/*.path \/home\/markik\/actions\-runner\-wgpu\/_work\/_temp\/git\-credentials\-f52c9976\-f248\-48b0\-adac\-56f0c2c4224d\.config
2026-10-07T00:51:21.6550711Z [command]/usr/bin/git config --local --get-all includeif.gitdir:/github/workspace/.git.path
2026-10-07T00:51:21.6582964Z /github/runner_temp/git-credentials-f52c9976-f248-48b0-adac-56f0c2c4224d.config
2026-10-07T00:51:21.6592501Z [command]/usr/bin/git config --local --unset includeif.gitdir:/github/workspace/.git.path \/github\/runner_temp\/git\-credentials\-f52c9976\-f248\-48b0\-adac\-56f0c2c4224d\.config
2026-10-07T00:51:21.6640311Z [command]/usr/bin/git config --local --get-all includeif.gitdir:/github/workspace/.git/worktrees/*.path
2026-10-07T00:51:21.6672782Z /github/runner_temp/git-credentials-f52c9976-f248-48b0-adac-56f0c2c4224d.config
2026-10-07T00:51:21.6681413Z [command]/usr/bin/git config --local --unset includeif.gitdir:/github/workspace/.git/worktrees/*.path \/github\/runner_temp\/git\-credentials\-f52c9976\-f248\-48b0\-adac\-56f0c2c4224d\.config
2026-10-07T00:51:21.6727162Z [command]/usr/bin/git submodule foreach --recursive git config --local --show-origin --name-only --get-regexp remote.origin.url
2026-10-07T00:51:21.7173032Z Removing credentials config '/home/markik/actions-runner-wgpu/_work/_temp/git-credentials-f52c9976-f248-48b0-adac-56f0c2c4224d.config'
2026-10-07T00:51:21.7365352Z Cleaning up orphan processes
